Archive member included to satisfy reference by file (symbol)

/nix/store/4vfqcxpwpgf9ynv23li3wsqi8yigi25i-gcc-arm-embedded-12.3.rel1/bin/../lib/gcc/arm-none-eabi/12.3.1/thumb/v6-m/nofp/libgcc.a(_dvmd_tls.o)
                              CMakeFiles/base_node.dir/home/runner/workspace/pico-sdk/src/rp2_common/pico_divider/divider_hardware.S.o (__aeabi_idiv0)
/nix/store/4vfqcxpwpgf9ynv23li3wsqi8yigi25i-gcc-arm-embedded-12.3.rel1/bin/../lib/gcc/arm-none-eabi/12.3.1/../../../../arm-none-eabi/lib/thumb/v6-m/nofp/libg.a(libc_a-strncmp.o)
                              CMakeFiles/base_node.dir/main.c.o (strncmp)
/nix/store/4vfqcxpwpgf9ynv23li3wsqi8yigi25i-gcc-arm-embedded-12.3.rel1/bin/../lib/gcc/arm-none-eabi/12.3.1/../../../../arm-none-eabi/lib/thumb/v6-m/nofp/libg.a(libc_a-sscanf.o)
                              CMakeFiles/base_node.dir/main.c.o (sscanf)
/nix/store/4vfqcxpwpgf9ynv23li3wsqi8yigi25i-gcc-arm-embedded-12.3.rel1/bin/../lib/gcc/arm-none-eabi/12.3.1/../../../../arm-none-eabi/lib/thumb/v6-m/nofp/libg.a(libc_a-stdio.o)
                              /nix/store/4vfqcxpwpgf9ynv23li3wsqi8yigi25i-gcc-arm-embedded-12.3.rel1/bin/../lib/gcc/arm-none-eabi/12.3.1/../../../../arm-none-eabi/lib/thumb/v6-m/nofp/libg.a(libc_a-sscanf.o) (__seofread)
/nix/store/4vfqcxpwpgf9ynv23li3wsqi8yigi25i-gcc-arm-embedded-12.3.rel1/bin/../lib/gcc/arm-none-eabi/12.3.1/../../../../arm-none-eabi/lib/thumb/v6-m/nofp/libg.a(libc_a-lcltime_r.o)
                              CMakeFiles/base_node.dir/home/runner/workspace/pico-sdk/src/common/pico_util/datetime.c.o (localtime_r)
/nix/store/4vfqcxpwpgf9ynv23li3wsqi8yigi25i-gcc-arm-embedded-12.3.rel1/bin/../lib/gcc/arm-none-eabi/12.3.1/../../../../arm-none-eabi/lib/thumb/v6-m/nofp/libg.a(libc_a-mktime.o)
                              CMakeFiles/base_node.dir/home/runner/workspace/pico-sdk/src/common/pico_util/datetime.c.o (mktime)
/nix/store/4vfqcxpwpgf9ynv23li3wsqi8yigi25i-gcc-arm-embedded-12.3.rel1/bin/../lib/gcc/arm-none-eabi/12.3.1/../../../../arm-none-eabi/lib/thumb/v6-m/nofp/libg.a(libc_a-writer.o)
                              /nix/store/4vfqcxpwpgf9ynv23li3wsqi8yigi25i-gcc-arm-embedded-12.3.rel1/bin/../lib/gcc/arm-none-eabi/12.3.1/../../../../arm-none-eabi/lib/thumb/v6-m/nofp/libg.a(libc_a-stdio.o) (_write_r)
/nix/store/4vfqcxpwpgf9ynv23li3wsqi8yigi25i-gcc-arm-embedded-12.3.rel1/bin/../lib/gcc/arm-none-eabi/12.3.1/../../../../arm-none-eabi/lib/thumb/v6-m/nofp/libg.a(libc_a-month_lengths.o)
                              /nix/store/4vfqcxpwpgf9ynv23li3wsqi8yigi25i-gcc-arm-embedded-12.3.rel1/bin/../lib/gcc/arm-none-eabi/12.3.1/../../../../arm-none-eabi/lib/thumb/v6-m/nofp/libg.a(libc_a-lcltime_r.o) (__month_lengths)
/nix/store/4vfqcxpwpgf9ynv23li3wsqi8yigi25i-gcc-arm-embedded-12.3.rel1/bin/../lib/gcc/arm-none-eabi/12.3.1/../../../../arm-none-eabi/lib/thumb/v6-m/nofp/libg.a(libc_a-tzcalc_limits.o)
                              /nix/store/4vfqcxpwpgf9ynv23li3wsqi8yigi25i-gcc-arm-embedded-12.3.rel1/bin/../lib/gcc/arm-none-eabi/12.3.1/../../../../arm-none-eabi/lib/thumb/v6-m/nofp/libg.a(libc_a-lcltime_r.o) (__tzcalc_limits)
/nix/store/4vfqcxpwpgf9ynv23li3wsqi8yigi25i-gcc-arm-embedded-12.3.rel1/bin/../lib/gcc/arm-none-eabi/12.3.1/../../../../arm-none-eabi/lib/thumb/v6-m/nofp/libg.a(libc_a-tzlock.o)
                              /nix/store/4vfqcxpwpgf9ynv23li3wsqi8yigi25i-gcc-arm-embedded-12.3.rel1/bin/../lib/gcc/arm-none-eabi/12.3.1/../../../../arm-none-eabi/lib/thumb/v6-m/nofp/libg.a(libc_a-lcltime_r.o) (__tz_lock)
/nix/store/4vfqcxpwpgf9ynv23li3wsqi8yigi25i-gcc-arm-embedded-12.3.rel1/bin/../lib/gcc/arm-none-eabi/12.3.1/../../../../arm-none-eabi/lib/thumb/v6-m/nofp/libg.a(libc_a-svfscanf.o)
                              /nix/store/4vfqcxpwpgf9ynv23li3wsqi8yigi25i-gcc-arm-embedded-12.3.rel1/bin/../lib/gcc/arm-none-eabi/12.3.1/../../../../arm-none-eabi/lib/thumb/v6-m/nofp/libg.a(libc_a-sscanf.o) (__ssvfscanf_r)
/nix/store/4vfqcxpwpgf9ynv23li3wsqi8yigi25i-gcc-arm-embedded-12.3.rel1/bin/../lib/gcc/arm-none-eabi/12.3.1/../../../../arm-none-eabi/lib/thumb/v6-m/nofp/libg.a(libc_a-malloc.o)
                              CMakeFiles/base_node.dir/home/runner/workspace/pico-sdk/src/rp2_common/pico_malloc/malloc.c.o (malloc)
/nix/store/4vfqcxpwpgf9ynv23li3wsqi8yigi25i-gcc-arm-embedded-12.3.rel1/bin/../lib/gcc/arm-none-eabi/12.3.1/../../../../arm-none-eabi/lib/thumb/v6-m/nofp/libg.a(libc_a-mallocr.o)
                              /nix/store/4vfqcxpwpgf9ynv23li3wsqi8yigi25i-gcc-arm-embedded-12.3.rel1/bin/../lib/gcc/arm-none-eabi/12.3.1/../../../../arm-none-eabi/lib/thumb/v6-m/nofp/libg.a(libc_a-malloc.o) (_malloc_r)
/nix/store/4vfqcxpwpgf9ynv23li3wsqi8yigi25i-gcc-arm-embedded-12.3.rel1/bin/../lib/gcc/arm-none-eabi/12.3.1/../../../../arm-none-eabi/lib/thumb/v6-m/nofp/libg.a(libc_a-memcmp.o)
                              CMakeFiles/base_node.dir/home/runner/workspace/pico-sdk/src/rp2_common/pico_atomic/atomic.c.o (memcmp)
[...]
Memory Configuration

Name             Origin             Length             Attributes
FLASH            0x10000000         0x00200000         xr
RAM              0x20000000         0x00040000         xrw
SCRATCH_X        0x20040000         0x00001000         xrw
SCRATCH_Y        0x20041000         0x00001000         xrw
*default*        0x00000000         0xffffffff

Linker script and memory map

LOAD /nix/store/4vfqcxpwpgf9ynv23li3wsqi8yigi25i-gcc-arm-embedded-12.3.rel1/bin/../lib/gcc/arm-none-eabi/12.3.1/thumb/v6-m/nofp/crti.o
LOAD /nix/store/4vfqcxpwpgf9ynv23li3wsqi8yigi25i-gcc-arm-embedded-12.3.rel1/bin/../lib/gcc/arm-none-eabi/12.3.1/thumb/v6-m/nofp/crtbegin.o
LOAD /nix/store/4vfqcxpwpgf9ynv23li3wsqi8yigi25i-gcc-arm-embedded-12.3.rel1/bin/../lib/gcc/arm-none-eabi/12.3.1/../../../../arm-none-eabi/lib/thumb/v6-m/nofp/crt0.o

.flash_begin    0x10000000        0x0
                0x10000000                        __flash_binary_start = .

.boot2          0x10000000      0x100
                0x10000000                        __boot2_start__ = .
 *(.boot2)
 .boot2         0x10000000      0x100 pico-sdk/src/rp2040/boot_stage2/CMakeFiles/bs2_default_library.dir/bs2_default_padded_checksummed.S.o
                0x10000100                        __boot2_end__ = .
                0x00000001                        ASSERT (((__boot2_end__ - __boot2_start__) == 0x100), ERROR: Pico second stage bootloader must be 256 bytes in size)

.text           0x10000100     0xa4d0
                0x10000100                        __logical_binary_start = .
 *(.vectors)
 .vectors       0x10000100       0xd4 CMakeFiles/base_node.dir/home/runner/workspace/pico-sdk/src/rp2_common/pico_crt0/crt0.S.o
                0x10000100                __vectors
                0x10000100                __VECTOR_TABLE
                0x100001c0                isr_invalid
                0x100001c0                __default_isrs_start
                0x100001c2                isr_nmi
                0x100001c4                isr_hardfault
                0x100001c6                isr_svcall
                0x100001c8                isr_pendsv
                0x100001ca                isr_systick
                0x100001cc                isr_irq30
                0x100001cc                __unhandled_user_irq
                0x100001cc                isr_irq13
                0x100001cc                isr_irq27
                0x100001cc                isr_irq31
                0x100001cc                isr_irq5
                0x100001cc                isr_irq11
                0x100001cc                isr_irq23
                0x100001cc                isr_irq18
                0x100001cc                isr_irq28
                0x100001cc                isr_irq19
                0x100001cc                isr_irq0
                0x100001cc                isr_irq6
                0x100001cc                isr_irq22
                0x100001cc                isr_irq17
                0x100001cc                isr_irq14
                0x100001cc                isr_irq2
                0x100001cc                isr_irq10
                0x100001cc                isr_irq8
                0x100001cc                isr_irq24
                0x100001cc                isr_irq1
                0x100001cc                isr_irq7
                0x100001cc                isr_irq21
                0x100001cc                isr_irq20
                0x100001cc                isr_irq15
                0x100001cc                isr_irq25
                0x100001cc                isr_irq4
                0x100001cc                isr_irq16
                0x100001cc                isr_irq29
                0x100001cc                isr_irq26
                0x100001cc                __default_isrs_end
                0x100001cc                isr_irq3
                0x100001cc                isr_irq12
                0x100001cc                isr_irq9
                0x100001d2                unhandled_user_irq_num_in_r0
 *(.binary_info_header)
 .binary_info_header
                0x100001d4       0x14 CMakeFiles/base_node.dir/home/runner/workspace/pico-sdk/src/rp2_common/pico_crt0/crt0.S.o
                0x100001e8                        __binary_info_header_end = .
 *(.embedded_block)
                0x100001e8                        __embedded_block_end = .
 *(.reset)
 .reset         0x100001e8       0x9c CMakeFiles/base_node.dir/home/runner/workspace/pico-sdk/src/rp2_common/pico_crt0/crt0.S.o
                0x100001e8                _entry_point
 *(.init)
 .init          0x10000284        0x4 /nix/store/4vfqcxpwpgf9ynv23li3wsqi8yigi25i-gcc-arm-embedded-12.3.rel1/bin/../lib/gcc/arm-none-eabi/12.3.1/thumb/v6-m/nofp/crti.o
                0x10000284                _init
 *(EXCLUDE_FILE(*libm.a: *libc.a:*lib_a-mem*.o *libgcc.a:) .text*)
 .text.register_tm_clones
                0x10000288       0x28 /nix/store/4vfqcxpwpgf9ynv23li3wsqi8yigi25i-gcc-arm-embedded-12.3.rel1/bin/../lib/gcc/arm-none-eabi/12.3.1/thumb/v6-m/nofp/crtbegin.o
 .text.frame_dummy
                0x100002b0       0x24 /nix/store/4vfqcxpwpgf9ynv23li3wsqi8yigi25i-gcc-arm-embedded-12.3.rel1/bin/../lib/gcc/arm-none-eabi/12.3.1/thumb/v6-m/nofp/crtbegin.o
 .text.process_uart_packets.part.0
                0x100002d4      0x190 CMakeFiles/base_node.dir/main.c.o
 .text.setup_hardware
                0x10000464       0x20 CMakeFiles/base_node.dir/main.c.o
                0x10000464                setup_hardware
 .text.parse_console_command
                0x10000484      0x1ec CMakeFiles/base_node.dir/main.c.o
                0x10000484                parse_console_command
 .text.print_sensor_data
                0x10000670      0x160 CMakeFiles/base_node.dir/main.c.o
                0x10000670                print_sensor_data
 .text.process_console_command
                0x100007d0      0x1b0 CMakeFiles/base_node.dir/main.c.o
                0x100007d0                process_console_command
 .text.startup.main
                0x10000980      0x18c CMakeFiles/base_node.dir/main.c.o
                0x10000980                main
 .text.uart_protocol_init
                0x10000b0c       0x40 CMakeFiles/base_node.dir/uart_protocol.c.o
                0x10000b0c                uart_protocol_init
 .text.uart_protocol_send_command
                0x10000b4c      0x210 CMakeFiles/base_node.dir/uart_protocol.c.o
                0x10000b4c                uart_protocol_send_command
 .text.uart_protocol_send_ack
                0x10000d5c       0xbc CMakeFiles/base_node.dir/uart_protocol.c.o
                0x10000d5c                uart_protocol_send_ack
 .text.uart_protocol_send_ping
                0x10000e18       0xa0 CMakeFiles/base_node.dir/uart_protocol.c.o
                0x10000e18                uart_protocol_send_ping
 .text.uart_protocol_data_available
                0x10000eb8       0x14 CMakeFiles/base_node.dir/uart_protocol.c.o
                0x10000eb8                uart_protocol_data_available
 .text.uart_protocol_receive_packet
                0x10000ecc      0x244 CMakeFiles/base_node.dir/uart_protocol.c.o
                0x10000ecc                uart_protocol_receive_packet
 .text.uart_protocol_parse_light_data
                0x10001110       0x48 CMakeFiles/base_node.dir/uart_protocol.c.o
                0x10001110                uart_protocol_parse_light_data
 .text.gpio_set_function
                0x10001158       0x34 CMakeFiles/base_node.dir/home/runner/workspace/pico-sdk/src/rp2_common/hardware_gpio/gpio.c.o
                0x10001158                gpio_set_function
 .text.gpio_init
                0x1000118c       0x40 CMakeFiles/base_node.dir/home/runner/workspace/pico-sdk/src/rp2_common/hardware_gpio/gpio.c.o
                0x1000118c                gpio_init
 .text.panic    0x100011cc       0x30 CMakeFiles/base_node.dir/home/runner/workspace/pico-sdk/src/rp2_common/pico_platform_panic/panic.c.o
                0x100011cc                panic
 .text.hw_claim_or_assert
                0x100011fc       0x44 CMakeFiles/base_node.dir/home/runner/workspace/pico-sdk/src/common/hardware_claim/claim.c.o
                0x100011fc                hw_claim_or_assert
 .text.next_striped_spin_lock_num
                0x10001240       0x18 CMakeFiles/base_node.dir/home/runner/workspace/pico-sdk/src/rp2_common/hardware_sync/sync.c.o
                0x10001240                next_striped_spin_lock_num
 .text.spin_locks_reset
                0x10001258       0x1c CMakeFiles/base_node.dir/home/runner/workspace/pico-sdk/src/rp2_common/hardware_sync_spin_lock/sync_spin_lock.c.o
                0x10001258                spin_locks_reset
 .text.runtime_init_per_core_irq_priorities
                0x10001274       0x24 CMakeFiles/base_node.dir/home/runner/workspace/pico-sdk/src/rp2_common/hardware_irq/irq.c.o
                0x10001274                runtime_init_per_core_irq_priorities
 .text.irq_set_enabled
                0x10001298       0x24 CMakeFiles/base_node.dir/home/runner/workspace/pico-sdk/src/rp2_common/hardware_irq/irq.c.o
                0x10001298                irq_set_enabled
 .text.irq_set_exclusive_handler
                0x100012bc       0x54 CMakeFiles/base_node.dir/home/runner/workspace/pico-sdk/src/rp2_common/hardware_irq/irq.c.o
                0x100012bc                irq_set_exclusive_handler
 .text.lock_init
                0x10001310       0x10 CMakeFiles/base_node.dir/home/runner/workspace/pico-sdk/src/common/pico_sync/lock_core.c.o
                0x10001310                lock_init
 .text.runtime_init_mutex
                0x10001320       0x60 CMakeFiles/base_node.dir/home/runner/workspace/pico-sdk/src/common/pico_sync/mutex.c.o
                0x10001320                runtime_init_mutex
 .text.sleep_until_callback
                0x10001380       0x30 CMakeFiles/base_node.dir/home/runner/workspace/pico-sdk/src/common/pico_time/time.c.o
 .text.alarm_pool_irq_handler
                0x100013b0      0x2fc CMakeFiles/base_node.dir/home/runner/workspace/pico-sdk/src/common/pico_time/time.c.o
 .text.runtime_init_default_alarm_pool
                0x100016ac       0xdc CMakeFiles/base_node.dir/home/runner/workspace/pico-sdk/src/common/pico_time/time.c.o
                0x100016ac                runtime_init_default_alarm_pool
 .text.alarm_pool_add_alarm_at_force_in_context
                0x10001788       0xb0 CMakeFiles/base_node.dir/home/runner/workspace/pico-sdk/src/common/pico_time/time.c.o
                0x10001788                alarm_pool_add_alarm_at_force_in_context
 .text.alarm_pool_cancel_alarm
                0x10001838       0x74 CMakeFiles/base_node.dir/home/runner/workspace/pico-sdk/src/common/pico_time/time.c.o
                0x10001838                alarm_pool_cancel_alarm
 .text.sleep_until
                0x100018ac       0xd8 CMakeFiles/base_node.dir/home/runner/workspace/pico-sdk/src/common/pico_time/time.c.o
                0x100018ac                sleep_until
 .text.sleep_ms
                0x10001984       0x38 CMakeFiles/base_node.dir/home/runner/workspace/pico-sdk/src/common/pico_time/time.c.o
                0x10001984                sleep_ms
 .text.best_effort_wfe_or_timeout
                0x100019bc       0xf8 CMakeFiles/base_node.dir/home/runner/workspace/pico-sdk/src/common/pico_time/time.c.o
                0x100019bc                best_effort_wfe_or_timeout
 .text.timer_hardware_alarm_claim
                0x10001ab4       0x14 CMakeFiles/base_node.dir/home/runner/workspace/pico-sdk/src/rp2_common/hardware_timer/timer.c.o
                0x10001ab4                timer_hardware_alarm_claim
 .text.timer_time_us_64
                0x10001ac8       0x10 CMakeFiles/base_node.dir/home/runner/workspace/pico-sdk/src/rp2_common/hardware_timer/timer.c.o
                0x10001ac8                timer_time_us_64
 .text.time_us_64
                0x10001ad8       0x14 CMakeFiles/base_node.dir/home/runner/workspace/pico-sdk/src/rp2_common/hardware_timer/timer.c.o
                0x10001ad8                time_us_64
 .text.busy_wait_us
                0x10001aec       0x68 CMakeFiles/base_node.dir/home/runner/workspace/pico-sdk/src/rp2_common/hardware_timer/timer.c.o
                0x10001aec                busy_wait_us
 .text.busy_wait_until
                0x10001b54       0x20 CMakeFiles/base_node.dir/home/runner/workspace/pico-sdk/src/rp2_common/hardware_timer/timer.c.o
                0x10001b54                busy_wait_until
 .text.uart_init
                0x10001b74      0x11c CMakeFiles/base_node.dir/home/runner/workspace/pico-sdk/src/rp2_common/hardware_uart/uart.c.o
                0x10001b74                uart_init
 .text.uart_set_fifo_enabled
                0x10001c90       0x5c CMakeFiles/base_node.dir/home/runner/workspace/pico-sdk/src/rp2_common/hardware_uart/uart.c.o
                0x10001c90                uart_set_fifo_enabled
 .text.uart_is_readable_within_us
                0x10001cec       0x24 CMakeFiles/base_node.dir/home/runner/workspace/pico-sdk/src/rp2_common/hardware_uart/uart.c.o
                0x10001cec                uart_is_readable_within_us
 .text.clock_configure_int_divider
                0x10001d10       0xf0 CMakeFiles/base_node.dir/home/runner/workspace/pico-sdk/src/rp2_common/hardware_clocks/clocks.c.o
                0x10001d10                clock_configure_int_divider
 .text.clock_configure_undivided
                0x10001e00       0xe4 CMakeFiles/base_node.dir/home/runner/workspace/pico-sdk/src/rp2_common/hardware_clocks/clocks.c.o
                0x10001e00                clock_configure_undivided
 .text.clock_get_hz
                0x10001ee4        0xc CMakeFiles/base_node.dir/home/runner/workspace/pico-sdk/src/rp2_common/hardware_clocks/clocks.c.o
                0x10001ee4                clock_get_hz
 .text.pll_init
                0x10001ef0       0xa0 CMakeFiles/base_node.dir/home/runner/workspace/pico-sdk/src/rp2_common/hardware_pll/pll.c.o
                0x10001ef0                pll_init
 .text.tick_start
                0x10001f90       0x10 CMakeFiles/base_node.dir/home/runner/workspace/pico-sdk/src/rp2_common/hardware_ticks/ticks.c.o
                0x10001f90                tick_start
 .text.rom_func_lookup
                0x10001fa0       0x10 CMakeFiles/base_node.dir/home/runner/workspace/pico-sdk/src/rp2_common/pico_bootrom/bootrom.c.o
                0x10001fa0                rom_func_lookup
 .text.rom_data_lookup
                0x10001fb0       0x10 CMakeFiles/base_node.dir/home/runner/workspace/pico-sdk/src/rp2_common/pico_bootrom/bootrom.c.o
                0x10001fb0                rom_data_lookup
 .text.rom_funcs_lookup
                0x10001fc0       0x44 CMakeFiles/base_node.dir/home/runner/workspace/pico-sdk/src/rp2_common/pico_bootrom/bootrom.c.o
                0x10001fc0                rom_funcs_lookup
 .text.xosc_init
                0x10002004       0x28 CMakeFiles/base_node.dir/home/runner/workspace/pico-sdk/src/rp2_common/hardware_xosc/xosc.c.o
                0x10002004                xosc_init
 .text.first_per_core_initializer
                0x1000202c        0x4 CMakeFiles/base_node.dir/home/runner/workspace/pico-sdk/src/rp2_common/pico_runtime/runtime.c.o
 .text.hard_assertion_failure
                0x10002030        0xc CMakeFiles/base_node.dir/home/runner/workspace/pico-sdk/src/rp2_common/pico_runtime/runtime.c.o
                0x10002030                hard_assertion_failure
 .text.runtime_run_initializers
                0x1000203c       0x28 CMakeFiles/base_node.dir/home/runner/workspace/pico-sdk/src/rp2_common/pico_runtime/runtime.c.o
                0x1000203c                runtime_run_initializers
 .text.runtime_init_early_resets
                0x10002064       0x2c CMakeFiles/base_node.dir/home/runner/workspace/pico-sdk/src/rp2_common/pico_runtime_init/runtime_init.c.o
                0x10002064                runtime_init_early_resets
 .text.runtime_init_usb_power_down
                0x10002090       0x1c CMakeFiles/base_node.dir/home/runner/workspace/pico-sdk/src/rp2_common/pico_runtime_init/runtime_init.c.o
                0x10002090                runtime_init_usb_power_down
 .text.runtime_init_post_clock_resets
                0x100020ac       0x20 CMakeFiles/base_node.dir/home/runner/workspace/pico-sdk/src/rp2_common/pico_runtime_init/runtime_init.c.o
                0x100020ac                runtime_init_post_clock_resets
 .text.runtime_init_rp2040_gpio_ie_disable
                0x100020cc       0x14 CMakeFiles/base_node.dir/home/runner/workspace/pico-sdk/src/rp2_common/pico_runtime_init/runtime_init.c.o
                0x100020cc                runtime_init_rp2040_gpio_ie_disable
 .text.runtime_init_spin_locks_reset
                0x100020e0        0x8 CMakeFiles/base_node.dir/home/runner/workspace/pico-sdk/src/rp2_common/pico_runtime_init/runtime_init.c.o
                0x100020e0                runtime_init_spin_locks_reset
 .text.runtime_init_install_ram_vector_table
                0x100020e8       0x1c CMakeFiles/base_node.dir/home/runner/workspace/pico-sdk/src/rp2_common/pico_runtime_init/runtime_init.c.o
                0x100020e8                runtime_init_install_ram_vector_table
 .text.runtime_init_clocks
                0x10002104       0xd8 CMakeFiles/base_node.dir/home/runner/workspace/pico-sdk/src/rp2_common/pico_runtime_init/runtime_init_clocks.c.o
                0x10002104                runtime_init_clocks
 .text          0x100021dc       0x10 CMakeFiles/base_node.dir/home/runner/workspace/pico-sdk/src/rp2_common/pico_bit_ops/bit_ops_aeabi.S.o
 .text.__wrap___aeabi_idiv
                0x100021ec       0x50 CMakeFiles/base_node.dir/home/runner/workspace/pico-sdk/src/rp2_common/pico_divider/divider_hardware.S.o
                0x100021ec                __wrap___aeabi_idivmod
                0x100021ec                divmod_s32s32
                0x100021ec                div_s32s32
                0x100021ec                __wrap___aeabi_idiv
                0x100021f4                divmod_s32s32_unsafe
                0x10002220                divmod_s32s32_savestate
 .text.__wrap___aeabi_uidiv
                0x1000223c       0x4c CMakeFiles/base_node.dir/home/runner/workspace/pico-sdk/src/rp2_common/pico_divider/divider_hardware.S.o
                0x1000223c                __wrap___aeabi_uidiv
                0x1000223c                __wrap___aeabi_uidivmod
                0x1000223c                div_u32u32
                0x1000223c                divmod_u32u32
                0x10002244                divmod_u32u32_unsafe
                0x1000226c                divmod_u32u32_savestate
 .text.__wrap___aeabi_ldiv
                0x10002288      0x424 CMakeFiles/base_node.dir/home/runner/workspace/pico-sdk/src/rp2_common/pico_divider/divider_hardware.S.o
                0x10002288                div_s64s64
                0x10002288                divmod_s64s64
                0x10002288                __wrap___aeabi_ldivmod
                0x100022b8                div_u64u64
                0x100022b8                divmod_u64u64
                0x100022b8                __wrap___aeabi_uldivmod
                0x100022c8                divmod_u64u64_savestate
                0x100022e8                divmod_s64s64_unsafe
                0x10002370                divmod_u64u64_unsafe
 .text.__wrap___aeabi_darithmetic
                0x100026ac       0x80 CMakeFiles/base_node.dir/home/runner/workspace/pico-sdk/src/rp2_common/pico_double/double_aeabi_rp2040.S.o
                0x100026ac                __wrap___aeabi_drsub
                0x100026b2                __wrap___aeabi_dsub
                0x100026c4                __wrap___aeabi_dadd
                0x100026d6                __wrap___aeabi_ddiv
                0x10002712                __wrap___aeabi_dmul
 .text.__wrap___aeabi_cdcmple
                0x1000272c       0x6c CMakeFiles/base_node.dir/home/runner/workspace/pico-sdk/src/rp2_common/pico_double/double_aeabi_rp2040.S.o
                0x1000272c                __wrap___aeabi_cdrcmple
                0x1000273c                __wrap___aeabi_cdcmple
                0x1000273c                __wrap___aeabi_cdcmpeq
 .text.__wrap___aeabi_dcmpeq
                0x10002798       0x10 CMakeFiles/base_node.dir/home/runner/workspace/pico-sdk/src/rp2_common/pico_double/double_aeabi_rp2040.S.o
                0x10002798                __wrap___aeabi_dcmpeq
 .text.__wrap___aeabi_dcmplt
                0x100027a8        0xc CMakeFiles/base_node.dir/home/runner/workspace/pico-sdk/src/rp2_common/pico_double/double_aeabi_rp2040.S.o
                0x100027a8                __wrap___aeabi_dcmplt
 .text.__wrap___aeabi_dcmple
                0x100027b4       0x10 CMakeFiles/base_node.dir/home/runner/workspace/pico-sdk/src/rp2_common/pico_double/double_aeabi_rp2040.S.o
                0x100027b4                __wrap___aeabi_dcmple
 .text.__wrap___aeabi_dcmpge
                0x100027c4       0x10 CMakeFiles/base_node.dir/home/runner/workspace/pico-sdk/src/rp2_common/pico_double/double_aeabi_rp2040.S.o
                0x100027c4                __wrap___aeabi_dcmpge
 .text.__wrap___aeabi_dcmpgt
                0x100027d4        0xa CMakeFiles/base_node.dir/home/runner/workspace/pico-sdk/src/rp2_common/pico_double/double_aeabi_rp2040.S.o
                0x100027d4                __wrap___aeabi_dcmpgt
 .text.__wrap___aeabi_dcmpun
                0x100027de       0x18 CMakeFiles/base_node.dir/home/runner/workspace/pico-sdk/src/rp2_common/pico_double/double_aeabi_rp2040.S.o
                0x100027de                __wrap___aeabi_dcmpun
 *fill*         0x100027f6        0x2 
 .text.__wrap___aeabi_i2d
                0x100027f8       0x38 CMakeFiles/base_node.dir/home/runner/workspace/pico-sdk/src/rp2_common/pico_double/double_aeabi_rp2040.S.o
                0x100027f8                __wrap___aeabi_ui2d
                0x100027f8                uint2double
                0x10002800                __wrap___aeabi_i2d
                0x10002800                int2double
 .text.__wrap___aeabi_d2iz
                0x10002830       0x48 CMakeFiles/base_node.dir/home/runner/workspace/pico-sdk/src/rp2_common/pico_double/double_aeabi_rp2040.S.o
                0x10002830                __wrap___aeabi_d2iz
                0x10002830                double2int_z
 .text.__wrap___aeabi_d2uiz
                0x10002878       0x18 CMakeFiles/base_node.dir/home/runner/workspace/pico-sdk/src/rp2_common/pico_double/double_aeabi_rp2040.S.o
                0x10002878                double2uint_z
                0x10002878                double2uint
                0x10002878                __wrap___aeabi_d2uiz
 .text.__wrap___aeabi_l2d
                0x10002890       0x18 CMakeFiles/base_node.dir/home/runner/workspace/pico-sdk/src/rp2_common/pico_double/double_aeabi_rp2040.S.o
                0x10002890                __wrap___aeabi_l2d
                0x10002890                int642double
 .text.__wrap___aeabi_d2lz
                0x100028a8       0x26 CMakeFiles/base_node.dir/home/runner/workspace/pico-sdk/src/rp2_common/pico_double/double_aeabi_rp2040.S.o
                0x100028a8                __wrap___aeabi_d2lz
                0x100028a8                double2int64_z
 *fill*         0x100028ce        0x2 
 .text.double2int64
                0x100028d0       0x18 CMakeFiles/base_node.dir/home/runner/workspace/pico-sdk/src/rp2_common/pico_double/double_aeabi_rp2040.S.o
                0x100028d0                double2int64
 .text.double2ufix64
                0x100028e8       0x18 CMakeFiles/base_node.dir/home/runner/workspace/pico-sdk/src/rp2_common/pico_double/double_aeabi_rp2040.S.o
                0x100028e8                double2ufix64
                0x100028e8                double2ufix64_z
 .text.__wrap___aeabi_d2f
                0x10002900       0x18 CMakeFiles/base_node.dir/home/runner/workspace/pico-sdk/src/rp2_common/pico_double/double_aeabi_rp2040.S.o
                0x10002900                __wrap___aeabi_d2f
 .text.__aeabi_double_init
                0x10002918       0xa4 CMakeFiles/base_node.dir/home/runner/workspace/pico-sdk/src/rp2_common/pico_double/double_init_rom_rp2040.c.o
                0x10002918                __aeabi_double_init
 .text.double_table_shim_on_use_helper
                0x100029bc       0x2c CMakeFiles/base_node.dir/home/runner/workspace/pico-sdk/src/rp2_common/pico_double/double_v1_rom_shim_rp2040.S.o
                0x100029bc                double_table_shim_on_use_helper
 .text.__wrap___aeabi_dsub
                0x100029e8       0x10 CMakeFiles/base_node.dir/home/runner/workspace/pico-sdk/src/rp2_common/pico_double/double_v1_rom_shim_rp2040.S.o
                0x100029e8                drsub_shim
                0x100029ee                dsub_shim
 .text.dadd_shim
                0x100029f8      0x15c CMakeFiles/base_node.dir/home/runner/workspace/pico-sdk/src/rp2_common/pico_double/double_v1_rom_shim_rp2040.S.o
                0x100029f8                dadd_shim
 .text.dmul_shim
                0x10002b54      0x15c CMakeFiles/base_node.dir/home/runner/workspace/pico-sdk/src/rp2_common/pico_double/double_v1_rom_shim_rp2040.S.o
                0x10002b54                dmul_shim
 .text.ddiv_shim
                0x10002cb0      0x1b0 CMakeFiles/base_node.dir/home/runner/workspace/pico-sdk/src/rp2_common/pico_double/double_v1_rom_shim_rp2040.S.o
                0x10002cb0                ddiv_shim
 .text.double2uint_shim
                0x10002e60        0xe CMakeFiles/base_node.dir/home/runner/workspace/pico-sdk/src/rp2_common/pico_double/double_v1_rom_shim_rp2040.S.o
                0x10002e60                double2uint_shim
                0x10002e62                double2ufix_shim
 .text.double2int64_shim
                0x10002e6e       0x1a CMakeFiles/base_node.dir/home/runner/workspace/pico-sdk/src/rp2_common/pico_double/double_v1_rom_shim_rp2040.S.o
                0x10002e6e                double2int64_shim
                0x10002e70                double2fix64_shim
 .text.double2uint64_shim
                0x10002e88       0x70 CMakeFiles/base_node.dir/home/runner/workspace/pico-sdk/src/rp2_common/pico_double/double_v1_rom_shim_rp2040.S.o
                0x10002e88                double2uint64_shim
                0x10002e8a                double2ufix64_shim
                0x10002eaa                d2fix_a
 .text.double2float_shim
                0x10002ef8       0x5c CMakeFiles/base_node.dir/home/runner/workspace/pico-sdk/src/rp2_common/pico_double/double_v1_rom_shim_rp2040.S.o
                0x10002ef8                double2float_shim
 .text.x2double_shims
                0x10002f54       0x90 CMakeFiles/base_node.dir/home/runner/workspace/pico-sdk/src/rp2_common/pico_double/double_v1_rom_shim_rp2040.S.o
                0x10002f54                uint2double_shim
                0x10002f56                ufix2double_shim
                0x10002f5c                int2double_shim
                0x10002f5e                fix2double_shim
                0x10002f64                uint642double_shim
                0x10002f66                ufix642double_shim
                0x10002f6c                int642double_shim
                0x10002f6e                fix642double_shim
 .text.dunpacks
                0x10002fe4       0x3c CMakeFiles/base_node.dir/home/runner/workspace/pico-sdk/src/rp2_common/pico_double/double_v1_rom_shim_rp2040.S.o
                0x10002fe4                dunpacks
 .text.__aeabi_lmul
                0x10003020       0x32 CMakeFiles/base_node.dir/home/runner/workspace/pico-sdk/src/rp2_common/pico_int64_ops/pico_int64_ops_aeabi.S.o
                0x10003020                __wrap___aeabi_lmul
 .text.__wrap___aeabi_f2iz
                0x10003052       0x4e CMakeFiles/base_node.dir/home/runner/workspace/pico-sdk/src/rp2_common/pico_float/float_aeabi_rp2040.S.o
                0x10003052                __wrap___aeabi_f2iz
                0x10003052                float2int_z
 .text.float2int
                0x100030a0       0x14 CMakeFiles/base_node.dir/home/runner/workspace/pico-sdk/src/rp2_common/pico_float/float_aeabi_rp2040.S.o
                0x100030a0                float2int
 .text.__wrap___aeabi_f2uiz
                0x100030b4        0xc CMakeFiles/base_node.dir/home/runner/workspace/pico-sdk/src/rp2_common/pico_float/float_aeabi_rp2040.S.o
                0x100030b4                float2uint
                0x100030b4                float2uint_z
                0x100030b4                __wrap___aeabi_f2uiz
 .text.__wrap___aeabi_f2d
                0x100030c0       0x14 CMakeFiles/base_node.dir/home/runner/workspace/pico-sdk/src/rp2_common/pico_float/float_aeabi_rp2040.S.o
                0x100030c0                __wrap___aeabi_f2d
 .text.__aeabi_float_init
                0x100030d4       0x64 CMakeFiles/base_node.dir/home/runner/workspace/pico-sdk/src/rp2_common/pico_float/float_init_rom_rp2040.c.o
                0x100030d4                __aeabi_float_init
 .text.float_table_shim_on_use_helper
                0x10003138       0x2c CMakeFiles/base_node.dir/home/runner/workspace/pico-sdk/src/rp2_common/pico_float/float_v1_rom_shim_rp2040.S.o
                0x10003138                float_table_shim_on_use_helper
 .text.float232_shims
                0x10003164       0x18 CMakeFiles/base_node.dir/home/runner/workspace/pico-sdk/src/rp2_common/pico_float/float_v1_rom_shim_rp2040.S.o
                0x10003164                float2int_shim
                0x10003166                float2fix_shim
 .text.float2double_shim
                0x1000317c       0x30 CMakeFiles/base_node.dir/home/runner/workspace/pico-sdk/src/rp2_common/pico_float/float_v1_rom_shim_rp2040.S.o
                0x1000317c                float2double_shim
 .text.__wrap_malloc
                0x100031ac       0x24 CMakeFiles/base_node.dir/home/runner/workspace/pico-sdk/src/rp2_common/pico_malloc/malloc.c.o
                0x100031ac                __wrap_malloc
 .text.__wrap_realloc
                0x100031d0       0x24 CMakeFiles/base_node.dir/home/runner/workspace/pico-sdk/src/rp2_common/pico_malloc/malloc.c.o
                0x100031d0                __wrap_realloc
 .text.__wrap_free
                0x100031f4        0x8 CMakeFiles/base_node.dir/home/runner/workspace/pico-sdk/src/rp2_common/pico_malloc/malloc.c.o
                0x100031f4                __wrap_free
 .text          0x100031fc       0x10 CMakeFiles/base_node.dir/home/runner/workspace/pico-sdk/src/rp2_common/pico_mem_ops/mem_ops_aeabi.S.o
                0x100031fc                __aeabi_mem_init
 .text.memset   0x1000320c        0xc CMakeFiles/base_node.dir/home/runner/workspace/pico-sdk/src/rp2_common/pico_mem_ops/mem_ops_aeabi.S.o
                0x1000320c                __wrap_memset
 .text.memcpy   0x10003218        0xc CMakeFiles/base_node.dir/home/runner/workspace/pico-sdk/src/rp2_common/pico_mem_ops/mem_ops_aeabi.S.o
                0x10003218                __wrap___aeabi_memcpy
                0x10003218                __wrap_memcpy
 .text._out_buffer
                0x10003224        0x8 CMakeFiles/base_node.dir/home/runner/workspace/pico-sdk/src/rp2_common/pico_printf/printf.c.o
 .text._out_null
                0x1000322c        0x4 CMakeFiles/base_node.dir/home/runner/workspace/pico-sdk/src/rp2_common/pico_printf/printf.c.o
 .text._out_rev
                0x10003230       0x90 CMakeFiles/base_node.dir/home/runner/workspace/pico-sdk/src/rp2_common/pico_printf/printf.c.o
 .text._ntoa_format
                0x100032c0      0x208 CMakeFiles/base_node.dir/home/runner/workspace/pico-sdk/src/rp2_common/pico_printf/printf.c.o
 .text._out_char
                0x100034c8       0x10 CMakeFiles/base_node.dir/home/runner/workspace/pico-sdk/src/rp2_common/pico_printf/printf.c.o
 .text._out_fct
                0x100034d8       0x10 CMakeFiles/base_node.dir/home/runner/workspace/pico-sdk/src/rp2_common/pico_printf/printf.c.o
 .text._etoa    0x100034e8      0x464 CMakeFiles/base_node.dir/home/runner/workspace/pico-sdk/src/rp2_common/pico_printf/printf.c.o
 .text._ftoa    0x1000394c      0x3c4 CMakeFiles/base_node.dir/home/runner/workspace/pico-sdk/src/rp2_common/pico_printf/printf.c.o
 .text._vsnprintf
                0x10003d10      0xc18 CMakeFiles/base_node.dir/home/runner/workspace/pico-sdk/src/rp2_common/pico_printf/printf.c.o
 .text.__wrap_sprintf
                0x10004928       0x2c CMakeFiles/base_node.dir/home/runner/workspace/pico-sdk/src/rp2_common/pico_printf/printf.c.o
                0x10004928                __wrap_sprintf
 .text.vfctprintf
                0x10004954       0x20 CMakeFiles/base_node.dir/home/runner/workspace/pico-sdk/src/rp2_common/pico_printf/printf.c.o
                0x10004954                vfctprintf
 .text.weak_raw_printf
                0x10004974       0x40 CMakeFiles/base_node.dir/home/runner/workspace/pico-sdk/src/rp2_common/pico_printf/printf.c.o
                0x10004974                weak_raw_printf
 .text.weak_raw_vprintf
                0x100049b4       0x30 CMakeFiles/base_node.dir/home/runner/workspace/pico-sdk/src/rp2_common/pico_printf/printf.c.o
                0x100049b4                weak_raw_vprintf
 .text._exit    0x100049e4        0x4 CMakeFiles/base_node.dir/home/runner/workspace/pico-sdk/src/rp2_common/pico_clib_interface/newlib_interface.c.o
                0x100049e4                _exit
 .text._sbrk    0x100049e8       0x34 CMakeFiles/base_node.dir/home/runner/workspace/pico-sdk/src/rp2_common/pico_clib_interface/newlib_interface.c.o
                0x100049e8                _sbrk
 .text.exit     0x10004a1c        0x8 CMakeFiles/base_node.dir/home/runner/workspace/pico-sdk/src/rp2_common/pico_clib_interface/newlib_interface.c.o
                0x10004a1c                exit
 .text.__assert_func
                0x10004a24       0x38 CMakeFiles/base_node.dir/home/runner/workspace/pico-sdk/src/rp2_common/pico_clib_interface/newlib_interface.c.o
                0x10004a24                __assert_func
 .text.runtime_init
                0x10004a5c       0x2c CMakeFiles/base_node.dir/home/runner/workspace/pico-sdk/src/rp2_common/pico_clib_interface/newlib_interface.c.o
                0x10004a5c                runtime_init
 .text.stdio_out_chars_no_crlf
                0x10004a88       0x10 CMakeFiles/base_node.dir/home/runner/workspace/pico-sdk/src/rp2_common/pico_stdio/stdio.c.o
 .text.stdio_out_chars_crlf
                0x10004a98       0x94 CMakeFiles/base_node.dir/home/runner/workspace/pico-sdk/src/rp2_common/pico_stdio/stdio.c.o
 .text.stdio_buffered_printer
                0x10004b2c       0x64 CMakeFiles/base_node.dir/home/runner/workspace/pico-sdk/src/rp2_common/pico_stdio/stdio.c.o
 .text.stdio_put_string
                0x10004b90      0x100 CMakeFiles/base_node.dir/home/runner/workspace/pico-sdk/src/rp2_common/pico_stdio/stdio.c.o
                0x10004b90                stdio_put_string
 .text.stdio_init_all
                0x10004c90        0x4 CMakeFiles/base_node.dir/home/runner/workspace/pico-sdk/src/rp2_common/pico_stdio/stdio.c.o
                0x10004c90                stdio_init_all
 .text.stdio_getchar_timeout_us
                0x10004c94       0x98 CMakeFiles/base_node.dir/home/runner/workspace/pico-sdk/src/rp2_common/pico_stdio/stdio.c.o
                0x10004c94                stdio_getchar_timeout_us
 .text.__wrap_putchar
                0x10004d2c       0x98 CMakeFiles/base_node.dir/home/runner/workspace/pico-sdk/src/rp2_common/pico_stdio/stdio.c.o
                0x10004d2c                stdio_putchar
                0x10004d2c                __wrap_putchar
 .text.__wrap_puts
                0x10004dc4       0x3c CMakeFiles/base_node.dir/home/runner/workspace/pico-sdk/src/rp2_common/pico_stdio/stdio.c.o
                0x10004dc4                __wrap_puts
                0x10004dc4                stdio_puts
 .text.__wrap_vprintf
                0x10004e00       0xd4 CMakeFiles/base_node.dir/home/runner/workspace/pico-sdk/src/rp2_common/pico_stdio/stdio.c.o
                0x10004e00                __wrap_vprintf
                0x10004e00                stdio_vprintf
 .text.__wrap_printf
                0x10004ed4       0x18 CMakeFiles/base_node.dir/home/runner/workspace/pico-sdk/src/rp2_common/pico_stdio/stdio.c.o
                0x10004ed4                stdio_printf
                0x10004ed4                __wrap_printf
 .text.strncmp  0x10004eec       0x68 /nix/store/4vfqcxpwpgf9ynv23li3wsqi8yigi25i-gcc-arm-embedded-12.3.rel1/bin/../lib/gcc/arm-none-eabi/12.3.1/../../../../arm-none-eabi/lib/thumb/v6-m/nofp/libg.a(libc_a-strncmp.o)
                0x10004eec                strncmp
 .text.sscanf   0x10004f54       0x50 /nix/store/4vfqcxpwpgf9ynv23li3wsqi8yigi25i-gcc-arm-embedded-12.3.rel1/bin/../lib/gcc/arm-none-eabi/12.3.1/../../../../arm-none-eabi/lib/thumb/v6-m/nofp/libg.a(libc_a-sscanf.o)
                0x10004f54                sscanf
 .text.__seofread
                0x10004fa4        0x4 /nix/store/4vfqcxpwpgf9ynv23li3wsqi8yigi25i-gcc-arm-embedded-12.3.rel1/bin/../lib/gcc/arm-none-eabi/12.3.1/../../../../arm-none-eabi/lib/thumb/v6-m/nofp/libg.a(libc_a-stdio.o)
                0x10004fa4                __seofread
 .text.__ssvfscanf_r
                0x10004fa8     0x18d4 /nix/store/4vfqcxpwpgf9ynv23li3wsqi8yigi25i-gcc-arm-embedded-12.3.rel1/bin/../lib/gcc/arm-none-eabi/12.3.1/../../../../arm-none-eabi/lib/thumb/v6-m/nofp/libg.a(libc_a-svfscanf.o)
                0x10004fa8                __ssvfscanf_r
 .text.malloc   0x1000687c       0x14 /nix/store/4vfqcxpwpgf9ynv23li3wsqi8yigi25i-gcc-arm-embedded-12.3.rel1/bin/../lib/gcc/arm-none-eabi/12.3.1/../../../../arm-none-eabi/lib/thumb/v6-m/nofp/libg.a(libc_a-malloc.o)
                0x1000687c                malloc
 .text.free     0x10006890       0x14 /nix/store/4vfqcxpwpgf9ynv23li3wsqi8yigi25i-gcc-arm-embedded-12.3.rel1/bin/../lib/gcc/arm-none-eabi/12.3.1/../../../../arm-none-eabi/lib/thumb/v6-m/nofp/libg.a(libc_a-malloc.o)
                0x10006890                free
 .text._malloc_r
                0x100068a4      0x5c4 /nix/store/4vfqcxpwpgf9ynv23li3wsqi8yigi25i-gcc-arm-embedded-12.3.rel1/bin/../lib/gcc/arm-none-eabi/12.3.1/../../../../arm-none-eabi/lib/thumb/v6-m/nofp/libg.a(libc_a-mallocr.o)
                0x100068a4                _malloc_r
 .text._mbrtowc_r
                0x10006e68       0x54 /nix/store/4vfqcxpwpgf9ynv23li3wsqi8yigi25i-gcc-arm-embedded-12.3.rel1/bin/../lib/gcc/arm-none-eabi/12.3.1/../../../../arm-none-eabi/lib/thumb/v6-m/nofp/libg.a(libc_a-mbrtowc.o)
                0x10006e68                _mbrtowc_r
 .text.__retarget_lock_acquire_recursive
                0x10006ebc        0x4 /nix/store/4vfqcxpwpgf9ynv23li3wsqi8yigi25i-gcc-arm-embedded-12.3.rel1/bin/../lib/gcc/arm-none-eabi/12.3.1/../../../../arm-none-eabi/lib/thumb/v6-m/nofp/libg.a(libc_a-lock.o)
                0x10006ebc                __retarget_lock_acquire_recursive
 .text.__retarget_lock_release_recursive
                0x10006ec0        0x4 /nix/store/4vfqcxpwpgf9ynv23li3wsqi8yigi25i-gcc-arm-embedded-12.3.rel1/bin/../lib/gcc/arm-none-eabi/12.3.1/../../../../arm-none-eabi/lib/thumb/v6-m/nofp/libg.a(libc_a-lock.o)
                0x10006ec0                __retarget_lock_release_recursive
 .text.__locale_mb_cur_max
                0x10006ec4       0x10 /nix/store/4vfqcxpwpgf9ynv23li3wsqi8yigi25i-gcc-arm-embedded-12.3.rel1/bin/../lib/gcc/arm-none-eabi/12.3.1/../../../../arm-none-eabi/lib/thumb/v6-m/nofp/libg.a(libc_a-locale.o)
                0x10006ec4                __locale_mb_cur_max
 .text._localeconv_r
                0x10006ed4        0x8 /nix/store/4vfqcxpwpgf9ynv23li3wsqi8yigi25i-gcc-arm-embedded-12.3.rel1/bin/../lib/gcc/arm-none-eabi/12.3.1/../../../../arm-none-eabi/lib/thumb/v6-m/nofp/libg.a(libc_a-localeconv.o)
                0x10006ed4                _localeconv_r
 .text.sysconf  0x10006edc       0x1c /nix/store/4vfqcxpwpgf9ynv23li3wsqi8yigi25i-gcc-arm-embedded-12.3.rel1/bin/../lib/gcc/arm-none-eabi/12.3.1/../../../../arm-none-eabi/lib/thumb/v6-m/nofp/libg.a(libc_a-sysconf.o)
                0x10006edc                sysconf
 .text          0x10006ef8       0x88 /nix/store/4vfqcxpwpgf9ynv23li3wsqi8yigi25i-gcc-arm-embedded-12.3.rel1/bin/../lib/gcc/arm-none-eabi/12.3.1/../../../../arm-none-eabi/lib/thumb/v6-m/nofp/libg.a(libc_a-strcmp.o)
                0x10006ef8                strcmp
 .text.__malloc_lock
                0x10006f80       0x10 /nix/store/4vfqcxpwpgf9ynv23li3wsqi8yigi25i-gcc-arm-embedded-12.3.rel1/bin/../lib/gcc/arm-none-eabi/12.3.1/../../../../arm-none-eabi/lib/thumb/v6-m/nofp/libg.a(libc_a-mlock.o)
                0x10006f80                __malloc_lock
 .text.__malloc_unlock
                0x10006f90       0x10 /nix/store/4vfqcxpwpgf9ynv23li3wsqi8yigi25i-gcc-arm-embedded-12.3.rel1/bin/../lib/gcc/arm-none-eabi/12.3.1/../../../../arm-none-eabi/lib/thumb/v6-m/nofp/libg.a(libc_a-mlock.o)
                0x10006f90                __malloc_unlock
 .text._calloc_r
                0x10006fa0       0xa8 /nix/store/4vfqcxpwpgf9ynv23li3wsqi8yigi25i-gcc-arm-embedded-12.3.rel1/bin/../lib/gcc/arm-none-eabi/12.3.1/../../../../arm-none-eabi/lib/thumb/v6-m/nofp/libg.a(libc_a-callocr.o)
                0x10006fa0                _calloc_r
 .text.realloc  0x10007048       0x18 /nix/store/4vfqcxpwpgf9ynv23li3wsqi8yigi25i-gcc-arm-embedded-12.3.rel1/bin/../lib/gcc/arm-none-eabi/12.3.1/../../../../arm-none-eabi/lib/thumb/v6-m/nofp/libg.a(libc_a-realloc.o)
                0x10007048                realloc
 .text.strlen   0x10007060       0x5c /nix/store/4vfqcxpwpgf9ynv23li3wsqi8yigi25i-gcc-arm-embedded-12.3.rel1/bin/../lib/gcc/arm-none-eabi/12.3.1/../../../../arm-none-eabi/lib/thumb/v6-m/nofp/libg.a(libc_a-strlen-stub.o)
                0x10007060                strlen
 .text.__sccl   0x100070bc       0x80 /nix/store/4vfqcxpwpgf9ynv23li3wsqi8yigi25i-gcc-arm-embedded-12.3.rel1/bin/../lib/gcc/arm-none-eabi/12.3.1/../../../../arm-none-eabi/lib/thumb/v6-m/nofp/libg.a(libc_a-sccl.o)
                0x100070bc                __sccl
 .text.nanf     0x1000713c        0x8 /nix/store/4vfqcxpwpgf9ynv23li3wsqi8yigi25i-gcc-arm-embedded-12.3.rel1/bin/../lib/gcc/arm-none-eabi/12.3.1/../../../../arm-none-eabi/lib/thumb/v6-m/nofp/libg.a(libm_a-sf_nan.o)
                0x1000713c                nanf
 .text._realloc_r
                0x10007144      0x350 /nix/store/4vfqcxpwpgf9ynv23li3wsqi8yigi25i-gcc-arm-embedded-12.3.rel1/bin/../lib/gcc/arm-none-eabi/12.3.1/../../../../arm-none-eabi/lib/thumb/v6-m/nofp/libg.a(libc_a-reallocr.o)
                0x10007144                _realloc_r
 .text.sulp     0x10007494       0x30 /nix/store/4vfqcxpwpgf9ynv23li3wsqi8yigi25i-gcc-arm-embedded-12.3.rel1/bin/../lib/gcc/arm-none-eabi/12.3.1/../../../../arm-none-eabi/lib/thumb/v6-m/nofp/libg.a(libc_a-strtod.o)
 .text._strtod_l
                0x100074c4      0xeb0 /nix/store/4vfqcxpwpgf9ynv23li3wsqi8yigi25i-gcc-arm-embedded-12.3.rel1/bin/../lib/gcc/arm-none-eabi/12.3.1/../../../../arm-none-eabi/lib/thumb/v6-m/nofp/libg.a(libc_a-strtod.o)
                0x100074c4                _strtod_l
 .text._strtod_r
                0x10008374       0x10 /nix/store/4vfqcxpwpgf9ynv23li3wsqi8yigi25i-gcc-arm-embedded-12.3.rel1/bin/../lib/gcc/arm-none-eabi/12.3.1/../../../../arm-none-eabi/lib/thumb/v6-m/nofp/libg.a(libc_a-strtod.o)
                0x10008374                _strtod_r
 .text._malloc_trim_r
                0x10008384       0xb4 /nix/store/4vfqcxpwpgf9ynv23li3wsqi8yigi25i-gcc-arm-embedded-12.3.rel1/bin/../lib/gcc/arm-none-eabi/12.3.1/../../../../arm-none-eabi/lib/thumb/v6-m/nofp/libg.a(libc_a-freer.o)
                0x10008384                _malloc_trim_r
 .text._free_r  0x10008438      0x1d4 /nix/store/4vfqcxpwpgf9ynv23li3wsqi8yigi25i-gcc-arm-embedded-12.3.rel1/bin/../lib/gcc/arm-none-eabi/12.3.1/../../../../arm-none-eabi/lib/thumb/v6-m/nofp/libg.a(libc_a-freer.o)
                0x10008438                _free_r
 .text._strtol_l.constprop.0
                0x1000860c      0x158 /nix/store/4vfqcxpwpgf9ynv23li3wsqi8yigi25i-gcc-arm-embedded-12.3.rel1/bin/../lib/gcc/arm-none-eabi/12.3.1/../../../../arm-none-eabi/lib/thumb/v6-m/nofp/libg.a(libc_a-strtol.o)
 .text._strtol_r
                0x10008764        0x8 /nix/store/4vfqcxpwpgf9ynv23li3wsqi8yigi25i-gcc-arm-embedded-12.3.rel1/bin/../lib/gcc/arm-none-eabi/12.3.1/../../../../arm-none-eabi/lib/thumb/v6-m/nofp/libg.a(libc_a-strtol.o)
                0x10008764                _strtol_r
 .text.rshift   0x1000876c       0xb0 /nix/store/4vfqcxpwpgf9ynv23li3wsqi8yigi25i-gcc-arm-embedded-12.3.rel1/bin/../lib/gcc/arm-none-eabi/12.3.1/../../../../arm-none-eabi/lib/thumb/v6-m/nofp/libg.a(libc_a-gdtoa-gethex.o)
 .text.__gethex
                0x1000881c      0x5a0 /nix/store/4vfqcxpwpgf9ynv23li3wsqi8yigi25i-gcc-arm-embedded-12.3.rel1/bin/../lib/gcc/arm-none-eabi/12.3.1/../../../../arm-none-eabi/lib/thumb/v6-m/nofp/libg.a(libc_a-gdtoa-gethex.o)
                0x1000881c                __gethex
 .text._strtoul_l.constprop.0
                0x10008dbc      0x144 /nix/store/4vfqcxpwpgf9ynv23li3wsqi8yigi25i-gcc-arm-embedded-12.3.rel1/bin/../lib/gcc/arm-none-eabi/12.3.1/../../../../arm-none-eabi/lib/thumb/v6-m/nofp/libg.a(libc_a-strtoul.o)
 .text._strtoul_r
                0x10008f00        0x8 /nix/store/4vfqcxpwpgf9ynv23li3wsqi8yigi25i-gcc-arm-embedded-12.3.rel1/bin/../lib/gcc/arm-none-eabi/12.3.1/../../../../arm-none-eabi/lib/thumb/v6-m/nofp/libg.a(libc_a-strtoul.o)
                0x10008f00                _strtoul_r
 .text.__match  0x10008f08       0x2c /nix/store/4vfqcxpwpgf9ynv23li3wsqi8yigi25i-gcc-arm-embedded-12.3.rel1/bin/../lib/gcc/arm-none-eabi/12.3.1/../../../../arm-none-eabi/lib/thumb/v6-m/nofp/libg.a(libc_a-gdtoa-hexnan.o)
                0x10008f08                __match
 .text.__hexnan
                0x10008f34      0x204 /nix/store/4vfqcxpwpgf9ynv23li3wsqi8yigi25i-gcc-arm-embedded-12.3.rel1/bin/../lib/gcc/arm-none-eabi/12.3.1/../../../../arm-none-eabi/lib/thumb/v6-m/nofp/libg.a(libc_a-gdtoa-hexnan.o)
                0x10008f34                __hexnan
 .text._strtoll_l.constprop.0
                0x10009138      0x1a0 /nix/store/4vfqcxpwpgf9ynv23li3wsqi8yigi25i-gcc-arm-embedded-12.3.rel1/bin/../lib/gcc/arm-none-eabi/12.3.1/../../../../arm-none-eabi/lib/thumb/v6-m/nofp/libg.a(libc_a-strtoll.o)
 .text._strtoll_r
                0x100092d8        0x8 /nix/store/4vfqcxpwpgf9ynv23li3wsqi8yigi25i-gcc-arm-embedded-12.3.rel1/bin/../lib/gcc/arm-none-eabi/12.3.1/../../../../arm-none-eabi/lib/thumb/v6-m/nofp/libg.a(libc_a-strtoll.o)
                0x100092d8                _strtoll_r
 .text._strtoull_l.constprop.0
                0x100092e0      0x1c4 /nix/store/4vfqcxpwpgf9ynv23li3wsqi8yigi25i-gcc-arm-embedded-12.3.rel1/bin/../lib/gcc/arm-none-eabi/12.3.1/../../../../arm-none-eabi/lib/thumb/v6-m/nofp/libg.a(libc_a-strtoull.o)
 .text._strtoull_r
                0x100094a4        0x8 /nix/store/4vfqcxpwpgf9ynv23li3wsqi8yigi25i-gcc-arm-embedded-12.3.rel1/bin/../lib/gcc/arm-none-eabi/12.3.1/../../../../arm-none-eabi/lib/thumb/v6-m/nofp/libg.a(libc_a-strtoull.o)
                0x100094a4                _strtoull_r
 .text.iswspace
                0x100094ac        0xc /nix/store/4vfqcxpwpgf9ynv23li3wsqi8yigi25i-gcc-arm-embedded-12.3.rel1/bin/../lib/gcc/arm-none-eabi/12.3.1/../../../../arm-none-eabi/lib/thumb/v6-m/nofp/libg.a(libc_a-iswspace.o)
                0x100094ac                iswspace
 .text.iswspace_l
                0x100094b8       0x24 /nix/store/4vfqcxpwpgf9ynv23li3wsqi8yigi25i-gcc-arm-embedded-12.3.rel1/bin/../lib/gcc/arm-none-eabi/12.3.1/../../../../arm-none-eabi/lib/thumb/v6-m/nofp/libg.a(libc_a-iswspace_l.o)
                0x100094b8                iswspace_l
 .text.stpncpy  0x100094dc       0x70 /nix/store/4vfqcxpwpgf9ynv23li3wsqi8yigi25i-gcc-arm-embedded-12.3.rel1/bin/../lib/gcc/arm-none-eabi/12.3.1/../../../../arm-none-eabi/lib/thumb/v6-m/nofp/libg.a(libc_a-stpncpy.o)
                0x100094dc                stpncpy
 .text.__ascii_wctomb
                0x1000954c       0x1c /nix/store/4vfqcxpwpgf9ynv23li3wsqi8yigi25i-gcc-arm-embedded-12.3.rel1/bin/../lib/gcc/arm-none-eabi/12.3.1/../../../../arm-none-eabi/lib/thumb/v6-m/nofp/libg.a(libc_a-wctomb_r.o)
                0x1000954c                __ascii_wctomb
 .text.category
                0x10009568       0x50 /nix/store/4vfqcxpwpgf9ynv23li3wsqi8yigi25i-gcc-arm-embedded-12.3.rel1/bin/../lib/gcc/arm-none-eabi/12.3.1/../../../../arm-none-eabi/lib/thumb/v6-m/nofp/libg.a(libc_a-categories.o)
                0x10009568                category
 .text._sbrk_r  0x100095b8       0x24 /nix/store/4vfqcxpwpgf9ynv23li3wsqi8yigi25i-gcc-arm-embedded-12.3.rel1/bin/../lib/gcc/arm-none-eabi/12.3.1/../../../../arm-none-eabi/lib/thumb/v6-m/nofp/libg.a(libc_a-sbrkr.o)
                0x100095b8                _sbrk_r
 .text.__errno  0x100095dc        0xc /nix/store/4vfqcxpwpgf9ynv23li3wsqi8yigi25i-gcc-arm-embedded-12.3.rel1/bin/../lib/gcc/arm-none-eabi/12.3.1/../../../../arm-none-eabi/lib/thumb/v6-m/nofp/libg.a(libc_a-errno.o)
                0x100095dc                __errno
 .text.__jp2uc  0x100095e8      0x13c /nix/store/4vfqcxpwpgf9ynv23li3wsqi8yigi25i-gcc-arm-embedded-12.3.rel1/bin/../lib/gcc/arm-none-eabi/12.3.1/../../../../arm-none-eabi/lib/thumb/v6-m/nofp/libg.a(libc_a-jp2uc.o)
 .text._jp2uc_l
                0x10009724       0x68 /nix/store/4vfqcxpwpgf9ynv23li3wsqi8yigi25i-gcc-arm-embedded-12.3.rel1/bin/../lib/gcc/arm-none-eabi/12.3.1/../../../../arm-none-eabi/lib/thumb/v6-m/nofp/libg.a(libc_a-jp2uc.o)
                0x10009724                _jp2uc_l
 .text._sungetc_r
                0x1000978c       0x7c /nix/store/4vfqcxpwpgf9ynv23li3wsqi8yigi25i-gcc-arm-embedded-12.3.rel1/bin/../lib/gcc/arm-none-eabi/12.3.1/../../../../arm-none-eabi/lib/thumb/v6-m/nofp/libg.a(libc_a-svfiscanf.o)
                0x1000978c                _sungetc_r
 .text.__ssrefill_r
                0x10009808       0x40 /nix/store/4vfqcxpwpgf9ynv23li3wsqi8yigi25i-gcc-arm-embedded-12.3.rel1/bin/../lib/gcc/arm-none-eabi/12.3.1/../../../../arm-none-eabi/lib/thumb/v6-m/nofp/libg.a(libc_a-svfiscanf.o)
                0x10009808                __ssrefill_r
 .text._sfread_r
                0x10009848       0xbc /nix/store/4vfqcxpwpgf9ynv23li3wsqi8yigi25i-gcc-arm-embedded-12.3.rel1/bin/../lib/gcc/arm-none-eabi/12.3.1/../../../../arm-none-eabi/lib/thumb/v6-m/nofp/libg.a(libc_a-svfiscanf.o)
                0x10009848                _sfread_r
 .text.__ascii_mbtowc
                0x10009904       0x2c /nix/store/4vfqcxpwpgf9ynv23li3wsqi8yigi25i-gcc-arm-embedded-12.3.rel1/bin/../lib/gcc/arm-none-eabi/12.3.1/../../../../arm-none-eabi/lib/thumb/v6-m/nofp/libg.a(libc_a-mbtowc_r.o)
                0x10009904                __ascii_mbtowc
 .text.memmove  0x10009930       0xb0 /nix/store/4vfqcxpwpgf9ynv23li3wsqi8yigi25i-gcc-arm-embedded-12.3.rel1/bin/../lib/gcc/arm-none-eabi/12.3.1/../../../../arm-none-eabi/lib/thumb/v6-m/nofp/libg.a(libc_a-memmove.o)
                0x10009930                memmove
 .text._Balloc  0x100099e0       0x50 /nix/store/4vfqcxpwpgf9ynv23li3wsqi8yigi25i-gcc-arm-embedded-12.3.rel1/bin/../lib/gcc/arm-none-eabi/12.3.1/../../../../arm-none-eabi/lib/thumb/v6-m/nofp/libg.a(libc_a-mprec.o)
                0x100099e0                _Balloc
 .text._Bfree   0x10009a30       0x14 /nix/store/4vfqcxpwpgf9ynv23li3wsqi8yigi25i-gcc-arm-embedded-12.3.rel1/bin/../lib/gcc/arm-none-eabi/12.3.1/../../../../arm-none-eabi/lib/thumb/v6-m/nofp/libg.a(libc_a-mprec.o)
                0x10009a30                _Bfree
 .text.__multadd
                0x10009a44       0xa8 /nix/store/4vfqcxpwpgf9ynv23li3wsqi8yigi25i-gcc-arm-embedded-12.3.rel1/bin/../lib/gcc/arm-none-eabi/12.3.1/../../../../arm-none-eabi/lib/thumb/v6-m/nofp/libg.a(libc_a-mprec.o)
                0x10009a44                __multadd
 .text.__s2b    0x10009aec       0xb0 /nix/store/4vfqcxpwpgf9ynv23li3wsqi8yigi25i-gcc-arm-embedded-12.3.rel1/bin/../lib/gcc/arm-none-eabi/12.3.1/../../../../arm-none-eabi/lib/thumb/v6-m/nofp/libg.a(libc_a-mprec.o)
                0x10009aec                __s2b
 .text.__hi0bits
                0x10009b9c       0x4c /nix/store/4vfqcxpwpgf9ynv23li3wsqi8yigi25i-gcc-arm-embedded-12.3.rel1/bin/../lib/gcc/arm-none-eabi/12.3.1/../../../../arm-none-eabi/lib/thumb/v6-m/nofp/libg.a(libc_a-mprec.o)
                0x10009b9c                __hi0bits
 .text.__lo0bits
                0x10009be8       0x5c /nix/store/4vfqcxpwpgf9ynv23li3wsqi8yigi25i-gcc-arm-embedded-12.3.rel1/bin/../lib/gcc/arm-none-eabi/12.3.1/../../../../arm-none-eabi/lib/thumb/v6-m/nofp/libg.a(libc_a-mprec.o)
                0x10009be8                __lo0bits
 .text.__i2b    0x10009c44       0x60 /nix/store/4vfqcxpwpgf9ynv23li3wsqi8yigi25i-gcc-arm-embedded-12.3.rel1/bin/../lib/gcc/arm-none-eabi/12.3.1/../../../../arm-none-eabi/lib/thumb/v6-m/nofp/libg.a(libc_a-mprec.o)
                0x10009c44                __i2b
 .text.__multiply
                0x10009ca4      0x1b0 /nix/store/4vfqcxpwpgf9ynv23li3wsqi8yigi25i-gcc-arm-embedded-12.3.rel1/bin/../lib/gcc/arm-none-eabi/12.3.1/../../../../arm-none-eabi/lib/thumb/v6-m/nofp/libg.a(libc_a-mprec.o)
                0x10009ca4                __multiply
 .text.__pow5mult
                0x10009e54       0xd0 /nix/store/4vfqcxpwpgf9ynv23li3wsqi8yigi25i-gcc-arm-embedded-12.3.rel1/bin/../lib/gcc/arm-none-eabi/12.3.1/../../../../arm-none-eabi/lib/thumb/v6-m/nofp/libg.a(libc_a-mprec.o)
                0x10009e54                __pow5mult
 .text.__lshift
                0x10009f24       0xfc /nix/store/4vfqcxpwpgf9ynv23li3wsqi8yigi25i-gcc-arm-embedded-12.3.rel1/bin/../lib/gcc/arm-none-eabi/12.3.1/../../../../arm-none-eabi/lib/thumb/v6-m/nofp/libg.a(libc_a-mprec.o)
                0x10009f24                __lshift
 .text.__mcmp   0x1000a020       0x3c /nix/store/4vfqcxpwpgf9ynv23li3wsqi8yigi25i-gcc-arm-embedded-12.3.rel1/bin/../lib/gcc/arm-none-eabi/12.3.1/../../../../arm-none-eabi/lib/thumb/v6-m/nofp/libg.a(libc_a-mprec.o)
                0x1000a020                __mcmp
 .text.__mdiff  0x1000a05c      0x1a4 /nix/store/4vfqcxpwpgf9ynv23li3wsqi8yigi25i-gcc-arm-embedded-12.3.rel1/bin/../lib/gcc/arm-none-eabi/12.3.1/../../../../arm-none-eabi/lib/thumb/v6-m/nofp/libg.a(libc_a-mprec.o)
                0x1000a05c                __mdiff
 .text.__ulp    0x1000a200       0x40 /nix/store/4vfqcxpwpgf9ynv23li3wsqi8yigi25i-gcc-arm-embedded-12.3.rel1/bin/../lib/gcc/arm-none-eabi/12.3.1/../../../../arm-none-eabi/lib/thumb/v6-m/nofp/libg.a(libc_a-mprec.o)
                0x1000a200                __ulp
 .text.__b2d    0x1000a240       0xb8 /nix/store/4vfqcxpwpgf9ynv23li3wsqi8yigi25i-gcc-arm-embedded-12.3.rel1/bin/../lib/gcc/arm-none-eabi/12.3.1/../../../../arm-none-eabi/lib/thumb/v6-m/nofp/libg.a(libc_a-mprec.o)
                0x1000a240                __b2d
 .text.__d2b    0x1000a2f8       0xcc /nix/store/4vfqcxpwpgf9ynv23li3wsqi8yigi25i-gcc-arm-embedded-12.3.rel1/bin/../lib/gcc/arm-none-eabi/12.3.1/../../../../arm-none-eabi/lib/thumb/v6-m/nofp/libg.a(libc_a-mprec.o)
                0x1000a2f8                __d2b
 .text.__ratio  0x1000a3c4       0x68 /nix/store/4vfqcxpwpgf9ynv23li3wsqi8yigi25i-gcc-arm-embedded-12.3.rel1/bin/../lib/gcc/arm-none-eabi/12.3.1/../../../../arm-none-eabi/lib/thumb/v6-m/nofp/libg.a(libc_a-mprec.o)
                0x1000a3c4                __ratio
 .text.__copybits
                0x1000a42c       0x40 /nix/store/4vfqcxpwpgf9ynv23li3wsqi8yigi25i-gcc-arm-embedded-12.3.rel1/bin/../lib/gcc/arm-none-eabi/12.3.1/../../../../arm-none-eabi/lib/thumb/v6-m/nofp/libg.a(libc_a-mprec.o)
                0x1000a42c                __copybits
 .text.__any_on
                0x1000a46c       0x4c /nix/store/4vfqcxpwpgf9ynv23li3wsqi8yigi25i-gcc-arm-embedded-12.3.rel1/bin/../lib/gcc/arm-none-eabi/12.3.1/../../../../arm-none-eabi/lib/thumb/v6-m/nofp/libg.a(libc_a-mprec.o)
                0x1000a46c                __any_on
 .text.nan      0x1000a4b8        0xc /nix/store/4vfqcxpwpgf9ynv23li3wsqi8yigi25i-gcc-arm-embedded-12.3.rel1/bin/../lib/gcc/arm-none-eabi/12.3.1/../../../../arm-none-eabi/lib/thumb/v6-m/nofp/libg.a(libm_a-s_nan.o)
                0x1000a4b8                nan
 .text.__submore
                0x1000a4c4       0x84 /nix/store/4vfqcxpwpgf9ynv23li3wsqi8yigi25i-gcc-arm-embedded-12.3.rel1/bin/../lib/gcc/arm-none-eabi/12.3.1/../../../../arm-none-eabi/lib/thumb/v6-m/nofp/libg.a(libc_a-ungetc.o)
                0x1000a4c4                __submore
 *(.fini)
 .fini          0x1000a548        0x4 /nix/store/4vfqcxpwpgf9ynv23li3wsqi8yigi25i-gcc-arm-embedded-12.3.rel1/bin/../lib/gcc/arm-none-eabi/12.3.1/thumb/v6-m/nofp/crti.o
                0x1000a548                _fini
 *fill*         0x1000a54c        0x4 
 .fini.__stub   0x1000a550       0x40 linker stubs
 *crtbegin.o(.ctors)
 *crtbegin?.o(.ctors)
 *(EXCLUDE_FILE(*crtend.o *crtend?.o) .ctors)
 *(SORT_BY_NAME(.ctors.*))
 *(.ctors)
 *crtbegin.o(.dtors)
 *crtbegin?.o(.dtors)
 *(EXCLUDE_FILE(*crtend.o *crtend?.o) .dtors)
 *(SORT_BY_NAME(.dtors.*))
 *(.dtors)
                0x1000a590                        . = ALIGN (0x4)
                0x1000a590                        PROVIDE (__preinit_array_start = .)
 *(SORT_BY_NAME(.preinit_array.*))
 .preinit_array.00100
                0x1000a590        0x4 CMakeFiles/base_node.dir/home/runner/workspace/pico-sdk/src/rp2_common/pico_runtime_init/runtime_init.c.o
                0x1000a590                __pre_init_runtime_init_early_resets
 .preinit_array.00101
                0x1000a594        0x4 CMakeFiles/base_node.dir/home/runner/workspace/pico-sdk/src/rp2_common/pico_runtime_init/runtime_init.c.o
                0x1000a594                __pre_init_runtime_init_usb_power_down
 .preinit_array.00275
                0x1000a598        0x4 CMakeFiles/base_node.dir/home/runner/workspace/pico-sdk/src/rp2_common/pico_bit_ops/bit_ops_aeabi.S.o
 .preinit_array.00300
                0x1000a59c        0x4 CMakeFiles/base_node.dir/home/runner/workspace/pico-sdk/src/rp2_common/pico_mem_ops/mem_ops_aeabi.S.o
 .preinit_array.00350
                0x1000a5a0        0x4 CMakeFiles/base_node.dir/home/runner/workspace/pico-sdk/src/rp2_common/pico_double/double_aeabi_rp2040.S.o
 .preinit_array.00350
                0x1000a5a4        0x4 CMakeFiles/base_node.dir/home/runner/workspace/pico-sdk/src/rp2_common/pico_float/float_aeabi_rp2040.S.o
 .preinit_array.00500
                0x1000a5a8        0x4 CMakeFiles/base_node.dir/home/runner/workspace/pico-sdk/src/rp2_common/pico_runtime_init/runtime_init.c.o
                0x1000a5a8                __pre_init_runtime_init_clocks
 .preinit_array.00600
                0x1000a5ac        0x4 CMakeFiles/base_node.dir/home/runner/workspace/pico-sdk/src/rp2_common/pico_runtime_init/runtime_init.c.o
                0x1000a5ac                __pre_init_runtime_init_post_clock_resets
 .preinit_array.00700
                0x1000a5b0        0x4 CMakeFiles/base_node.dir/home/runner/workspace/pico-sdk/src/rp2_common/pico_runtime_init/runtime_init.c.o
                0x1000a5b0                __pre_init_runtime_init_rp2040_gpio_ie_disable
 .preinit_array.01000
                0x1000a5b4        0x4 CMakeFiles/base_node.dir/home/runner/workspace/pico-sdk/src/rp2_common/pico_runtime_init/runtime_init.c.o
                0x1000a5b4                __pre_init_runtime_init_spin_locks_reset
 .preinit_array.01100
                0x1000a5b8        0x4 CMakeFiles/base_node.dir/home/runner/workspace/pico-sdk/src/common/pico_sync/mutex.c.o
                0x1000a5b8                __pre_init_runtime_init_mutex
 .preinit_array.10080
                0x1000a5bc        0x4 CMakeFiles/base_node.dir/home/runner/workspace/pico-sdk/src/rp2_common/pico_runtime_init/runtime_init.c.o
                0x1000a5bc                __pre_init_runtime_init_install_ram_vector_table
 .preinit_array.11000
                0x1000a5c0        0x4 CMakeFiles/base_node.dir/home/runner/workspace/pico-sdk/src/common/pico_time/time.c.o
                0x1000a5c0                __pre_init_runtime_init_default_alarm_pool
 .preinit_array.YYYYY
                0x1000a5c4        0x4 CMakeFiles/base_node.dir/home/runner/workspace/pico-sdk/src/rp2_common/pico_runtime/runtime.c.o
                0x1000a5c4                __pre_init_first_per_core_initializer
 .preinit_array.ZZZZZ.01200
                0x1000a5c8        0x4 CMakeFiles/base_node.dir/home/runner/workspace/pico-sdk/src/rp2_common/hardware_irq/irq.c.o
                0x1000a5c8                __pre_init_runtime_init_per_core_irq_priorities
 *(.preinit_array)
                0x1000a5cc                        PROVIDE (__preinit_array_end = .)
                0x1000a5cc                        . = ALIGN (0x4)
                0x1000a5cc                        PROVIDE (__init_array_start = .)
 *(SORT_BY_NAME(.init_array.*))
 *(.init_array)
 .init_array    0x1000a5cc        0x4 /nix/store/4vfqcxpwpgf9ynv23li3wsqi8yigi25i-gcc-arm-embedded-12.3.rel1/bin/../lib/gcc/arm-none-eabi/12.3.1/thumb/v6-m/nofp/crtbegin.o
                0x1000a5d0                        PROVIDE (__init_array_end = .)
                0x1000a5d0                        . = ALIGN (0x4)
                [!provide]                        PROVIDE (__fini_array_start = .)
 *(SORT_BY_NAME(.fini_array.*))
 *(.fini_array)
                [!provide]                        PROVIDE (__fini_array_end = .)
 *(.eh_frame*)
 .eh_frame      0x1000a5d0        0x0 /nix/store/4vfqcxpwpgf9ynv23li3wsqi8yigi25i-gcc-arm-embedded-12.3.rel1/bin/../lib/gcc/arm-none-eabi/12.3.1/thumb/v6-m/nofp/crtbegin.o
                0x1000a5d0                        . = ALIGN (0x4)

.glue_7         0x1000a5d0        0x0
 .glue_7        0x1000a5d0        0x0 linker stubs

.glue_7t        0x1000a5d0        0x0
 .glue_7t       0x1000a5d0        0x0 linker stubs

.vfp11_veneer   0x1000a5d0        0x0
 .vfp11_veneer  0x1000a5d0        0x0 linker stubs

.v4_bx          0x1000a5d0        0x0
 .v4_bx         0x1000a5d0        0x0 linker stubs

.iplt           0x1000a5d0        0x0
 .iplt          0x1000a5d0        0x0 /nix/store/4vfqcxpwpgf9ynv23li3wsqi8yigi25i-gcc-arm-embedded-12.3.rel1/bin/../lib/gcc/arm-none-eabi/12.3.1/thumb/v6-m/nofp/crtbegin.o

.rodata         0x1000a5d0     0x8088
 *(EXCLUDE_FILE(*libm.a: *libc.a:*lib_a-mem*.o *libgcc.a:) .rodata*)
 .rodata.process_uart_packets.part.0.str1.4
                0x1000a5d0      0x1e6 CMakeFiles/base_node.dir/main.c.o
 *fill*         0x1000a7b6        0x2 
 .rodata.process_uart_packets.part.0
                0x1000a7b8       0x38 CMakeFiles/base_node.dir/main.c.o
 .rodata.print_help.str1.4
                0x1000a7f0      0x268 CMakeFiles/base_node.dir/main.c.o
 .rodata.parse_console_command.str1.4
                0x1000aa58      0x13e CMakeFiles/base_node.dir/main.c.o
 *fill*         0x1000ab96        0x2 
 .rodata.send_thresholds_to_sensor.str1.4
                0x1000ab98       0x3b CMakeFiles/base_node.dir/main.c.o
 *fill*         0x1000abd3        0x1 
 .rodata.print_sensor_data.str1.4
                0x1000abd4      0x169 CMakeFiles/base_node.dir/main.c.o
 *fill*         0x1000ad3d        0x3 
 .rodata.process_console_command.str1.4
                0x1000ad40       0x84 CMakeFiles/base_node.dir/main.c.o
 .rodata.main.str1.4
                0x1000adc4      0x100 CMakeFiles/base_node.dir/main.c.o
 .rodata.uart_protocol_init.str1.4
                0x1000aec4       0x3d CMakeFiles/base_node.dir/uart_protocol.c.o
 *fill*         0x1000af01        0x3 
 .rodata.panic.str1.4
                0x1000af04       0x10 CMakeFiles/base_node.dir/home/runner/workspace/pico-sdk/src/rp2_common/pico_platform_panic/panic.c.o
                                 0x12 (size before relaxing)
 .rodata.timer_hardware_alarm_claim.str1.4
                0x1000af14       0x22 CMakeFiles/base_node.dir/home/runner/workspace/pico-sdk/src/rp2_common/hardware_timer/timer.c.o
 *fill*         0x1000af36        0x2 
 .rodata.hard_assertion_failure.str1.4
                0x1000af38        0xc CMakeFiles/base_node.dir/home/runner/workspace/pico-sdk/src/rp2_common/pico_runtime/runtime.c.o
 .rodata.__wrap_malloc.str1.4
                0x1000af44        0xe CMakeFiles/base_node.dir/home/runner/workspace/pico-sdk/src/rp2_common/pico_malloc/malloc.c.o
 *fill*         0x1000af52        0x2 
 .rodata.str1.4
                0x1000af54       0x40 CMakeFiles/base_node.dir/home/runner/workspace/pico-sdk/src/rp2_common/pico_standard_binary_info/standard_binary_info.c.o
 .rodata.__bi_84
                0x1000af94        0xc CMakeFiles/base_node.dir/home/runner/workspace/pico-sdk/src/rp2_common/pico_standard_binary_info/standard_binary_info.c.o
 .rodata.__bi_78
                0x1000afa0        0xc CMakeFiles/base_node.dir/home/runner/workspace/pico-sdk/src/rp2_common/pico_standard_binary_info/standard_binary_info.c.o
 .rodata.__bi_54
                0x1000afac        0xc CMakeFiles/base_node.dir/home/runner/workspace/pico-sdk/src/rp2_common/pico_standard_binary_info/standard_binary_info.c.o
 .rodata.__bi_48
                0x1000afb8        0xc CMakeFiles/base_node.dir/home/runner/workspace/pico-sdk/src/rp2_common/pico_standard_binary_info/standard_binary_info.c.o
 .rodata.__bi_42
                0x1000afc4        0xc CMakeFiles/base_node.dir/home/runner/workspace/pico-sdk/src/rp2_common/pico_standard_binary_info/standard_binary_info.c.o
 .rodata.__bi_34
                0x1000afd0        0xc CMakeFiles/base_node.dir/home/runner/workspace/pico-sdk/src/rp2_common/pico_standard_binary_info/standard_binary_info.c.o
 .rodata.__bi_26
                0x1000afdc        0xc CMakeFiles/base_node.dir/home/runner/workspace/pico-sdk/src/rp2_common/pico_standard_binary_info/standard_binary_info.c.o
 .rodata._ftoa.str1.4
                0x1000afe8       0x15 CMakeFiles/base_node.dir/home/runner/workspace/pico-sdk/src/rp2_common/pico_printf/printf.c.o
 *fill*         0x1000affd        0x3 
 .rodata._vsnprintf
                0x1000b000      0x19c CMakeFiles/base_node.dir/home/runner/workspace/pico-sdk/src/rp2_common/pico_printf/printf.c.o
 *fill*         0x1000b19c        0x4 
 .rodata.pow10.0
                0x1000b1a0       0x50 CMakeFiles/base_node.dir/home/runner/workspace/pico-sdk/src/rp2_common/pico_printf/printf.c.o
 .rodata.__assert_func.str1.4
                0x1000b1f0       0x3f CMakeFiles/base_node.dir/home/runner/workspace/pico-sdk/src/rp2_common/pico_clib_interface/newlib_interface.c.o
                                 0x43 (size before relaxing)
 *fill*         0x1000b22f        0x1 
 .rodata.crlf_str.0
                0x1000b230        0x2 CMakeFiles/base_node.dir/home/runner/workspace/pico-sdk/src/rp2_common/pico_stdio/stdio.c.o
 *fill*         0x1000b232        0x2 
 .rodata.__ssvfscanf_r.str1.4
                0x1000b234        0x5 /nix/store/4vfqcxpwpgf9ynv23li3wsqi8yigi25i-gcc-arm-embedded-12.3.rel1/bin/../lib/gcc/arm-none-eabi/12.3.1/../../../../arm-none-eabi/lib/thumb/v6-m/nofp/libg.a(libc_a-svfscanf.o)
                                  0x9 (size before relaxing)
 *fill*         0x1000b239        0x3 
 .rodata.__ssvfscanf_r
                0x1000b23c      0x3cc /nix/store/4vfqcxpwpgf9ynv23li3wsqi8yigi25i-gcc-arm-embedded-12.3.rel1/bin/../lib/gcc/arm-none-eabi/12.3.1/../../../../arm-none-eabi/lib/thumb/v6-m/nofp/libg.a(libc_a-svfscanf.o)
 .rodata.basefix.0
                0x1000b608       0x22 /nix/store/4vfqcxpwpgf9ynv23li3wsqi8yigi25i-gcc-arm-embedded-12.3.rel1/bin/../lib/gcc/arm-none-eabi/12.3.1/../../../../arm-none-eabi/lib/thumb/v6-m/nofp/libg.a(libc_a-svfscanf.o)
 .rodata._mbrtowc_r.str1.4
                0x1000b62a        0x1 /nix/store/4vfqcxpwpgf9ynv23li3wsqi8yigi25i-gcc-arm-embedded-12.3.rel1/bin/../lib/gcc/arm-none-eabi/12.3.1/../../../../arm-none-eabi/lib/thumb/v6-m/nofp/libg.a(libc_a-mbrtowc.o)
 *fill*         0x1000b62a        0x2 
 .rodata.str1.4
                0x1000b62c       0x48 /nix/store/4vfqcxpwpgf9ynv23li3wsqi8yigi25i-gcc-arm-embedded-12.3.rel1/bin/../lib/gcc/arm-none-eabi/12.3.1/../../../../arm-none-eabi/lib/thumb/v6-m/nofp/libg.a(libc_a-locale.o)
                                 0x4c (size before relaxing)
 .rodata._ctype_
                0x1000b674      0x101 /nix/store/4vfqcxpwpgf9ynv23li3wsqi8yigi25i-gcc-arm-embedded-12.3.rel1/bin/../lib/gcc/arm-none-eabi/12.3.1/../../../../arm-none-eabi/lib/thumb/v6-m/nofp/libg.a(libc_a-ctype_.o)
                0x1000b674                _ctype_
 *fill*         0x1000b775        0x3 
 .rodata._strtod_l.str1.4
                0x1000b778        0xf /nix/store/4vfqcxpwpgf9ynv23li3wsqi8yigi25i-gcc-arm-embedded-12.3.rel1/bin/../lib/gcc/arm-none-eabi/12.3.1/../../../../arm-none-eabi/lib/thumb/v6-m/nofp/libg.a(libc_a-strtod.o)
                                 0x15 (size before relaxing)
 *fill*         0x1000b787        0x1 
 .rodata._strtod_l
                0x1000b788       0xd0 /nix/store/4vfqcxpwpgf9ynv23li3wsqi8yigi25i-gcc-arm-embedded-12.3.rel1/bin/../lib/gcc/arm-none-eabi/12.3.1/../../../../arm-none-eabi/lib/thumb/v6-m/nofp/libg.a(libc_a-strtod.o)
 .rodata.fpinan.0
                0x1000b858       0x14 /nix/store/4vfqcxpwpgf9ynv23li3wsqi8yigi25i-gcc-arm-embedded-12.3.rel1/bin/../lib/gcc/arm-none-eabi/12.3.1/../../../../arm-none-eabi/lib/thumb/v6-m/nofp/libg.a(libc_a-strtod.o)
 .rodata.fpi.1  0x1000b86c       0x14 /nix/store/4vfqcxpwpgf9ynv23li3wsqi8yigi25i-gcc-arm-embedded-12.3.rel1/bin/../lib/gcc/arm-none-eabi/12.3.1/../../../../arm-none-eabi/lib/thumb/v6-m/nofp/libg.a(libc_a-strtod.o)
 .rodata.tinytens
                0x1000b880       0x28 /nix/store/4vfqcxpwpgf9ynv23li3wsqi8yigi25i-gcc-arm-embedded-12.3.rel1/bin/../lib/gcc/arm-none-eabi/12.3.1/../../../../arm-none-eabi/lib/thumb/v6-m/nofp/libg.a(libc_a-strtod.o)
 .rodata.__gethex.str1.4
                0x1000b8a8       0x75 /nix/store/4vfqcxpwpgf9ynv23li3wsqi8yigi25i-gcc-arm-embedded-12.3.rel1/bin/../lib/gcc/arm-none-eabi/12.3.1/../../../../arm-none-eabi/lib/thumb/v6-m/nofp/libg.a(libc_a-gdtoa-gethex.o)
                                 0x79 (size before relaxing)
 *fill*         0x1000b91d        0x3 
 .rodata.__hexdig
                0x1000b920      0x100 /nix/store/4vfqcxpwpgf9ynv23li3wsqi8yigi25i-gcc-arm-embedded-12.3.rel1/bin/../lib/gcc/arm-none-eabi/12.3.1/../../../../arm-none-eabi/lib/thumb/v6-m/nofp/libg.a(libc_a-gdtoa-gethex.o)
                0x1000b920                __hexdig
 .rodata.categories
                0x1000ba20     0x35dc /nix/store/4vfqcxpwpgf9ynv23li3wsqi8yigi25i-gcc-arm-embedded-12.3.rel1/bin/../lib/gcc/arm-none-eabi/12.3.1/../../../../arm-none-eabi/lib/thumb/v6-m/nofp/libg.a(libc_a-categories.o)
 .rodata.__jp2uc
                0x1000effc       0x20 /nix/store/4vfqcxpwpgf9ynv23li3wsqi8yigi25i-gcc-arm-embedded-12.3.rel1/bin/../lib/gcc/arm-none-eabi/12.3.1/../../../../arm-none-eabi/lib/thumb/v6-m/nofp/libg.a(libc_a-jp2uc.o)
 .rodata._jp2uc_l.str1.4
                0x1000f01c       0x12 /nix/store/4vfqcxpwpgf9ynv23li3wsqi8yigi25i-gcc-arm-embedded-12.3.rel1/bin/../lib/gcc/arm-none-eabi/12.3.1/../../../../arm-none-eabi/lib/thumb/v6-m/nofp/libg.a(libc_a-jp2uc.o)
 *fill*         0x1000f02e        0x2 
 .rodata.d02f4  0x1000f030     0x1a7c /nix/store/4vfqcxpwpgf9ynv23li3wsqi8yigi25i-gcc-arm-embedded-12.3.rel1/bin/../lib/gcc/arm-none-eabi/12.3.1/../../../../arm-none-eabi/lib/thumb/v6-m/nofp/libg.a(libc_a-jp2uc.o)
 .rodata.b02cf  0x10010aac     0x172a /nix/store/4vfqcxpwpgf9ynv23li3wsqi8yigi25i-gcc-arm-embedded-12.3.rel1/bin/../lib/gcc/arm-none-eabi/12.3.1/../../../../arm-none-eabi/lib/thumb/v6-m/nofp/libg.a(libc_a-jp2uc.o)
 *fill*         0x100121d6        0x2 
 .rodata.a8     0x100121d8       0x40 /nix/store/4vfqcxpwpgf9ynv23li3wsqi8yigi25i-gcc-arm-embedded-12.3.rel1/bin/../lib/gcc/arm-none-eabi/12.3.1/../../../../arm-none-eabi/lib/thumb/v6-m/nofp/libg.a(libc_a-jp2uc.o)
 .rodata.a7     0x10012218       0xa2 /nix/store/4vfqcxpwpgf9ynv23li3wsqi8yigi25i-gcc-arm-embedded-12.3.rel1/bin/../lib/gcc/arm-none-eabi/12.3.1/../../../../arm-none-eabi/lib/thumb/v6-m/nofp/libg.a(libc_a-jp2uc.o)
 *fill*         0x100122ba        0x2 
 .rodata.a6     0x100122bc       0x70 /nix/store/4vfqcxpwpgf9ynv23li3wsqi8yigi25i-gcc-arm-embedded-12.3.rel1/bin/../lib/gcc/arm-none-eabi/12.3.1/../../../../arm-none-eabi/lib/thumb/v6-m/nofp/libg.a(libc_a-jp2uc.o)
 .rodata.a3     0x1001232c       0x5b /nix/store/4vfqcxpwpgf9ynv23li3wsqi8yigi25i-gcc-arm-embedded-12.3.rel1/bin/../lib/gcc/arm-none-eabi/12.3.1/../../../../arm-none-eabi/lib/thumb/v6-m/nofp/libg.a(libc_a-jp2uc.o)
 *fill*         0x10012387        0x1 
 .rodata.a2     0x10012388       0xbc /nix/store/4vfqcxpwpgf9ynv23li3wsqi8yigi25i-gcc-arm-embedded-12.3.rel1/bin/../lib/gcc/arm-none-eabi/12.3.1/../../../../arm-none-eabi/lib/thumb/v6-m/nofp/libg.a(libc_a-jp2uc.o)
 .rodata.a1     0x10012444       0xbc /nix/store/4vfqcxpwpgf9ynv23li3wsqi8yigi25i-gcc-arm-embedded-12.3.rel1/bin/../lib/gcc/arm-none-eabi/12.3.1/../../../../arm-none-eabi/lib/thumb/v6-m/nofp/libg.a(libc_a-jp2uc.o)
 .rodata.__multadd.str1.4
                0x10012500       0x5a /nix/store/4vfqcxpwpgf9ynv23li3wsqi8yigi25i-gcc-arm-embedded-12.3.rel1/bin/../lib/gcc/arm-none-eabi/12.3.1/../../../../arm-none-eabi/lib/thumb/v6-m/nofp/libg.a(libc_a-mprec.o)
                                 0x6e (size before relaxing)
 *fill*         0x1001255a        0x2 
 .rodata.p05.0  0x1001255c        0xc /nix/store/4vfqcxpwpgf9ynv23li3wsqi8yigi25i-gcc-arm-embedded-12.3.rel1/bin/../lib/gcc/arm-none-eabi/12.3.1/../../../../arm-none-eabi/lib/thumb/v6-m/nofp/libg.a(libc_a-mprec.o)
 .rodata.__mprec_bigtens
                0x10012568       0x28 /nix/store/4vfqcxpwpgf9ynv23li3wsqi8yigi25i-gcc-arm-embedded-12.3.rel1/bin/../lib/gcc/arm-none-eabi/12.3.1/../../../../arm-none-eabi/lib/thumb/v6-m/nofp/libg.a(libc_a-mprec.o)
                0x10012568                __mprec_bigtens
 .rodata.__mprec_tens
                0x10012590       0xc8 /nix/store/4vfqcxpwpgf9ynv23li3wsqi8yigi25i-gcc-arm-embedded-12.3.rel1/bin/../lib/gcc/arm-none-eabi/12.3.1/../../../../arm-none-eabi/lib/thumb/v6-m/nofp/libg.a(libc_a-mprec.o)
                0x10012590                __mprec_tens
                0x10012658                        . = ALIGN (0x4)
 *(SORT_BY_ALIGNMENT(SORT_BY_NAME(.flashdata*)))
                0x10012658                        . = ALIGN (0x4)

.ARM.extab
 *(.ARM.extab* .gnu.linkonce.armextab.*)
                0x10012658                        __exidx_start = .

.ARM.exidx
 *(.ARM.exidx* .gnu.linkonce.armexidx.*)
                0x10012658                        __exidx_end = .
                0x10012658                        . = ALIGN (0x4)
                0x10012658                        __binary_info_start = .

.binary_info    0x10012658       0x1c
 *(.binary_info.keep.*)
 .binary_info.keep.__bi_ptr84
                0x10012658        0x4 CMakeFiles/base_node.dir/home/runner/workspace/pico-sdk/src/rp2_common/pico_standard_binary_info/standard_binary_info.c.o
 .binary_info.keep.__bi_ptr78
                0x1001265c        0x4 CMakeFiles/base_node.dir/home/runner/workspace/pico-sdk/src/rp2_common/pico_standard_binary_info/standard_binary_info.c.o
 .binary_info.keep.__bi_ptr54
                0x10012660        0x4 CMakeFiles/base_node.dir/home/runner/workspace/pico-sdk/src/rp2_common/pico_standard_binary_info/standard_binary_info.c.o
 .binary_info.keep.__bi_ptr48
                0x10012664        0x4 CMakeFiles/base_node.dir/home/runner/workspace/pico-sdk/src/rp2_common/pico_standard_binary_info/standard_binary_info.c.o
 .binary_info.keep.__bi_ptr42
                0x10012668        0x4 CMakeFiles/base_node.dir/home/runner/workspace/pico-sdk/src/rp2_common/pico_standard_binary_info/standard_binary_info.c.o
 .binary_info.keep.__bi_ptr34
                0x1001266c        0x4 CMakeFiles/base_node.dir/home/runner/workspace/pico-sdk/src/rp2_common/pico_standard_binary_info/standard_binary_info.c.o
 .binary_info.keep.__bi_ptr26
                0x10012670        0x4 CMakeFiles/base_node.dir/home/runner/workspace/pico-sdk/src/rp2_common/pico_standard_binary_info/standard_binary_info.c.o
 *(.binary_info.*)
                0x10012674                        __binary_info_end = .

.rel.dyn        0x10012674        0x0
 .rel.iplt      0x10012674        0x0 /nix/store/4vfqcxpwpgf9ynv23li3wsqi8yigi25i-gcc-arm-embedded-12.3.rel1/bin/../lib/gcc/arm-none-eabi/12.3.1/thumb/v6-m/nofp/crtbegin.o
                0x10012674                        . = ALIGN (0x4)

.ram_vector_table
                0x20000000       0xc0
 *(.ram_vector_table)
 .ram_vector_table
                0x20000000       0xc0 CMakeFiles/base_node.dir/home/runner/workspace/pico-sdk/src/rp2_common/pico_runtime_init/runtime_init.c.o
                0x20000000                ram_vector_table

.uninitialized_data
                0x200000c0        0x0
                0x200000c0                        . = ALIGN (0x4)
 *(.uninitialized_data*)

.data           0x200000c0      0x7d8 load address 0x10012674
                0x200000c0                        __data_start__ = .
 *(vtable)
 *(.time_critical*)
 .time_critical.mutex_try_enter_block_until
                0x200000c0       0x9c CMakeFiles/base_node.dir/home/runner/workspace/pico-sdk/src/common/pico_sync/mutex.c.o
                0x200000c0                mutex_try_enter_block_until
 .time_critical.mutex_exit
                0x2000015c       0x28 CMakeFiles/base_node.dir/home/runner/workspace/pico-sdk/src/common/pico_sync/mutex.c.o
                0x2000015c                mutex_exit
 *(.text*)
 .text          0x20000184        0x4 /nix/store/4vfqcxpwpgf9ynv23li3wsqi8yigi25i-gcc-arm-embedded-12.3.rel1/bin/../lib/gcc/arm-none-eabi/12.3.1/thumb/v6-m/nofp/libgcc.a(_dvmd_tls.o)
                0x20000184                __aeabi_ldiv0
                0x20000184                __aeabi_idiv0
 .text.__stub   0x20000188       0x10 linker stubs
                0x20000198                        . = ALIGN (0x4)
 *(.rodata*)
                0x20000198                        . = ALIGN (0x4)
 *(.data*)
 .data.soil_wet_threshold
                0x20000198        0x2 CMakeFiles/base_node.dir/main.c.o
 .data.soil_dry_threshold
                0x2000019a        0x2 CMakeFiles/base_node.dir/main.c.o
 .data.temp_low_threshold
                0x2000019c        0x4 CMakeFiles/base_node.dir/main.c.o
 .data.temp_high_threshold
                0x200001a0        0x4 CMakeFiles/base_node.dir/main.c.o
 .data.light_low_threshold
                0x200001a4        0x4 CMakeFiles/base_node.dir/main.c.o
 .data.light_high_threshold
                0x200001a8        0x4 CMakeFiles/base_node.dir/main.c.o
 .data.striped_spin_lock_num
                0x200001ac        0x1 CMakeFiles/base_node.dir/home/runner/workspace/pico-sdk/src/rp2_common/hardware_sync/sync.c.o
 *fill*         0x200001ad        0x3 
 .data.default_alarm_pool
                0x200001b0       0x18 CMakeFiles/base_node.dir/home/runner/workspace/pico-sdk/src/common/pico_time/time.c.o
 *fill*         0x200001c8        0x8 
 .data.aeabi_bits_funcs
                0x200001d0       0x10 CMakeFiles/base_node.dir/home/runner/workspace/pico-sdk/src/rp2_common/pico_bit_ops/bit_ops_aeabi.S.o
                0x200001d0                aeabi_bits_funcs
                0x200001e0                aeabi_bits_funcs_end
 .data.aeabi_mem_funcs
                0x200001e0       0x10 CMakeFiles/base_node.dir/home/runner/workspace/pico-sdk/src/rp2_common/pico_mem_ops/mem_ops_aeabi.S.o
                0x200001e0                aeabi_mem_funcs
                0x200001f0                aeabi_mem_funcs_end
 .data.__malloc_sbrk_base
                0x200001f0        0x4 /nix/store/4vfqcxpwpgf9ynv23li3wsqi8yigi25i-gcc-arm-embedded-12.3.rel1/bin/../lib/gcc/arm-none-eabi/12.3.1/../../../../arm-none-eabi/lib/thumb/v6-m/nofp/libg.a(libc_a-mallocr.o)
                0x200001f0                __malloc_sbrk_base
 .data.__malloc_trim_threshold
                0x200001f4        0x4 /nix/store/4vfqcxpwpgf9ynv23li3wsqi8yigi25i-gcc-arm-embedded-12.3.rel1/bin/../lib/gcc/arm-none-eabi/12.3.1/../../../../arm-none-eabi/lib/thumb/v6-m/nofp/libg.a(libc_a-mallocr.o)
                0x200001f4                __malloc_trim_threshold
 .data.__malloc_av_
                0x200001f8      0x408 /nix/store/4vfqcxpwpgf9ynv23li3wsqi8yigi25i-gcc-arm-embedded-12.3.rel1/bin/../lib/gcc/arm-none-eabi/12.3.1/../../../../arm-none-eabi/lib/thumb/v6-m/nofp/libg.a(libc_a-mallocr.o)
                0x200001f8                __malloc_av_
 .data.__global_locale
                0x20000600      0x16c /nix/store/4vfqcxpwpgf9ynv23li3wsqi8yigi25i-gcc-arm-embedded-12.3.rel1/bin/../lib/gcc/arm-none-eabi/12.3.1/../../../../arm-none-eabi/lib/thumb/v6-m/nofp/libg.a(libc_a-locale.o)
                0x20000600                __global_locale
 .data._impure_ptr
                0x2000076c        0x4 /nix/store/4vfqcxpwpgf9ynv23li3wsqi8yigi25i-gcc-arm-embedded-12.3.rel1/bin/../lib/gcc/arm-none-eabi/12.3.1/../../../../arm-none-eabi/lib/thumb/v6-m/nofp/libg.a(libc_a-impure.o)
                0x2000076c                _impure_ptr
 .data._impure_data
                0x20000770      0x120 /nix/store/4vfqcxpwpgf9ynv23li3wsqi8yigi25i-gcc-arm-embedded-12.3.rel1/bin/../lib/gcc/arm-none-eabi/12.3.1/../../../../arm-none-eabi/lib/thumb/v6-m/nofp/libg.a(libc_a-impure.o)
                0x20000770                _impure_data
                0x20000890                        . = ALIGN (0x4)
 *(.after_data.*)
                0x20000890                        . = ALIGN (0x4)
                0x20000890                        PROVIDE (__mutex_array_start = .)
 *(SORT_BY_NAME(.mutex_array.*))
 *(.mutex_array)
 .mutex_array   0x20000890        0x8 CMakeFiles/base_node.dir/home/runner/workspace/pico-sdk/src/rp2_common/pico_stdio/stdio.c.o
                0x20000898                        PROVIDE (__mutex_array_end = .)
                0x20000898                        . = ALIGN (0x4)
 *(.jcr)
                0x20000898                        . = ALIGN (0x4)

.tm_clone_table
                0x20000898        0x0 load address 0x10012e4c
 .tm_clone_table
                0x20000898        0x0 /nix/store/4vfqcxpwpgf9ynv23li3wsqi8yigi25i-gcc-arm-embedded-12.3.rel1/bin/../lib/gcc/arm-none-eabi/12.3.1/thumb/v6-m/nofp/crtbegin.o
 .tm_clone_table
                0x20000898        0x0 /nix/store/4vfqcxpwpgf9ynv23li3wsqi8yigi25i-gcc-arm-embedded-12.3.rel1/bin/../lib/gcc/arm-none-eabi/12.3.1/thumb/v6-m/nofp/crtend.o

.igot.plt       0x20000898        0x0 load address 0x10012e4c
 .igot.plt      0x20000898        0x0 /nix/store/4vfqcxpwpgf9ynv23li3wsqi8yigi25i-gcc-arm-embedded-12.3.rel1/bin/../lib/gcc/arm-none-eabi/12.3.1/thumb/v6-m/nofp/crtbegin.o

.tdata          0x20000898        0x0 load address 0x10012e4c
                0x20000898                        . = ALIGN (0x4)
 *(.tdata .tdata.* .gnu.linkonce.td.*)
                0x20000898                        __tdata_end = .
                0x20000898                        PROVIDE (__data_end__ = .)
                0x10012674                        __etext = LOADADDR (.data)

.tbss           0x20000898        0x0 load address 0x10012e4c
                0x20000898                        . = ALIGN (0x4)
                0x20000898                        __bss_start__ = .
                0x20000898                        __tls_base = .
 *(.tbss .tbss.* .gnu.linkonce.tb.*)
 *(.tcommon)
                0x20000898                        __tls_end = .

.bss            0x20000898      0x610 load address 0x10012e4c
                0x20000898                        . = ALIGN (0x4)
                0x20000898                        __tbss_end = .
 *(SORT_BY_ALIGNMENT(SORT_BY_NAME(.bss*)))
 .bss.default_alarm_pool_entries
                0x20000898      0x180 CMakeFiles/base_node.dir/home/runner/workspace/pico-sdk/src/common/pico_time/time.c.o
 .bss.next_led_toggle
                0x20000a18        0x8 CMakeFiles/base_node.dir/main.c.o
 .bss.next_ping
                0x20000a20        0x8 CMakeFiles/base_node.dir/main.c.o
 .bss.sd_table  0x20000a28      0x100 CMakeFiles/base_node.dir/home/runner/workspace/pico-sdk/src/rp2_common/pico_double/double_init_rom_rp2040.c.o
                0x20000a28                sd_table
 .bss.sf_table  0x20000b28      0x100 CMakeFiles/base_node.dir/home/runner/workspace/pico-sdk/src/rp2_common/pico_float/float_init_rom_rp2040.c.o
                0x20000b28                sf_table
 .bss.__lock___malloc_recursive_mutex
                0x20000c28        0x1 /nix/store/4vfqcxpwpgf9ynv23li3wsqi8yigi25i-gcc-arm-embedded-12.3.rel1/bin/../lib/gcc/arm-none-eabi/12.3.1/../../../../arm-none-eabi/lib/thumb/v6-m/nofp/libg.a(libc_a-lock.o)
                0x20000c28                __lock___malloc_recursive_mutex
 *fill*         0x20000c29        0x3 
 .bss.__malloc_current_mallinfo
                0x20000c2c       0x28 /nix/store/4vfqcxpwpgf9ynv23li3wsqi8yigi25i-gcc-arm-embedded-12.3.rel1/bin/../lib/gcc/arm-none-eabi/12.3.1/../../../../arm-none-eabi/lib/thumb/v6-m/nofp/libg.a(libc_a-mallocr.o)
                0x20000c2c                __malloc_current_mallinfo
 .bss.__malloc_max_sbrked_mem
                0x20000c54        0x4 /nix/store/4vfqcxpwpgf9ynv23li3wsqi8yigi25i-gcc-arm-embedded-12.3.rel1/bin/../lib/gcc/arm-none-eabi/12.3.1/../../../../arm-none-eabi/lib/thumb/v6-m/nofp/libg.a(libc_a-mallocr.o)
                0x20000c54                __malloc_max_sbrked_mem
 .bss.__malloc_max_total_mem
                0x20000c58        0x4 /nix/store/4vfqcxpwpgf9ynv23li3wsqi8yigi25i-gcc-arm-embedded-12.3.rel1/bin/../lib/gcc/arm-none-eabi/12.3.1/../../../../arm-none-eabi/lib/thumb/v6-m/nofp/libg.a(libc_a-mallocr.o)
                0x20000c58                __malloc_max_total_mem
 .bss.__malloc_top_pad
                0x20000c5c        0x4 /nix/store/4vfqcxpwpgf9ynv23li3wsqi8yigi25i-gcc-arm-embedded-12.3.rel1/bin/../lib/gcc/arm-none-eabi/12.3.1/../../../../arm-none-eabi/lib/thumb/v6-m/nofp/libg.a(libc_a-mallocr.o)
                0x20000c5c                __malloc_top_pad
 .bss.__sf      0x20000c60      0x138 /nix/store/4vfqcxpwpgf9ynv23li3wsqi8yigi25i-gcc-arm-embedded-12.3.rel1/bin/../lib/gcc/arm-none-eabi/12.3.1/../../../../arm-none-eabi/lib/thumb/v6-m/nofp/libg.a(libc_a-findfp.o)
                0x20000c60                __sf
 .bss.buf_pos.1
                0x20000d98        0x4 CMakeFiles/base_node.dir/main.c.o
 .bss.claimed   0x20000d9c        0x1 CMakeFiles/base_node.dir/home/runner/workspace/pico-sdk/src/rp2_common/hardware_timer/timer.c.o
 *fill*         0x20000d9d        0x3 
 .bss.cmd_buffer.0
                0x20000da0       0x80 CMakeFiles/base_node.dir/main.c.o
 .bss.configured_freq
                0x20000e20       0x28 CMakeFiles/base_node.dir/home/runner/workspace/pico-sdk/src/rp2_common/hardware_clocks/clocks.c.o
 .bss.drivers   0x20000e48        0x4 CMakeFiles/base_node.dir/home/runner/workspace/pico-sdk/src/rp2_common/pico_stdio/stdio.c.o
 .bss.errno     0x20000e4c        0x4 /nix/store/4vfqcxpwpgf9ynv23li3wsqi8yigi25i-gcc-arm-embedded-12.3.rel1/bin/../lib/gcc/arm-none-eabi/12.3.1/../../../../arm-none-eabi/lib/thumb/v6-m/nofp/libg.a(libc_a-reent.o)
                0x20000e4c                errno
 .bss.filter    0x20000e50        0x4 CMakeFiles/base_node.dir/home/runner/workspace/pico-sdk/src/rp2_common/pico_stdio/stdio.c.o
 .bss.heap_end.0
                0x20000e54        0x4 CMakeFiles/base_node.dir/home/runner/workspace/pico-sdk/src/rp2_common/pico_clib_interface/newlib_interface.c.o
 .bss.last_light_data
                0x20000e58        0xc CMakeFiles/base_node.dir/main.c.o
 .bss.last_light_update
                0x20000e64        0x4 CMakeFiles/base_node.dir/main.c.o
 .bss.lazy_vsnprintf
                0x20000e68        0x4 CMakeFiles/base_node.dir/home/runner/workspace/pico-sdk/src/rp2_common/pico_printf/printf.c.o
 .bss.object.0  0x20000e6c       0x18 /nix/store/4vfqcxpwpgf9ynv23li3wsqi8yigi25i-gcc-arm-embedded-12.3.rel1/bin/../lib/gcc/arm-none-eabi/12.3.1/thumb/v6-m/nofp/crtbegin.o
 .bss.pools     0x20000e84       0x10 CMakeFiles/base_node.dir/home/runner/workspace/pico-sdk/src/common/pico_time/time.c.o
 .bss.sf_clz_func
                0x20000e94        0x4 CMakeFiles/base_node.dir/home/runner/workspace/pico-sdk/src/rp2_common/pico_double/double_init_rom_rp2040.c.o
                0x20000e94                sf_clz_func
 .bss.sleep_notifier
                0x20000e98        0x4 CMakeFiles/base_node.dir/home/runner/workspace/pico-sdk/src/common/pico_time/time.c.o
 .bss.uart_char_to_line_feed
                0x20000e9c        0x4 CMakeFiles/base_node.dir/home/runner/workspace/pico-sdk/src/rp2_common/hardware_uart/uart.c.o
                0x20000e9c                uart_char_to_line_feed
 .bss.uart_instance
                0x20000ea0        0x4 CMakeFiles/base_node.dir/uart_protocol.c.o
 .bss.led_state
                0x20000ea4        0x1 CMakeFiles/base_node.dir/main.c.o
 *(COMMON)
                0x20000ea8                        . = ALIGN (0x4)
 *fill*         0x20000ea5        0x3 
                0x20000ea8                        __bss_end__ = .

.heap           0x20000ea8      0x800 load address 0x10012e4c
                0x20000ea8                        __end__ = .
                0x20000ea8                        end = __end__
 *(.heap*)
 .heap          0x20000ea8      0x800 CMakeFiles/base_node.dir/home/runner/workspace/pico-sdk/src/rp2_common/pico_crt0/crt0.S.o
                0x20040000                        __HeapLimit = (ORIGIN (RAM) + LENGTH (RAM))

.scratch_x      0x20040000        0x0 load address 0x10012e4c
                0x20040000                        __scratch_x_start__ = .
 *(.scratch_x.*)
                0x20040000                        . = ALIGN (0x4)
                0x20040000                        __scratch_x_end__ = .
                0x10012e4c                        __scratch_x_source__ = LOADADDR (.scratch_x)

.scratch_y      0x20041000        0x0 load address 0x10012e4c
                0x20041000                        __scratch_y_start__ = .
 *(.scratch_y.*)
                0x20041000                        . = ALIGN (0x4)
                0x20041000                        __scratch_y_end__ = .
                0x10012e4c                        __scratch_y_source__ = LOADADDR (.scratch_y)

.stack1_dummy
 *(.stack1*)

.stack_dummy    0x20041000      0x800
 *(.stack*)
 .stack         0x20041000      0x800 CMakeFiles/base_node.dir/home/runner/workspace/pico-sdk/src/rp2_common/pico_crt0/crt0.S.o

.flash_end      0x10012e4c        0x0
 *(.embedded_end_block*)
                0x10012e4c                        PROVIDE (__flash_binary_end = .)
                0x20040000                        __StackLimit = (ORIGIN (RAM) + LENGTH (RAM))
                0x20041000                        __StackOneTop = (ORIGIN (SCRATCH_X) + LENGTH (SCRATCH_X))
                0x20042000                        __StackTop = (ORIGIN (SCRATCH_Y) + LENGTH (SCRATCH_Y))
                0x20041000                        __StackOneBottom = (__StackOneTop - SIZEOF (.stack1_dummy))
                0x20041800                        __StackBottom = (__StackTop - SIZEOF (.stack_dummy))
                0x20042000                        PROVIDE (__stack = __StackTop)
                [!provide]                        PROVIDE (__heap_start = __end__)
                [!provide]                        PROVIDE (__heap_end = __HeapLimit)
                [!provide]                        PROVIDE (__tls_align = MAX (ALIGNOF (.tdata), ALIGNOF (.tbss)))
                [!provide]                        PROVIDE (__tls_size_align = (((__tls_size + __tls_align) - 0x1) & ~ ((__tls_align - 0x1))))
                [!provide]                        PROVIDE (__arm32_tls_tcb_offset = MAX (0x8, __tls_align))
                [!provide]                        PROVIDE (_end = __end__)
                [!provide]                        PROVIDE (__llvm_libc_heap_limit = __HeapLimit)
                0x00000001                        ASSERT ((__StackLimit >= __HeapLimit), region RAM overflowed)
                0x00000001                        ASSERT (((__binary_info_header_end - __logical_binary_start) <= 0x100), Binary info must be in first 256 bytes of the binary)
LOAD CMakeFiles/base_node.dir/main.c.o
LOAD CMakeFiles/base_node.dir/uart_protocol.c.o
LOAD CMakeFiles/base_node.dir/home/runner/workspace/pico-sdk/src/rp2_common/pico_stdlib/stdlib.c.o
LOAD CMakeFiles/base_node.dir/home/runner/workspace/pico-sdk/src/rp2_common/hardware_gpio/gpio.c.o
LOAD CMakeFiles/base_node.dir/home/runner/workspace/pico-sdk/src/rp2040/pico_platform/platform.c.o
LOAD CMakeFiles/base_node.dir/home/runner/workspace/pico-sdk/src/rp2_common/pico_platform_panic/panic.c.o
LOAD CMakeFiles/base_node.dir/home/runner/workspace/pico-sdk/src/common/hardware_claim/claim.c.o
LOAD CMakeFiles/base_node.dir/home/runner/workspace/pico-sdk/src/rp2_common/hardware_sync/sync.c.o
LOAD CMakeFiles/base_node.dir/home/runner/workspace/pico-sdk/src/rp2_common/hardware_sync_spin_lock/sync_spin_lock.c.o
LOAD CMakeFiles/base_node.dir/home/runner/workspace/pico-sdk/src/rp2_common/hardware_irq/irq.c.o
LOAD CMakeFiles/base_node.dir/home/runner/workspace/pico-sdk/src/rp2_common/hardware_irq/irq_handler_chain.S.o
LOAD CMakeFiles/base_node.dir/home/runner/workspace/pico-sdk/src/common/pico_sync/sem.c.o
LOAD CMakeFiles/base_node.dir/home/runner/workspace/pico-sdk/src/common/pico_sync/lock_core.c.o
LOAD CMakeFiles/base_node.dir/home/runner/workspace/pico-sdk/src/common/pico_sync/mutex.c.o
LOAD CMakeFiles/base_node.dir/home/runner/workspace/pico-sdk/src/common/pico_sync/critical_section.c.o
LOAD CMakeFiles/base_node.dir/home/runner/workspace/pico-sdk/src/common/pico_time/time.c.o
LOAD CMakeFiles/base_node.dir/home/runner/workspace/pico-sdk/src/common/pico_time/timeout_helper.c.o
LOAD CMakeFiles/base_node.dir/home/runner/workspace/pico-sdk/src/rp2_common/hardware_timer/timer.c.o
LOAD CMakeFiles/base_node.dir/home/runner/workspace/pico-sdk/src/common/pico_util/datetime.c.o
LOAD CMakeFiles/base_node.dir/home/runner/workspace/pico-sdk/src/common/pico_util/pheap.c.o
LOAD CMakeFiles/base_node.dir/home/runner/workspace/pico-sdk/src/common/pico_util/queue.c.o
LOAD CMakeFiles/base_node.dir/home/runner/workspace/pico-sdk/src/rp2_common/hardware_uart/uart.c.o
LOAD CMakeFiles/base_node.dir/home/runner/workspace/pico-sdk/src/rp2_common/hardware_clocks/clocks.c.o
LOAD CMakeFiles/base_node.dir/home/runner/workspace/pico-sdk/src/rp2_common/hardware_pll/pll.c.o
LOAD CMakeFiles/base_node.dir/home/runner/workspace/pico-sdk/src/rp2_common/hardware_vreg/vreg.c.o
LOAD CMakeFiles/base_node.dir/home/runner/workspace/pico-sdk/src/rp2_common/hardware_watchdog/watchdog.c.o
LOAD CMakeFiles/base_node.dir/home/runner/workspace/pico-sdk/src/rp2_common/hardware_ticks/ticks.c.o