Archive member included to satisfy reference by file (symbol)

app/libapp.a(main.c.obj)      (--whole-archive)
zephyr/libzephyr.a(heap.c.obj)
                              (--whole-archive)
zephyr/libzephyr.a(cbprintf_packaged.c.obj)
                              (--whole-archive)
zephyr/libzephyr.a(printk.c.obj)
                              (--whole-archive)
zephyr/libzephyr.a(sem.c.obj)
                              (--whole-archive)
zephyr/libzephyr.a(thread_entry.c.obj)
                              (--whole-archive)
zephyr/libzephyr.a(cbprintf_complete.c.obj)
                              (--whole-archive)
zephyr/libzephyr.a(assert.c.obj)
                              (--whole-archive)
zephyr/libzephyr.a(dec.c.obj)
                              (--whole-archive)
zephyr/libzephyr.a(hex.c.obj)
                              (--whole-archive)
zephyr/libzephyr.a(rb.c.obj)  (--whole-archive)
zephyr/libzephyr.a(timeutil.c.obj)
                              (--whole-archive)
zephyr/libzephyr.a(bitarray.c.obj)
                              (--whole-archive)
zephyr/libzephyr.a(ring_buffer.c.obj)
                              (--whole-archive)
zephyr/libzephyr.a(configs.c.obj)
                              (--whole-archive)
zephyr/libzephyr.a(log_core.c.obj)
                              (--whole-archive)
zephyr/libzephyr.a(log_mgmt.c.obj)
                              (--whole-archive)
zephyr/libzephyr.a(log_cache.c.obj)
                              (--whole-archive)
zephyr/libzephyr.a(log_msg.c.obj)
                              (--whole-archive)
zephyr/libzephyr.a(device.c.obj)
                              (--whole-archive)
zephyr/libzephyr.a(tracing_none.c.obj)
                              (--whole-archive)
zephyr/libzephyr.a(usb_device.c.obj)
                              (--whole-archive)
zephyr/libzephyr.a(usb_descriptor.c.obj)
                              (--whole-archive)
zephyr/libzephyr.a(usb_transfer.c.obj)
                              (--whole-archive)
zephyr/libzephyr.a(cdc_acm.c.obj)
                              (--whole-archive)
zephyr/libzephyr.a(bos.c.obj)
                              (--whole-archive)
zephyr/libzephyr.a(os_desc.c.obj)
                              (--whole-archive)
zephyr/libzephyr.a(usb_work_q.c.obj)
                              (--whole-archive)
zephyr/arch/common/libarch__common.a(sw_isr_common.c.obj)
                              (--whole-archive)
zephyr/arch/arch/arm/core/libarch__arm__core.a(fatal.c.obj)
                              (--whole-archive)
zephyr/arch/arch/arm/core/libarch__arm__core.a(nmi.c.obj)
                              (--whole-archive)
zephyr/arch/arch/arm/core/libarch__arm__core.a(nmi_on_reset.S.obj)
                              (--whole-archive)
zephyr/arch/arch/arm/core/libarch__arm__core.a(tls.c.obj)
                              (--whole-archive)
zephyr/arch/arch/arm/core/cortex_m/libarch__arm__core__cortex_m.a(exc_exit.S.obj)
                              (--whole-archive)
zephyr/arch/arch/arm/core/cortex_m/libarch__arm__core__cortex_m.a(fault.c.obj)
                              (--whole-archive)
zephyr/arch/arch/arm/core/cortex_m/libarch__arm__core__cortex_m.a(fault_s.S.obj)
                              (--whole-archive)
zephyr/arch/arch/arm/core/cortex_m/libarch__arm__core__cortex_m.a(fpu.c.obj)
                              (--whole-archive)
zephyr/arch/arch/arm/core/cortex_m/libarch__arm__core__cortex_m.a(reset.S.obj)
                              (--whole-archive)
zephyr/arch/arch/arm/core/cortex_m/libarch__arm__core__cortex_m.a(scb.c.obj)
                              (--whole-archive)
zephyr/arch/arch/arm/core/cortex_m/libarch__arm__core__cortex_m.a(thread_abort.c.obj)
                              (--whole-archive)
zephyr/arch/arch/arm/core/cortex_m/libarch__arm__core__cortex_m.a(vector_table.S.obj)
                              (--whole-archive)
zephyr/arch/arch/arm/core/cortex_m/libarch__arm__core__cortex_m.a(swap.c.obj)
                              (--whole-archive)
zephyr/arch/arch/arm/core/cortex_m/libarch__arm__core__cortex_m.a(swap_helper.S.obj)
                              (--whole-archive)
zephyr/arch/arch/arm/core/cortex_m/libarch__arm__core__cortex_m.a(irq_manage.c.obj)
                              (--whole-archive)
zephyr/arch/arch/arm/core/cortex_m/libarch__arm__core__cortex_m.a(prep_c.c.obj)
                              (--whole-archive)
zephyr/arch/arch/arm/core/cortex_m/libarch__arm__core__cortex_m.a(thread.c.obj)
                              (--whole-archive)
zephyr/arch/arch/arm/core/cortex_m/libarch__arm__core__cortex_m.a(cpu_idle.S.obj)
                              (--whole-archive)
zephyr/arch/arch/arm/core/cortex_m/libarch__arm__core__cortex_m.a(irq_init.c.obj)
                              (--whole-archive)
zephyr/arch/arch/arm/core/cortex_m/libarch__arm__core__cortex_m.a(isr_wrapper.S.obj)
                              (--whole-archive)
[...]
Memory Configuration

Name             Origin             Length             Attributes
BOOT_FLASH       0x0000000010000000 0x0000000000000100 r
FLASH            0x0000000010000100 0x00000000001fff00 xr
RAM              0x0000000020000000 0x0000000000042000 xw
IDT_LIST         0x00000000ffff7fff 0x0000000000008000 xw
*default*        0x0000000000000000 0xffffffffffffffff

Linker script and memory map

                0x0000000000000000                vfprintf = __l_vfprintf
                0x0000000000000000                vfscanf = __l_vfscanf
LOAD zephyr/CMakeFiles/zephyr_pre0.dir/misc/empty_file.c.obj
LOAD zephyr/CMakeFiles/offsets.dir/./arch/arm/core/offsets/offsets.c.obj
LOAD app/libapp.a
LOAD zephyr/libzephyr.a
LOAD zephyr/arch/common/libarch__common.a
LOAD zephyr/arch/arch/arm/core/libarch__arm__core.a
LOAD zephyr/arch/arch/arm/core/cortex_m/libarch__arm__core__cortex_m.a
LOAD zephyr/lib/libc/picolibc/liblib__libc__picolibc.a
LOAD zephyr/lib/libc/common/liblib__libc__common.a
LOAD zephyr/soc/soc/arm/rpi_pico/rp2/libsoc__arm__rpi_pico__rp2.a
LOAD zephyr/drivers/usb/device/libdrivers__usb__device.a
LOAD zephyr/drivers/clock_control/libdrivers__clock_control.a
LOAD zephyr/drivers/gpio/libdrivers__gpio.a
LOAD zephyr/drivers/hwinfo/libdrivers__hwinfo.a
LOAD zephyr/drivers/i2c/libdrivers__i2c.a
LOAD zephyr/drivers/pinctrl/libdrivers__pinctrl.a
LOAD zephyr/drivers/reset/libdrivers__reset.a
LOAD zephyr/drivers/sensor/bme680/libdrivers__sensor__bme680.a
LOAD zephyr/drivers/serial/libdrivers__serial.a
LOAD zephyr/drivers/timer/libdrivers__timer.a
LOAD modules/hal_rpi_pico/libmodules__hal_rpi_pico.a
LOAD zephyr/kernel/libkernel.a
LOAD /home/reva/zephyr-sdk-0.17.0/arm-zephyr-eabi/bin/../lib/gcc/arm-zephyr-eabi/12.2.0/thumb/v6-m/nofp/libgcc.a
LOAD zephyr/arch/common/libisr_tables.a
LOAD /home/reva/zephyr-sdk-0.17.0/arm-zephyr-eabi/bin/../lib/gcc/../../picolibc/arm-zephyr-eabi/lib/thumb/v6-m/nofp/libc.a
LOAD /home/reva/zephyr-sdk-0.17.0/arm-zephyr-eabi/bin/../lib/gcc/arm-zephyr-eabi/12.2.0/thumb/v6-m/nofp/libgcc.a

.boot2          0x0000000010000000      0x100
 *(SORT_BY_ALIGNMENT(.boot2))
 .boot2         0x0000000010000000      0x100 modules/hal_rpi_pico/libmodules__hal_rpi_pico.a(boot_stage2.S.obj)
                0x0000000000000004                _region_min_align = 0x4

.rel.plt        0x0000000010000100        0x0
 *(SORT_BY_ALIGNMENT(.rel.plt))
                [!provide]                        PROVIDE (__rel_iplt_start = .)
 *(SORT_BY_ALIGNMENT(.rel.iplt))
 .rel.iplt      0x0000000010000100        0x0 app/libapp.a(main.c.obj)
                [!provide]                        PROVIDE (__rel_iplt_end = .)

.rela.plt       0x0000000010000100        0x0
 *(SORT_BY_ALIGNMENT(.rela.plt))
                [!provide]                        PROVIDE (__rela_iplt_start = .)
 *(SORT_BY_ALIGNMENT(.rela.iplt))
                [!provide]                        PROVIDE (__rela_iplt_end = .)

.rel.dyn
 *(SORT_BY_ALIGNMENT(.rel.*))

.rela.dyn
 *(SORT_BY_ALIGNMENT(.rela.*))

/DISCARD/
 *(SORT_BY_ALIGNMENT(.plt))

/DISCARD/
 *(SORT_BY_ALIGNMENT(.iplt))
                0x0000000010000100                __rom_region_start = 0x10000100

rom_start       0x0000000010000100       0xa8
                0x0000000010000100                __rom_start_address = .
 FILL mask 0x00
                0x0000000010000100                . = (. + (0x0 - (. - __rom_start_address)))
                0x0000000010000100                . = ALIGN (0x4)
                0x0000000010000100                . = ALIGN (0x100)
                0x0000000010000100                . = ALIGN (0x100)
                0x0000000010000100                _vector_start = .
 *(SORT_BY_ALIGNMENT(.exc_vector_table))
 *(SORT_BY_ALIGNMENT(.exc_vector_table.*))
 .exc_vector_table._vector_table_section
                0x0000000010000100       0x40 zephyr/arch/arch/arm/core/cortex_m/libarch__arm__core__cortex_m.a(vector_table.S.obj)
                0x0000000010000100                _vector_table
 *(SORT_BY_ALIGNMENT(.vectors))
                0x00000000100001a8                _vector_end = .
                0x0000000010000140                . = ALIGN (0x4)
 *(SORT_BY_ALIGNMENT(.gnu.linkonce.irq_vector_table*))
 .gnu.linkonce.irq_vector_table
                0x0000000010000140       0x68 zephyr/arch/common/libisr_tables.a(isr_tables.c.obj)
                0x0000000010000140                _irq_vector_table
                0x00000000100001a8                _vector_end = .

text            0x00000000100001a8     0x9070
                0x00000000100001a8                __text_region_start = .
 *(SORT_BY_ALIGNMENT(.text))
 .text          0x00000000100001a8       0x14 /home/reva/zephyr-sdk-0.17.0/arm-zephyr-eabi/bin/../lib/gcc/arm-zephyr-eabi/12.2.0/thumb/v6-m/nofp/libgcc.a(_thumb1_case_sqi.o)
                0x00000000100001a8                __gnu_thumb1_case_sqi
 .text          0x00000000100001bc       0x14 /home/reva/zephyr-sdk-0.17.0/arm-zephyr-eabi/bin/../lib/gcc/arm-zephyr-eabi/12.2.0/thumb/v6-m/nofp/libgcc.a(_thumb1_case_uqi.o)
                0x00000000100001bc                __gnu_thumb1_case_uqi
 .text          0x00000000100001d0       0x14 /home/reva/zephyr-sdk-0.17.0/arm-zephyr-eabi/bin/../lib/gcc/arm-zephyr-eabi/12.2.0/thumb/v6-m/nofp/libgcc.a(_thumb1_case_uhi.o)
                0x00000000100001d0                __gnu_thumb1_case_uhi
 .text          0x00000000100001e4       0x8c /home/reva/zephyr-sdk-0.17.0/arm-zephyr-eabi/bin/../lib/gcc/arm-zephyr-eabi/12.2.0/thumb/v6-m/nofp/libgcc.a(_udivsi3.o)
                0x00000000100001e4                __udivsi3
                0x00000000100001e4                __aeabi_uidiv
                0x000000001000025c                __aeabi_uidivmod
 .text          0x0000000010000270       0xa8 /home/reva/zephyr-sdk-0.17.0/arm-zephyr-eabi/bin/../lib/gcc/arm-zephyr-eabi/12.2.0/thumb/v6-m/nofp/libgcc.a(_divsi3.o)
                0x0000000010000270                __aeabi_idiv
                0x0000000010000270                __divsi3
                0x0000000010000304                __aeabi_idivmod
 .text          0x0000000010000318        0x4 /home/reva/zephyr-sdk-0.17.0/arm-zephyr-eabi/bin/../lib/gcc/arm-zephyr-eabi/12.2.0/thumb/v6-m/nofp/libgcc.a(_dvmd_tls.o)
                0x0000000010000318                __aeabi_ldiv0
                0x0000000010000318                __aeabi_idiv0
 .text          0x000000001000031c       0x3c /home/reva/zephyr-sdk-0.17.0/arm-zephyr-eabi/bin/../lib/gcc/arm-zephyr-eabi/12.2.0/thumb/v6-m/nofp/libgcc.a(_clzsi2.o)
                0x000000001000031c                __clzsi2
 .text          0x0000000010000358       0x40 /home/reva/zephyr-sdk-0.17.0/arm-zephyr-eabi/bin/../lib/gcc/arm-zephyr-eabi/12.2.0/thumb/v6-m/nofp/libgcc.a(_ctzsi2.o)
                0x0000000010000358                __ctzsi2
 .text          0x0000000010000398       0x48 /home/reva/zephyr-sdk-0.17.0/arm-zephyr-eabi/bin/../lib/gcc/arm-zephyr-eabi/12.2.0/thumb/v6-m/nofp/libgcc.a(_aeabi_ldivmod.o)
                0x0000000010000398                __aeabi_ldivmod
 .text          0x00000000100003e0       0x40 /home/reva/zephyr-sdk-0.17.0/arm-zephyr-eabi/bin/../lib/gcc/arm-zephyr-eabi/12.2.0/thumb/v6-m/nofp/libgcc.a(_aeabi_uldivmod.o)
                0x00000000100003e0                __aeabi_uldivmod
 .text          0x0000000010000420      0x2e8 /home/reva/zephyr-sdk-0.17.0/arm-zephyr-eabi/bin/../lib/gcc/arm-zephyr-eabi/12.2.0/thumb/v6-m/nofp/libgcc.a(addsf3.o)
                0x0000000010000420                __aeabi_fadd
 .text          0x0000000010000708      0x1c4 /home/reva/zephyr-sdk-0.17.0/arm-zephyr-eabi/bin/../lib/gcc/arm-zephyr-eabi/12.2.0/thumb/v6-m/nofp/libgcc.a(divsf3.o)
                0x0000000010000708                __aeabi_fdiv
 .text          0x00000000100008cc      0x1ec /home/reva/zephyr-sdk-0.17.0/arm-zephyr-eabi/bin/../lib/gcc/arm-zephyr-eabi/12.2.0/thumb/v6-m/nofp/libgcc.a(mulsf3.o)
                0x00000000100008cc                __aeabi_fmul
 .text          0x0000000010000ab8       0x3c /home/reva/zephyr-sdk-0.17.0/arm-zephyr-eabi/bin/../lib/gcc/arm-zephyr-eabi/12.2.0/thumb/v6-m/nofp/libgcc.a(fixsfsi.o)
                0x0000000010000ab8                __aeabi_f2iz
 .text          0x0000000010000af4       0x78 /home/reva/zephyr-sdk-0.17.0/arm-zephyr-eabi/bin/../lib/gcc/arm-zephyr-eabi/12.2.0/thumb/v6-m/nofp/libgcc.a(floatunsisf.o)
                0x0000000010000af4                __aeabi_ui2f
 .text          0x0000000010000b6c      0x504 /home/reva/zephyr-sdk-0.17.0/arm-zephyr-eabi/bin/../lib/gcc/arm-zephyr-eabi/12.2.0/thumb/v6-m/nofp/libgcc.a(divdf3.o)
                0x0000000010000b6c                __aeabi_ddiv
 .text          0x0000000010001070       0x54 /home/reva/zephyr-sdk-0.17.0/arm-zephyr-eabi/bin/../lib/gcc/arm-zephyr-eabi/12.2.0/thumb/v6-m/nofp/libgcc.a(floatsidf.o)
                0x0000000010001070                __aeabi_i2d
 .text          0x00000000100010c4       0x18 /home/reva/zephyr-sdk-0.17.0/arm-zephyr-eabi/bin/../lib/gcc/arm-zephyr-eabi/12.2.0/thumb/v6-m/nofp/libgcc.a(_lshrdi3.o)
                0x00000000100010c4                __aeabi_llsr
                0x00000000100010c4                __lshrdi3
 .text          0x00000000100010dc       0x18 /home/reva/zephyr-sdk-0.17.0/arm-zephyr-eabi/bin/../lib/gcc/arm-zephyr-eabi/12.2.0/thumb/v6-m/nofp/libgcc.a(_ashldi3.o)
                0x00000000100010dc                __ashldi3
                0x00000000100010dc                __aeabi_llsl
 .text          0x00000000100010f4       0x18 /home/reva/zephyr-sdk-0.17.0/arm-zephyr-eabi/bin/../lib/gcc/arm-zephyr-eabi/12.2.0/thumb/v6-m/nofp/libgcc.a(_clzdi2.o)
                0x00000000100010f4                __clzdi2
 .text          0x000000001000110c       0x44 /home/reva/zephyr-sdk-0.17.0/arm-zephyr-eabi/bin/../lib/gcc/arm-zephyr-eabi/12.2.0/thumb/v6-m/nofp/libgcc.a(_muldi3.o)
                0x000000001000110c                __aeabi_lmul
                0x000000001000110c                __muldi3
 .text          0x0000000010001150       0xde /home/reva/zephyr-sdk-0.17.0/arm-zephyr-eabi/bin/../lib/gcc/arm-zephyr-eabi/12.2.0/thumb/v6-m/nofp/libgcc.a(_udivmoddi4.o)
                0x0000000010001150                __udivmoddi4
 .text          0x000000001000122e       0x30 /home/reva/zephyr-sdk-0.17.0/arm-zephyr-eabi/bin/../lib/gcc/arm-zephyr-eabi/12.2.0/thumb/v6-m/nofp/libgcc.a(bpabi.o)
                0x000000001000122e                __gnu_ldivmod_helper
 .text          0x000000001000125e      0x142 /home/reva/zephyr-sdk-0.17.0/arm-zephyr-eabi/bin/../lib/gcc/arm-zephyr-eabi/12.2.0/thumb/v6-m/nofp/libgcc.a(_divdi3.o)
                0x000000001000125e                __divdi3
 .text          0x00000000100013a0        0xe /home/reva/zephyr-sdk-0.17.0/arm-zephyr-eabi/bin/../lib/gcc/../../picolibc/arm-zephyr-eabi/lib/thumb/v6-m/nofp/libc.a(strlen.S.o)
                0x00000000100013a0                strlen
 *(SORT_BY_ALIGNMENT(.text.*))
 *fill*         0x00000000100013ae        0x2 
 .text.main     0x00000000100013b0      0x210 app/libapp.a(main.c.obj)
                0x00000000100013b0                main
 .text.cbvprintf_package
                0x00000000100015c0      0x3c4 zephyr/libzephyr.a(cbprintf_packaged.c.obj)
                0x00000000100015c0                cbvprintf_package
 .text.z_thread_entry
                0x0000000010001984       0x30 zephyr/libzephyr.a(thread_entry.c.obj)
                0x0000000010001984                z_thread_entry
 .text.z_log_init.isra.0
                0x00000000100019b4       0xd0 zephyr/libzephyr.a(log_core.c.obj)
 .text.log_core_init
                0x0000000010001a84       0x2c zephyr/libzephyr.a(log_core.c.obj)
                0x0000000010001a84                log_core_init
 .text.z_impl_log_panic
                0x0000000010001ab0       0x40 zephyr/libzephyr.a(log_core.c.obj)
                0x0000000010001ab0                z_impl_log_panic
 .text.z_log_dropped
                0x0000000010001af0       0x20 zephyr/libzephyr.a(log_core.c.obj)
                0x0000000010001af0                z_log_dropped
 .text.z_log_msg_commit
                0x0000000010001b10       0x38 zephyr/libzephyr.a(log_core.c.obj)
                0x0000000010001b10                z_log_msg_commit
 .text.log_backend_enable
                0x0000000010001b48       0x28 zephyr/libzephyr.a(log_mgmt.c.obj)
                0x0000000010001b48                log_backend_enable
 .text.z_log_msg_runtime_vcreate
                0x0000000010001b70       0x8c zephyr/libzephyr.a(log_msg.c.obj)
                0x0000000010001b70                z_log_msg_runtime_vcreate
 .text.usb_reset_alt_setting
                0x0000000010001bfc       0x14 zephyr/libzephyr.a(usb_device.c.obj)
 .text.is_ep_valid.part.0
                0x0000000010001c10       0x34 zephyr/libzephyr.a(usb_device.c.obj)
 .text.usb_handle_request.constprop.0
                0x0000000010001c44       0xbc zephyr/libzephyr.a(usb_device.c.obj)
 .text.vendor_handler
                0x0000000010001d00       0x84 zephyr/libzephyr.a(usb_device.c.obj)
 .text.custom_handler
                0x0000000010001d84       0x90 zephyr/libzephyr.a(usb_device.c.obj)
 .text.get_ep_bm_from_addr
                0x0000000010001e14       0x48 zephyr/libzephyr.a(usb_device.c.obj)
 .text.disable_endpoint
                0x0000000010001e5c       0x6c zephyr/libzephyr.a(usb_device.c.obj)
 .text.class_handler
                0x0000000010001ec8       0x80 zephyr/libzephyr.a(usb_device.c.obj)
 .text.forward_status_cb
                0x0000000010001f48       0xa8 zephyr/libzephyr.a(usb_device.c.obj)
 .text.usb_halt_endpoint_req.isra.0
                0x0000000010001ff0       0x94 zephyr/libzephyr.a(usb_device.c.obj)
 .text.reset_endpoint.isra.0
                0x0000000010002084       0x4c zephyr/libzephyr.a(usb_device.c.obj)
 .text.set_endpoint
                0x00000000100020d0      0x114 zephyr/libzephyr.a(usb_device.c.obj)
 .text.usb_handle_standard_request
                0x00000000100021e4      0x500 zephyr/libzephyr.a(usb_device.c.obj)
 .text.usb_write
                0x00000000100026e4       0x50 zephyr/libzephyr.a(usb_device.c.obj)
                0x00000000100026e4                usb_write
 .text.usb_data_to_host
                0x0000000010002734       0x8c zephyr/libzephyr.a(usb_device.c.obj)
 .text.usb_handle_control_transfer
                0x00000000100027c0      0x1bc zephyr/libzephyr.a(usb_device.c.obj)
 .text.usb_set_config
                0x000000001000297c       0x2c zephyr/libzephyr.a(usb_device.c.obj)
                0x000000001000297c                usb_set_config
 .text.usb_enable
                0x00000000100029a8      0x1c0 zephyr/libzephyr.a(usb_device.c.obj)
                0x00000000100029a8                usb_enable
 .text.usb_device_init
                0x0000000010002b68       0x48 zephyr/libzephyr.a(usb_device.c.obj)
 .text.usb_update_sn_string_descriptor
                0x0000000010002bb0       0xa4 zephyr/libzephyr.a(usb_descriptor.c.obj)
                0x0000000010002bb0                usb_update_sn_string_descriptor
 .text.usb_get_device_descriptor
                0x0000000010002c54      0x498 zephyr/libzephyr.a(usb_descriptor.c.obj)
                0x0000000010002c54                usb_get_device_descriptor
 .text.usb_get_dev_data_by_cfg
                0x00000000100030ec       0x4c zephyr/libzephyr.a(usb_descriptor.c.obj)
                0x00000000100030ec                usb_get_dev_data_by_cfg
 .text.usb_get_dev_data_by_iface
                0x0000000010003138       0x50 zephyr/libzephyr.a(usb_descriptor.c.obj)
                0x0000000010003138                usb_get_dev_data_by_iface
 .text.usb_get_dev_data_by_ep
                0x0000000010003188       0x60 zephyr/libzephyr.a(usb_descriptor.c.obj)
                0x0000000010003188                usb_get_dev_data_by_ep
 .text.usb_ep_get_transfer
                0x00000000100031e8       0x2c zephyr/libzephyr.a(usb_transfer.c.obj)
 .text.usb_transfer_work
                0x0000000010003214      0x194 zephyr/libzephyr.a(usb_transfer.c.obj)
 .text.usb_transfer_ep_callback
                0x00000000100033a8       0x70 zephyr/libzephyr.a(usb_transfer.c.obj)
                0x00000000100033a8                usb_transfer_ep_callback
 .text.usb_transfer
                0x0000000010003418      0x144 zephyr/libzephyr.a(usb_transfer.c.obj)
                0x0000000010003418                usb_transfer
 .text.usb_cancel_transfer
                0x000000001000355c       0x34 zephyr/libzephyr.a(usb_transfer.c.obj)
                0x000000001000355c                usb_cancel_transfer
 .text.usb_cancel_transfers
                0x0000000010003590       0x6c zephyr/libzephyr.a(usb_transfer.c.obj)
                0x0000000010003590                usb_cancel_transfers
 .text.usb_transfer_init
                0x00000000100035fc       0x30 zephyr/libzephyr.a(usb_transfer.c.obj)
                0x00000000100035fc                usb_transfer_init
 .text.cdc_acm_class_handle_req
                0x000000001000362c       0x58 zephyr/libzephyr.a(cdc_acm.c.obj)
                0x000000001000362c                cdc_acm_class_handle_req
 .text.cdc_acm_int_in
                0x0000000010003684       0x1c zephyr/libzephyr.a(cdc_acm.c.obj)
 .text.cdc_acm_irq_rx_enable
                0x00000000100036a0       0x2c zephyr/libzephyr.a(cdc_acm.c.obj)
 .text.cdc_acm_irq_tx_enable
                0x00000000100036cc       0x2c zephyr/libzephyr.a(cdc_acm.c.obj)
 .text.cdc_acm_write_cb
                0x00000000100036f8       0x5c zephyr/libzephyr.a(cdc_acm.c.obj)
 .text.cdc_acm_fifo_fill
                0x0000000010003754       0x40 zephyr/libzephyr.a(cdc_acm.c.obj)
 .text.cdc_acm_reset_port
                0x0000000010003794       0x38 zephyr/libzephyr.a(cdc_acm.c.obj)
 .text.tx_work_handler
                0x00000000100037cc       0x6c zephyr/libzephyr.a(cdc_acm.c.obj)
 .text.cdc_acm_init
                0x0000000010003838       0x48 zephyr/libzephyr.a(cdc_acm.c.obj)
 .text.cdc_acm_poll_out
                0x0000000010003880       0x54 zephyr/libzephyr.a(cdc_acm.c.obj)
 .text.cdc_acm_read_cb
                0x00000000100038d4       0x7c zephyr/libzephyr.a(cdc_acm.c.obj)
 .text.cdc_acm_dev_status_cb
                0x0000000010003950       0x80 zephyr/libzephyr.a(cdc_acm.c.obj)
 .text.z_log_msg_runtime_create.constprop.0
                0x00000000100039d0       0x24 zephyr/libzephyr.a(bos.c.obj)
 .text.usb_handle_bos
                0x00000000100039f4       0x54 zephyr/libzephyr.a(bos.c.obj)
                0x00000000100039f4                usb_handle_bos
 .text.usb_handle_os_desc
                0x0000000010003a48       0x60 zephyr/libzephyr.a(os_desc.c.obj)
                0x0000000010003a48                usb_handle_os_desc
 .text.usb_handle_os_desc_feature
                0x0000000010003aa8       0x88 zephyr/libzephyr.a(os_desc.c.obj)
                0x0000000010003aa8                usb_handle_os_desc_feature
 .text.usb_os_desc_enabled
                0x0000000010003b30       0x10 zephyr/libzephyr.a(os_desc.c.obj)
                0x0000000010003b30                usb_os_desc_enabled
 .text.z_usb_work_q_init
                0x0000000010003b40       0x30 zephyr/libzephyr.a(usb_work_q.c.obj)
 .text.z_arm_fatal_error
                0x0000000010003b70       0xa0 zephyr/arch/arch/arm/core/libarch__arm__core.a(fatal.c.obj)
                0x0000000010003b70                z_arm_fatal_error
 .text.z_SysNmiOnReset
                0x0000000010003c10        0x4 zephyr/arch/arch/arm/core/libarch__arm__core.a(nmi_on_reset.S.obj)
                0x0000000010003c10                z_SysNmiOnReset
 .text.arch_tls_stack_setup
                0x0000000010003c14       0x68 zephyr/arch/arch/arm/core/libarch__arm__core.a(tls.c.obj)
                0x0000000010003c14                arch_tls_stack_setup
 .text._HandlerModeExit
                0x0000000010003c7c       0x20 zephyr/arch/arch/arm/core/cortex_m/libarch__arm__core__cortex_m.a(exc_exit.S.obj)
                0x0000000010003c7c                z_arm_exc_exit
                0x0000000010003c7c                z_arm_int_exit
 .text.z_arm_fault
                0x0000000010003c9c      0x134 zephyr/arch/arch/arm/core/cortex_m/libarch__arm__core__cortex_m.a(fault.c.obj)
                0x0000000010003c9c                z_arm_fault
 .text.__fault  0x0000000010003dd0       0x14 zephyr/arch/arch/arm/core/cortex_m/libarch__arm__core__cortex_m.a(fault_s.S.obj)
                0x0000000010003dd0                z_arm_exc_spurious
                0x0000000010003dd0                z_arm_hard_fault
 .text._reset_section
                0x0000000010003de4       0x28 zephyr/arch/arch/arm/core/cortex_m/libarch__arm__core__cortex_m.a(reset.S.obj)
                0x0000000010003de4                z_arm_reset
                0x0000000010003de4                __start
 .text.z_impl_k_thread_abort
                0x0000000010003e0c       0x38 zephyr/arch/arch/arm/core/cortex_m/libarch__arm__core__cortex_m.a(thread_abort.c.obj)
                0x0000000010003e0c                z_impl_k_thread_abort
 .text.arch_swap
                0x0000000010003e44       0x2c zephyr/arch/arch/arm/core/cortex_m/libarch__arm__core__cortex_m.a(swap.c.obj)
                0x0000000010003e44                arch_swap
 .text.z_arm_pendsv
                0x0000000010003e70       0x70 zephyr/arch/arch/arm/core/cortex_m/libarch__arm__core__cortex_m.a(swap_helper.S.obj)
                0x0000000010003e70                z_arm_pendsv
 .text.z_arm_svc
                0x0000000010003ee0       0x24 zephyr/arch/arch/arm/core/cortex_m/libarch__arm__core__cortex_m.a(swap_helper.S.obj)
                0x0000000010003ee0                z_arm_svc
 .text.arch_irq_enable
                0x0000000010003f04       0x18 zephyr/arch/arch/arm/core/cortex_m/libarch__arm__core__cortex_m.a(irq_manage.c.obj)
                0x0000000010003f04                arch_irq_enable
 .text.arch_irq_disable
                0x0000000010003f1c       0x20 zephyr/arch/arch/arm/core/cortex_m/libarch__arm__core__cortex_m.a(irq_manage.c.obj)
                0x0000000010003f1c                arch_irq_disable
 .text.z_arm_irq_priority_set
                0x0000000010003f3c       0x54 zephyr/arch/arch/arm/core/cortex_m/libarch__arm__core__cortex_m.a(irq_manage.c.obj)
                0x0000000010003f3c                z_arm_irq_priority_set
 .text.z_prep_c
                0x0000000010003f90       0x2c zephyr/arch/arch/arm/core/cortex_m/libarch__arm__core__cortex_m.a(prep_c.c.obj)
                0x0000000010003f90                z_prep_c
 .text.arch_new_thread
                0x0000000010003fbc       0x2c zephyr/arch/arch/arm/core/cortex_m/libarch__arm__core__cortex_m.a(thread.c.obj)
                0x0000000010003fbc                arch_new_thread
 .text.arch_switch_to_main_thread
                0x0000000010003fe8       0x28 zephyr/arch/arch/arm/core/cortex_m/libarch__arm__core__cortex_m.a(thread.c.obj)
                0x0000000010003fe8                arch_switch_to_main_thread
 .text.z_arm_cpu_idle_init
                0x0000000010004010        0xc zephyr/arch/arch/arm/core/cortex_m/libarch__arm__core__cortex_m.a(cpu_idle.S.obj)
                0x0000000010004010                z_arm_cpu_idle_init
 .text.arch_cpu_idle
                0x000000001000401c       0x10 zephyr/arch/arch/arm/core/cortex_m/libarch__arm__core__cortex_m.a(cpu_idle.S.obj)
                0x000000001000401c                arch_cpu_idle
 .text.z_arm_interrupt_init
                0x000000001000402c       0x30 zephyr/arch/arch/arm/core/cortex_m/libarch__arm__core__cortex_m.a(irq_init.c.obj)
                0x000000001000402c                z_arm_interrupt_init
 .text._isr_wrapper
                0x000000001000405c       0x28 zephyr/arch/arch/arm/core/cortex_m/libarch__arm__core__cortex_m.a(isr_wrapper.S.obj)
                0x000000001000405c                _isr_wrapper
 .text.malloc_prepare
                0x0000000010004084       0x24 zephyr/lib/libc/common/liblib__libc__common.a(malloc.c.obj)
 .text.udc_rpi_get_ep_state
                0x00000000100040a8       0x2c zephyr/drivers/usb/device/libdrivers__usb__device.a(usb_dc_rpi_pico.c.obj)
 .text.udc_rpi_cancel_endpoint
                0x00000000100040d4       0x78 zephyr/drivers/usb/device/libdrivers__usb__device.a(usb_dc_rpi_pico.c.obj)
 .text.udc_rpi_start_xfer
                0x000000001000414c       0xbc zephyr/drivers/usb/device/libdrivers__usb__device.a(usb_dc_rpi_pico.c.obj)
 .text.usb_rpi_init
                0x0000000010004208       0x6c zephyr/drivers/usb/device/libdrivers__usb__device.a(usb_dc_rpi_pico.c.obj)
 .text.k_msgq_put.constprop.0.isra.0
                0x0000000010004274       0x14 zephyr/drivers/usb/device/libdrivers__usb__device.a(usb_dc_rpi_pico.c.obj)
 .text.udc_rpi_handle_resume
                0x0000000010004288       0x54 zephyr/drivers/usb/device/libdrivers__usb__device.a(usb_dc_rpi_pico.c.obj)
 .text.udc_rpi_thread_main
                0x00000000100042dc       0x60 zephyr/drivers/usb/device/libdrivers__usb__device.a(usb_dc_rpi_pico.c.obj)
 .text.udc_rpi_isr
                0x000000001000433c      0x3e0 zephyr/drivers/usb/device/libdrivers__usb__device.a(usb_dc_rpi_pico.c.obj)
 .text.usb_dc_attach
                0x000000001000471c       0xd4 zephyr/drivers/usb/device/libdrivers__usb__device.a(usb_dc_rpi_pico.c.obj)
                0x000000001000471c                usb_dc_attach
 .text.usb_dc_ep_set_callback
                0x00000000100047f0       0x4c zephyr/drivers/usb/device/libdrivers__usb__device.a(usb_dc_rpi_pico.c.obj)
                0x00000000100047f0                usb_dc_ep_set_callback
 .text.usb_dc_set_status_callback
                0x000000001000483c        0xc zephyr/drivers/usb/device/libdrivers__usb__device.a(usb_dc_rpi_pico.c.obj)
                0x000000001000483c                usb_dc_set_status_callback
 .text.usb_dc_set_address
                0x0000000010004848       0x50 zephyr/drivers/usb/device/libdrivers__usb__device.a(usb_dc_rpi_pico.c.obj)
                0x0000000010004848                usb_dc_set_address
 .text.usb_dc_ep_start_read
                0x0000000010004898       0x70 zephyr/drivers/usb/device/libdrivers__usb__device.a(usb_dc_rpi_pico.c.obj)
                0x0000000010004898                usb_dc_ep_start_read
 .text.usb_dc_ep_check_cap
                0x0000000010004908       0x7c zephyr/drivers/usb/device/libdrivers__usb__device.a(usb_dc_rpi_pico.c.obj)
                0x0000000010004908                usb_dc_ep_check_cap
 .text.usb_dc_ep_configure
                0x0000000010004984       0x5c zephyr/drivers/usb/device/libdrivers__usb__device.a(usb_dc_rpi_pico.c.obj)
                0x0000000010004984                usb_dc_ep_configure
 .text.usb_dc_ep_set_stall
                0x00000000100049e0       0x78 zephyr/drivers/usb/device/libdrivers__usb__device.a(usb_dc_rpi_pico.c.obj)
                0x00000000100049e0                usb_dc_ep_set_stall
 .text.usb_dc_ep_clear_stall
                0x0000000010004a58       0x58 zephyr/drivers/usb/device/libdrivers__usb__device.a(usb_dc_rpi_pico.c.obj)
                0x0000000010004a58                usb_dc_ep_clear_stall
 .text.usb_dc_ep_is_stalled
                0x0000000010004ab0       0x50 zephyr/drivers/usb/device/libdrivers__usb__device.a(usb_dc_rpi_pico.c.obj)
                0x0000000010004ab0                usb_dc_ep_is_stalled
 .text.usb_dc_ep_enable
                0x0000000010004b00       0x88 zephyr/drivers/usb/device/libdrivers__usb__device.a(usb_dc_rpi_pico.c.obj)
                0x0000000010004b00                usb_dc_ep_enable
 .text.usb_dc_ep_disable
                0x0000000010004b88       0x58 zephyr/drivers/usb/device/libdrivers__usb__device.a(usb_dc_rpi_pico.c.obj)
                0x0000000010004b88                usb_dc_ep_disable
 .text.usb_dc_ep_write
                0x0000000010004be0      0x100 zephyr/drivers/usb/device/libdrivers__usb__device.a(usb_dc_rpi_pico.c.obj)
                0x0000000010004be0                usb_dc_ep_write
 .text.usb_dc_ep_read_wait
                0x0000000010004ce0      0x138 zephyr/drivers/usb/device/libdrivers__usb__device.a(usb_dc_rpi_pico.c.obj)
                0x0000000010004ce0                usb_dc_ep_read_wait
 .text.usb_dc_ep_read_continue
                0x0000000010004e18      0x170 zephyr/drivers/usb/device/libdrivers__usb__device.a(usb_dc_rpi_pico.c.obj)
                0x0000000010004e18                usb_dc_ep_read_continue
 .text.rpi_pico_rosc_write.constprop.0
                0x0000000010004f88       0x30 zephyr/drivers/clock_control/libdrivers__clock_control.a(clock_control_rpi_pico.c.obj)
 .text.rpi_pico_get_clock_src.isra.0
                0x0000000010004fb8       0x9c zephyr/drivers/clock_control/libdrivers__clock_control.a(clock_control_rpi_pico.c.obj)
 .text.rpi_pico_calc_clock_freq
                0x0000000010005054      0x110 zephyr/drivers/clock_control/libdrivers__clock_control.a(clock_control_rpi_pico.c.obj)
 .text.clock_control_rpi_pico_init
                0x0000000010005164      0x1c0 zephyr/drivers/clock_control/libdrivers__clock_control.a(clock_control_rpi_pico.c.obj)
 .text.gpio_rpi_isr
                0x0000000010005324       0x64 zephyr/drivers/gpio/libdrivers__gpio.a(gpio_rpi_pico.c.obj)
 .text.i2c_dw_runtime_configure
                0x0000000010005388       0x98 zephyr/drivers/i2c/libdrivers__i2c.a(i2c_dw.c.obj)
 .text.i2c_dw_initialize
                0x0000000010005420      0x190 zephyr/drivers/i2c/libdrivers__i2c.a(i2c_dw.c.obj)
 .text.i2c_dw_transfer
                0x00000000100055b0      0x31c zephyr/drivers/i2c/libdrivers__i2c.a(i2c_dw.c.obj)
 .text.i2c_dw_isr
                0x00000000100058cc      0x224 zephyr/drivers/i2c/libdrivers__i2c.a(i2c_dw.c.obj)
 .text.bme680_sample_fetch
                0x0000000010005af0      0x2cc zephyr/drivers/sensor/bme680/libdrivers__sensor__bme680.a(bme680.c.obj)
 .text.bme680_channel_get
                0x0000000010005dbc       0x74 zephyr/drivers/sensor/bme680/libdrivers__sensor__bme680.a(bme680.c.obj)
 .text.bme680_init
                0x0000000010005e30      0x260 zephyr/drivers/sensor/bme680/libdrivers__sensor__bme680.a(bme680.c.obj)
 .text.uart_rpi_irq_err_disable
                0x0000000010006090       0x14 zephyr/drivers/serial/libdrivers__serial.a(uart_rpi_pico.c.obj)
 .text.uart_rpi_set_baudrate.isra.0
                0x00000000100060a4       0x7c zephyr/drivers/serial/libdrivers__serial.a(uart_rpi_pico.c.obj)
 .text.uart_rpi_init
                0x0000000010006120       0xc4 zephyr/drivers/serial/libdrivers__serial.a(uart_rpi_pico.c.obj)
 .text.elapsed  0x00000000100061e4       0x54 zephyr/drivers/timer/libdrivers__timer.a(cortex_m_systick.c.obj)
 .text.sys_clock_driver_init
                0x0000000010006238       0x40 zephyr/drivers/timer/libdrivers__timer.a(cortex_m_systick.c.obj)
 .text.sys_clock_isr
                0x0000000010006278       0x58 zephyr/drivers/timer/libdrivers__timer.a(cortex_m_systick.c.obj)
                0x0000000010006278                sys_clock_isr
 .text.sys_clock_set_timeout
                0x00000000100062d0      0x118 zephyr/drivers/timer/libdrivers__timer.a(cortex_m_systick.c.obj)
                0x00000000100062d0                sys_clock_set_timeout
 .text.sys_clock_elapsed
                0x00000000100063e8       0x38 zephyr/drivers/timer/libdrivers__timer.a(cortex_m_systick.c.obj)
                0x00000000100063e8                sys_clock_elapsed
 .text.clock_configure
                0x0000000010006420       0xe8 modules/hal_rpi_pico/libmodules__hal_rpi_pico.a(clocks.c.obj)
                0x0000000010006420                clock_configure
 .text.pll_init
                0x0000000010006508       0xcc modules/hal_rpi_pico/libmodules__hal_rpi_pico.a(pll.c.obj)
                0x0000000010006508                pll_init
 .text.xosc_init
                0x00000000100065d4       0x28 modules/hal_rpi_pico/libmodules__hal_rpi_pico.a(xosc.c.obj)
                0x00000000100065d4                xosc_init
 .text.rp2040_chip_version
                0x00000000100065fc       0x28 modules/hal_rpi_pico/libmodules__hal_rpi_pico.a(platform.c.obj)
                0x00000000100065fc                rp2040_chip_version
 .text.gpio_set_function
                0x0000000010006624       0x2c modules/hal_rpi_pico/libmodules__hal_rpi_pico.a(gpio.c.obj)
                0x0000000010006624                gpio_set_function
 .text.gpio_set_pulls
                0x0000000010006650       0x24 modules/hal_rpi_pico/libmodules__hal_rpi_pico.a(gpio.c.obj)
                0x0000000010006650                gpio_set_pulls
 .text.gpio_set_input_hysteresis_enabled
                0x0000000010006674       0x1c modules/hal_rpi_pico/libmodules__hal_rpi_pico.a(gpio.c.obj)
                0x0000000010006674                gpio_set_input_hysteresis_enabled
 .text.gpio_set_slew_rate
                0x0000000010006690       0x1c modules/hal_rpi_pico/libmodules__hal_rpi_pico.a(gpio.c.obj)
                0x0000000010006690                gpio_set_slew_rate
 .text.gpio_set_drive_strength
                0x00000000100066ac       0x20 modules/hal_rpi_pico/libmodules__hal_rpi_pico.a(gpio.c.obj)
                0x00000000100066ac                gpio_set_drive_strength
 .text.gpio_acknowledge_irq
                0x00000000100066cc       0x18 modules/hal_rpi_pico/libmodules__hal_rpi_pico.a(gpio.c.obj)
                0x00000000100066cc                gpio_acknowledge_irq
 .text.gpio_set_irq_enabled
                0x00000000100066e4       0x44 modules/hal_rpi_pico/libmodules__hal_rpi_pico.a(gpio.c.obj)
                0x00000000100066e4                gpio_set_irq_enabled
 .text.gpio_set_input_enabled
                0x0000000010006728       0x1c modules/hal_rpi_pico/libmodules__hal_rpi_pico.a(gpio.c.obj)
                0x0000000010006728                gpio_set_input_enabled
 .text.k_sys_fatal_error_handler
                0x0000000010006744       0x2c zephyr/kernel/libkernel.a(fatal.c.obj)
                0x0000000010006744                k_sys_fatal_error_handler
 .text.z_fatal_error
                0x0000000010006770       0xcc zephyr/kernel/libkernel.a(fatal.c.obj)
                0x0000000010006770                z_fatal_error
 .text.z_sys_init_run_level
                0x000000001000683c       0x54 zephyr/kernel/libkernel.a(init.c.obj)
 .text.bg_thread_main
                0x0000000010006890       0x34 zephyr/kernel/libkernel.a(init.c.obj)
 .text.z_bss_zero
                0x00000000100068c4       0x18 zephyr/kernel/libkernel.a(init.c.obj)
                0x00000000100068c4                z_bss_zero
 .text.z_init_cpu
                0x00000000100068dc       0x74 zephyr/kernel/libkernel.a(init.c.obj)
                0x00000000100068dc                z_init_cpu
 .text.z_cstart
                0x0000000010006950       0xb4 zephyr/kernel/libkernel.a(init.c.obj)
                0x0000000010006950                z_cstart
 .text.z_log_msg_runtime_create.constprop.0
                0x0000000010006a04       0x24 zephyr/kernel/libkernel.a(thread.c.obj)
 .text.z_setup_new_thread
                0x0000000010006a28       0xa4 zephyr/kernel/libkernel.a(thread.c.obj)
                0x0000000010006a28                z_setup_new_thread
 .text.z_impl_k_thread_create
                0x0000000010006acc       0x58 zephyr/kernel/libkernel.a(thread.c.obj)
                0x0000000010006acc                z_impl_k_thread_create
 .text.z_init_static_threads
                0x0000000010006b24       0x7c zephyr/kernel/libkernel.a(thread.c.obj)
                0x0000000010006b24                z_init_static_threads
 .text.sliceable
                0x0000000010006ba0       0x40 zephyr/kernel/libkernel.a(sched.c.obj)
 .text.slice_timeout
                0x0000000010006be0       0x20 zephyr/kernel/libkernel.a(sched.c.obj)
 .text.z_reset_time_slice
                0x0000000010006c00       0x4c zephyr/kernel/libkernel.a(sched.c.obj)
                0x0000000010006c00                z_reset_time_slice
 .text.update_cache
                0x0000000010006c4c       0x44 zephyr/kernel/libkernel.a(sched.c.obj)
 .text.move_thread_to_end_of_prio_q
                0x0000000010006c90       0x78 zephyr/kernel/libkernel.a(sched.c.obj)
 .text.ready_thread
                0x0000000010006d08       0x6c zephyr/kernel/libkernel.a(sched.c.obj)
 .text.unready_thread
                0x0000000010006d74       0x2c zephyr/kernel/libkernel.a(sched.c.obj)
 .text.pend_locked
                0x0000000010006da0       0x2c zephyr/kernel/libkernel.a(sched.c.obj)
 .text.z_thread_halt
                0x0000000010006dcc       0xa4 zephyr/kernel/libkernel.a(sched.c.obj)
 .text.z_time_slice
                0x0000000010006e70       0x58 zephyr/kernel/libkernel.a(sched.c.obj)
                0x0000000010006e70                z_time_slice
 .text.z_pend_curr
                0x0000000010006ec8       0x30 zephyr/kernel/libkernel.a(sched.c.obj)
                0x0000000010006ec8                z_pend_curr
 .text.z_set_prio
                0x0000000010006ef8       0x8c zephyr/kernel/libkernel.a(sched.c.obj)
                0x0000000010006ef8                z_set_prio
 .text.z_reschedule
                0x0000000010006f84       0x2c zephyr/kernel/libkernel.a(sched.c.obj)
                0x0000000010006f84                z_reschedule
 .text.z_sched_start
                0x0000000010006fb0       0x34 zephyr/kernel/libkernel.a(sched.c.obj)
                0x0000000010006fb0                z_sched_start
 .text.z_reschedule_irqlock
                0x0000000010006fe4       0x2c zephyr/kernel/libkernel.a(sched.c.obj)
                0x0000000010006fe4                z_reschedule_irqlock
 .text.k_sched_lock
                0x0000000010007010       0x20 zephyr/kernel/libkernel.a(sched.c.obj)
                0x0000000010007010                k_sched_lock
 .text.k_sched_unlock
                0x0000000010007030       0x60 zephyr/kernel/libkernel.a(sched.c.obj)
                0x0000000010007030                k_sched_unlock
 .text.z_sched_init
                0x0000000010007090       0x14 zephyr/kernel/libkernel.a(sched.c.obj)
                0x0000000010007090                z_sched_init
 .text.z_impl_k_yield
                0x00000000100070a4       0x78 zephyr/kernel/libkernel.a(sched.c.obj)
                0x00000000100070a4                z_impl_k_yield
 .text.z_tick_sleep
                0x000000001000711c       0xbc zephyr/kernel/libkernel.a(sched.c.obj)
 .text.z_impl_k_sleep
                0x00000000100071d8       0x3c zephyr/kernel/libkernel.a(sched.c.obj)
                0x00000000100071d8                z_impl_k_sleep
 .text.z_impl_k_sched_current_thread_query
                0x0000000010007214        0xc zephyr/kernel/libkernel.a(sched.c.obj)
                0x0000000010007214                z_impl_k_sched_current_thread_query
 .text.z_sched_wait
                0x0000000010007220       0x24 zephyr/kernel/libkernel.a(sched.c.obj)
                0x0000000010007220                z_sched_wait
 .text.z_impl_k_msgq_put
                0x0000000010007244       0x9c zephyr/kernel/libkernel.a(msg_q.c.obj)
                0x0000000010007244                z_impl_k_msgq_put
 .text.z_impl_k_msgq_get
                0x00000000100072e0       0xac zephyr/kernel/libkernel.a(msg_q.c.obj)
                0x00000000100072e0                z_impl_k_msgq_get
 .text.adjust_owner_prio
                0x000000001000738c       0x60 zephyr/kernel/libkernel.a(mutex.c.obj)
 .text.z_impl_k_mutex_lock
                0x00000000100073ec      0x1f4 zephyr/kernel/libkernel.a(mutex.c.obj)
                0x00000000100073ec                z_impl_k_mutex_lock
 .text.z_impl_k_mutex_unlock
                0x00000000100075e0       0xdc zephyr/kernel/libkernel.a(mutex.c.obj)
                0x00000000100075e0                z_impl_k_mutex_unlock
 .text.z_impl_k_sem_give
                0x00000000100076bc       0x44 zephyr/kernel/libkernel.a(sem.c.obj)
                0x00000000100076bc                z_impl_k_sem_give
 .text.z_impl_k_sem_take
                0x0000000010007700       0x4c zephyr/kernel/libkernel.a(sem.c.obj)
                0x0000000010007700                z_impl_k_sem_take
 .text.work_queue_main
                0x000000001000774c      0x138 zephyr/kernel/libkernel.a(work.c.obj)
 .text.submit_to_queue_locked
                0x0000000010007884       0xd0 zephyr/kernel/libkernel.a(work.c.obj)
 .text.k_work_queue_start
                0x0000000010007954       0x7c zephyr/kernel/libkernel.a(work.c.obj)
                0x0000000010007954                k_work_queue_start
 .text.k_work_schedule_for_queue
                0x00000000100079d0       0x50 zephyr/kernel/libkernel.a(work.c.obj)
                0x00000000100079d0                k_work_schedule_for_queue
 .text.z_data_copy
                0x0000000010007a20       0x34 zephyr/kernel/libkernel.a(xip.c.obj)
                0x0000000010007a20                z_data_copy
 .text.elapsed  0x0000000010007a54       0x18 zephyr/kernel/libkernel.a(timeout.c.obj)
 .text.next_timeout
                0x0000000010007a6c       0x44 zephyr/kernel/libkernel.a(timeout.c.obj)
 .text.remove_timeout
                0x0000000010007ab0       0x38 zephyr/kernel/libkernel.a(timeout.c.obj)
 .text.z_add_timeout
                0x0000000010007ae8       0xdc zephyr/kernel/libkernel.a(timeout.c.obj)
                0x0000000010007ae8                z_add_timeout
 .text.sys_clock_announce
                0x0000000010007bc4       0xdc zephyr/kernel/libkernel.a(timeout.c.obj)
                0x0000000010007bc4                sys_clock_announce
 .text.sys_clock_tick_get
                0x0000000010007ca0       0x2c zephyr/kernel/libkernel.a(timeout.c.obj)
                0x0000000010007ca0                sys_clock_tick_get
 .text.boot_banner
                0x0000000010007ccc       0x10 zephyr/kernel/libkernel.a(banner.c.obj)
                0x0000000010007ccc                boot_banner
 .text.statics_init
                0x0000000010007cdc       0x24 zephyr/kernel/libkernel.a(kheap.c.obj)
 .text.k_sys_work_q_init
                0x0000000010007d00       0x34 zephyr/kernel/libkernel.a(system_work_q.c.obj)
 .text.strtok   0x0000000010007d34       0x1c /home/reva/zephyr-sdk-0.17.0/arm-zephyr-eabi/bin/../lib/gcc/../../picolibc/arm-zephyr-eabi/lib/thumb/v6-m/nofp/libc.a(libc_string_strtok.c.o)
                0x0000000010007d34                strtok
 .text.strtol   0x0000000010007d50       0xf4 /home/reva/zephyr-sdk-0.17.0/arm-zephyr-eabi/bin/../lib/gcc/../../picolibc/arm-zephyr-eabi/lib/thumb/v6-m/nofp/libc.a(libc_tinystdio_strtol.c.o)
                0x0000000010007d50                strtol
 .text._OffsetAbsSyms
                0x0000000010007e44        0x2 zephyr/CMakeFiles/offsets.dir/./arch/arm/core/offsets/offsets.c.obj
                0x0000000010007e44                _OffsetAbsSyms
 .text.z_log_msg_runtime_create.constprop.0
                0x0000000010007e46       0x1c app/libapp.a(main.c.obj)
 .text.chunk_field
                0x0000000010007e62       0x1a zephyr/libzephyr.a(heap.c.obj)
 .text.chunk_set
                0x0000000010007e7c       0x1c zephyr/libzephyr.a(heap.c.obj)
 .text.chunk_size
                0x0000000010007e98        0xc zephyr/libzephyr.a(heap.c.obj)
 .text.set_chunk_used
                0x0000000010007ea4       0x36 zephyr/libzephyr.a(heap.c.obj)
 .text.set_chunk_size
                0x0000000010007eda        0xc zephyr/libzephyr.a(heap.c.obj)
 .text.bucket_idx.isra.0
                0x0000000010007ee6       0x20 zephyr/libzephyr.a(heap.c.obj)
 .text.free_list_add
                0x0000000010007f06       0x88 zephyr/libzephyr.a(heap.c.obj)
 .text.sys_heap_init
                0x0000000010007f8e       0xac zephyr/libzephyr.a(heap.c.obj)
                0x0000000010007f8e                sys_heap_init
 .text.printk   0x000000001000803a       0x16 zephyr/libzephyr.a(printk.c.obj)
                0x000000001000803a                printk
 .text.ring_buf_put_claim
                0x0000000010008050       0x38 zephyr/libzephyr.a(ring_buffer.c.obj)
                0x0000000010008050                ring_buf_put_claim
 .text.ring_buf_put_finish
                0x0000000010008088       0x2a zephyr/libzephyr.a(ring_buffer.c.obj)
                0x0000000010008088                ring_buf_put_finish
 .text.ring_buf_put
                0x00000000100080b2       0x3e zephyr/libzephyr.a(ring_buffer.c.obj)
                0x00000000100080b2                ring_buf_put
 .text.ring_buf_get_claim
                0x00000000100080f0       0x38 zephyr/libzephyr.a(ring_buffer.c.obj)
                0x00000000100080f0                ring_buf_get_claim
 .text.ring_buf_get_finish
                0x0000000010008128       0x2a zephyr/libzephyr.a(ring_buffer.c.obj)
                0x0000000010008128                ring_buf_get_finish
 .text.ring_buf_get
                0x0000000010008152       0x40 zephyr/libzephyr.a(ring_buffer.c.obj)
                0x0000000010008152                ring_buf_get
 .text._ConfigAbsSyms
                0x0000000010008192        0x2 zephyr/libzephyr.a(configs.c.obj)
                0x0000000010008192                _ConfigAbsSyms
 .text.dummy_timestamp
                0x0000000010008194        0x4 zephyr/libzephyr.a(log_core.c.obj)
 .text.default_lf_get_timestamp
                0x0000000010008198       0x10 zephyr/libzephyr.a(log_core.c.obj)
 .text.atomic_inc
                0x00000000100081a8        0xa zephyr/libzephyr.a(log_core.c.obj)
 .text.enable_logger
                0x00000000100081b2        0xe zephyr/libzephyr.a(log_core.c.obj)
 .text.z_log_vprintk
                0x00000000100081c0       0x1a zephyr/libzephyr.a(log_core.c.obj)
                0x00000000100081c0                z_log_vprintk
 .text.z_log_notify_backend_enabled
                0x00000000100081da        0x2 zephyr/libzephyr.a(log_core.c.obj)
                0x00000000100081da                z_log_notify_backend_enabled
 .text.z_log_msg_finalize
                0x00000000100081dc       0x32 zephyr/libzephyr.a(log_msg.c.obj)
                0x00000000100081dc                z_log_msg_finalize
 .text.pm_device_busy_set
                0x000000001000820e       0x10 zephyr/libzephyr.a(device.c.obj)
                0x000000001000820e                pm_device_busy_set
 .text.pm_device_busy_clear
                0x000000001000821e       0x12 zephyr/libzephyr.a(device.c.obj)
                0x000000001000821e                pm_device_busy_clear
 .text.z_log_msg_runtime_create.constprop.0
                0x0000000010008230       0x1e zephyr/libzephyr.a(usb_device.c.obj)
 .text.z_log_msg_runtime_create.constprop.0
                0x000000001000824e       0x1e zephyr/libzephyr.a(usb_descriptor.c.obj)
 .text.z_log_msg_runtime_create.constprop.0
                0x000000001000826c       0x1e zephyr/libzephyr.a(usb_transfer.c.obj)
 .text.usb_transfer_is_busy
                0x000000001000828a       0x16 zephyr/libzephyr.a(usb_transfer.c.obj)
                0x000000001000828a                usb_transfer_is_busy
 .text.cdc_interface_config
                0x00000000100082a0       0x1a zephyr/libzephyr.a(cdc_acm.c.obj)
 .text.cdc_acm_irq_callback_work_handler
                0x00000000100082ba       0x12 zephyr/libzephyr.a(cdc_acm.c.obj)
 .text.cdc_acm_irq_tx_disable
                0x00000000100082cc        0xa zephyr/libzephyr.a(cdc_acm.c.obj)
 .text.cdc_acm_irq_tx_ready
                0x00000000100082d6       0x14 zephyr/libzephyr.a(cdc_acm.c.obj)
 .text.cdc_acm_irq_rx_disable
                0x00000000100082ea        0xa zephyr/libzephyr.a(cdc_acm.c.obj)
 .text.cdc_acm_irq_rx_ready
                0x00000000100082f4        0x8 zephyr/libzephyr.a(cdc_acm.c.obj)
 .text.cdc_acm_irq_is_pending
                0x00000000100082fc       0x28 zephyr/libzephyr.a(cdc_acm.c.obj)
 .text.cdc_acm_irq_update
                0x0000000010008324        0x4 zephyr/libzephyr.a(cdc_acm.c.obj)
 .text.cdc_acm_irq_callback_set
                0x0000000010008328        0x6 zephyr/libzephyr.a(cdc_acm.c.obj)
 .text.cdc_acm_configure
                0x000000001000832e       0x1a zephyr/libzephyr.a(cdc_acm.c.obj)
 .text.cdc_acm_config_get
                0x0000000010008348       0x56 zephyr/libzephyr.a(cdc_acm.c.obj)
 .text.cdc_acm_fifo_read
                0x000000001000839e       0x5c zephyr/libzephyr.a(cdc_acm.c.obj)
 .text.cdc_acm_poll_in
                0x00000000100083fa       0x12 zephyr/libzephyr.a(cdc_acm.c.obj)
 .text.z_log_msg_runtime_create.constprop.0
                0x000000001000840c       0x20 zephyr/libzephyr.a(os_desc.c.obj)
 .text.z_log_msg_runtime_create.constprop.0
                0x000000001000842c       0x1e zephyr/arch/arch/arm/core/libarch__arm__core.a(fatal.c.obj)
 .text.z_do_kernel_oops
                0x000000001000844a        0xc zephyr/arch/arch/arm/core/libarch__arm__core.a(fatal.c.obj)
                0x000000001000844a                z_do_kernel_oops
 .text.z_arm_nmi
                0x0000000010008456        0xc zephyr/arch/arch/arm/core/libarch__arm__core.a(nmi.c.obj)
                0x0000000010008456                z_arm_nmi
 .text.z_log_msg_runtime_create.constprop.0
                0x0000000010008462       0x1e zephyr/arch/arch/arm/core/cortex_m/libarch__arm__core__cortex_m.a(fault.c.obj)
 .text.z_arm_fault_init
                0x0000000010008480        0x2 zephyr/arch/arch/arm/core/cortex_m/libarch__arm__core__cortex_m.a(fault.c.obj)
                0x0000000010008480                z_arm_fault_init
 .text.z_irq_spurious
                0x0000000010008482        0xc zephyr/arch/arch/arm/core/cortex_m/libarch__arm__core__cortex_m.a(irq_manage.c.obj)
                0x0000000010008482                z_irq_spurious
 .text.__assert_no_args
                0x000000001000848e        0x0 zephyr/lib/libc/picolibc/liblib__libc__picolibc.a(libc-hooks.c.obj)
                0x000000001000848e                __assert_no_args
 .text.z_log_msg_runtime_create.constprop.0
                0x000000001000848e       0x1e zephyr/drivers/usb/device/libdrivers__usb__device.a(usb_dc_rpi_pico.c.obj)
 .text.udc_rpi_get_ep_buffer_len
                0x00000000100084ac       0x10 zephyr/drivers/usb/device/libdrivers__usb__device.a(usb_dc_rpi_pico.c.obj)
                0x00000000100084ac                udc_rpi_get_ep_buffer_len
 .text.usb_dc_ep_read
                0x00000000100084bc       0x26 zephyr/drivers/usb/device/libdrivers__usb__device.a(usb_dc_rpi_pico.c.obj)
                0x00000000100084bc                usb_dc_ep_read
 .text.usb_dc_ep_mps
                0x00000000100084e2       0x14 zephyr/drivers/usb/device/libdrivers__usb__device.a(usb_dc_rpi_pico.c.obj)
                0x00000000100084e2                usb_dc_ep_mps
 .text.clock_control_rpi_pico_on
                0x00000000100084f6       0x26 zephyr/drivers/clock_control/libdrivers__clock_control.a(clock_control_rpi_pico.c.obj)
 .text.clock_control_rpi_pico_off
                0x000000001000851c       0x26 zephyr/drivers/clock_control/libdrivers__clock_control.a(clock_control_rpi_pico.c.obj)
 .text.rpi_pico_is_clock_enabled.isra.0
                0x0000000010008542       0x5e zephyr/drivers/clock_control/libdrivers__clock_control.a(clock_control_rpi_pico.c.obj)
 .text.clock_control_rpi_pico_get_status
                0x00000000100085a0       0x18 zephyr/drivers/clock_control/libdrivers__clock_control.a(clock_control_rpi_pico.c.obj)
 .text.clock_control_rpi_pico_get_rate
                0x00000000100085b8       0x1e zephyr/drivers/clock_control/libdrivers__clock_control.a(clock_control_rpi_pico.c.obj)
 .text.rpi_pico_clkid_tuple_reorder_by_dependencies
                0x00000000100085d6       0x66 zephyr/drivers/clock_control/libdrivers__clock_control.a(clock_control_rpi_pico.c.obj)
                0x00000000100085d6                rpi_pico_clkid_tuple_reorder_by_dependencies
 .text.gpio_rpi_port_get_raw
                0x000000001000863c        0xc zephyr/drivers/gpio/libdrivers__gpio.a(gpio_rpi_pico.c.obj)
 .text.gpio_rpi_port_set_bits_raw
                0x0000000010008648       0x2c zephyr/drivers/gpio/libdrivers__gpio.a(gpio_rpi_pico.c.obj)
 .text.gpio_rpi_port_clear_bits_raw
                0x0000000010008674       0x2c zephyr/drivers/gpio/libdrivers__gpio.a(gpio_rpi_pico.c.obj)
 .text.gpio_rpi_port_toggle_bits
                0x00000000100086a0       0x18 zephyr/drivers/gpio/libdrivers__gpio.a(gpio_rpi_pico.c.obj)
 .text.gpio_rpi_manage_callback
                0x00000000100086b8       0x58 zephyr/drivers/gpio/libdrivers__gpio.a(gpio_rpi_pico.c.obj)
 .text.gpio_rpi_bank_init
                0x0000000010008710        0xc zephyr/drivers/gpio/libdrivers__gpio.a(gpio_rpi_pico.c.obj)
 .text.gpio_rpi_pin_interrupt_configure
                0x000000001000871c       0x62 zephyr/drivers/gpio/libdrivers__gpio.a(gpio_rpi_pico.c.obj)
 .text.bank_0_config_func
                0x000000001000877e       0x14 zephyr/drivers/gpio/libdrivers__gpio.a(gpio_rpi_pico.c.obj)
 .text.gpio_rpi_port_set_masked_raw
                0x0000000010008792       0x3c zephyr/drivers/gpio/libdrivers__gpio.a(gpio_rpi_pico.c.obj)
 .text.gpio_rpi_configure
                0x00000000100087ce       0x7c zephyr/drivers/gpio/libdrivers__gpio.a(gpio_rpi_pico.c.obj)
 .text.z_impl_hwinfo_get_device_id
                0x000000001000884a       0x30 zephyr/drivers/hwinfo/libdrivers__hwinfo.a(hwinfo_rpi_pico.c.obj)
                0x000000001000884a                z_impl_hwinfo_get_device_id
 .text.i2c_config_0
                0x000000001000887a       0x14 zephyr/drivers/i2c/libdrivers__i2c.a(i2c_dw.c.obj)
 .text.z_log_msg_runtime_create.constprop.0
                0x000000001000888e       0x1e zephyr/drivers/i2c/libdrivers__i2c.a(i2c_dw.c.obj)
 .text.pinctrl_lookup_state
                0x00000000100088ac       0x26 zephyr/drivers/pinctrl/libdrivers__pinctrl.a(common.c.obj)
                0x00000000100088ac                pinctrl_lookup_state
 .text.pinctrl_configure_pins
                0x00000000100088d2       0x84 zephyr/drivers/pinctrl/libdrivers__pinctrl.a(pinctrl_rpi_pico.c.obj)
                0x00000000100088d2                pinctrl_configure_pins
 .text.reset_rpi_init
                0x0000000010008956        0x4 zephyr/drivers/reset/libdrivers__reset.a(reset_rpi_pico.c.obj)
 .text.reset_rpi_read_register.isra.0
                0x000000001000895a       0x30 zephyr/drivers/reset/libdrivers__reset.a(reset_rpi_pico.c.obj)
 .text.reset_rpi_update
                0x000000001000898a       0x72 zephyr/drivers/reset/libdrivers__reset.a(reset_rpi_pico.c.obj)
 .text.reset_rpi_line_assert
                0x00000000100089fc        0xa zephyr/drivers/reset/libdrivers__reset.a(reset_rpi_pico.c.obj)
 .text.reset_rpi_line_deassert
                0x0000000010008a06        0xa zephyr/drivers/reset/libdrivers__reset.a(reset_rpi_pico.c.obj)
 .text.reset_rpi_line_toggle
                0x0000000010008a10       0x18 zephyr/drivers/reset/libdrivers__reset.a(reset_rpi_pico.c.obj)
 .text.reset_rpi_status
                0x0000000010008a28       0x38 zephyr/drivers/reset/libdrivers__reset.a(reset_rpi_pico.c.obj)
 .text.bme680_reg_read
                0x0000000010008a60        0xc zephyr/drivers/sensor/bme680/libdrivers__sensor__bme680.a(bme680.c.obj)
 .text.bme680_reg_write
                0x0000000010008a6c        0xc zephyr/drivers/sensor/bme680/libdrivers__sensor__bme680.a(bme680.c.obj)
 .text.z_log_msg_runtime_create.constprop.0
                0x0000000010008a78       0x1e zephyr/drivers/sensor/bme680/libdrivers__sensor__bme680.a(bme680.c.obj)
 .text.bme680_bus_check_i2c
                0x0000000010008a96       0x16 zephyr/drivers/sensor/bme680/libdrivers__sensor__bme680.a(bme680_i2c.c.obj)
 .text.bme680_reg_read_i2c
                0x0000000010008aac       0x34 zephyr/drivers/sensor/bme680/libdrivers__sensor__bme680.a(bme680_i2c.c.obj)
 .text.bme680_reg_write_i2c
                0x0000000010008ae0       0x24 zephyr/drivers/sensor/bme680/libdrivers__sensor__bme680.a(bme680_i2c.c.obj)
 .text.uart_rpi_poll_in
                0x0000000010008b04       0x1e zephyr/drivers/serial/libdrivers__serial.a(uart_rpi_pico.c.obj)
 .text.uart_rpi_poll_out
                0x0000000010008b22       0x10 zephyr/drivers/serial/libdrivers__serial.a(uart_rpi_pico.c.obj)
 .text.uart_rpi_config_get
                0x0000000010008b32        0xc zephyr/drivers/serial/libdrivers__serial.a(uart_rpi_pico.c.obj)
 .text.uart_rpi_err_check
                0x0000000010008b3e       0x24 zephyr/drivers/serial/libdrivers__serial.a(uart_rpi_pico.c.obj)
 .text.uart_rpi_fifo_fill
                0x0000000010008b62       0x20 zephyr/drivers/serial/libdrivers__serial.a(uart_rpi_pico.c.obj)
 .text.uart_rpi_fifo_read
                0x0000000010008b82       0x20 zephyr/drivers/serial/libdrivers__serial.a(uart_rpi_pico.c.obj)
 .text.uart_rpi_irq_tx_enable
                0x0000000010008ba2       0x16 zephyr/drivers/serial/libdrivers__serial.a(uart_rpi_pico.c.obj)
 .text.uart_rpi_irq_tx_disable
                0x0000000010008bb8        0xe zephyr/drivers/serial/libdrivers__serial.a(uart_rpi_pico.c.obj)
 .text.uart_rpi_irq_tx_ready
                0x0000000010008bc6        0xc zephyr/drivers/serial/libdrivers__serial.a(uart_rpi_pico.c.obj)
 .text.uart_rpi_irq_rx_enable
                0x0000000010008bd2       0x16 zephyr/drivers/serial/libdrivers__serial.a(uart_rpi_pico.c.obj)
 .text.uart_rpi_irq_rx_disable
                0x0000000010008be8        0xe zephyr/drivers/serial/libdrivers__serial.a(uart_rpi_pico.c.obj)
 .text.uart_rpi_irq_tx_complete
                0x0000000010008bf6       0x16 zephyr/drivers/serial/libdrivers__serial.a(uart_rpi_pico.c.obj)
 .text.uart_rpi_irq_rx_ready
                0x0000000010008c0c        0xc zephyr/drivers/serial/libdrivers__serial.a(uart_rpi_pico.c.obj)
 .text.uart_rpi_irq_err_enable
                0x0000000010008c18       0x10 zephyr/drivers/serial/libdrivers__serial.a(uart_rpi_pico.c.obj)
 .text.uart_rpi_irq_is_pending
                0x0000000010008c28       0x1c zephyr/drivers/serial/libdrivers__serial.a(uart_rpi_pico.c.obj)
 .text.uart_rpi_irq_update
                0x0000000010008c44        0x4 zephyr/drivers/serial/libdrivers__serial.a(uart_rpi_pico.c.obj)
 .text.uart_rpi_irq_callback_set
                0x0000000010008c48        0x8 zephyr/drivers/serial/libdrivers__serial.a(uart_rpi_pico.c.obj)
 .text.uart_rpi_isr
                0x0000000010008c50       0x10 zephyr/drivers/serial/libdrivers__serial.a(uart_rpi_pico.c.obj)
 .text.uart0_rpi_irq_config_func
                0x0000000010008c60       0x14 zephyr/drivers/serial/libdrivers__serial.a(uart_rpi_pico.c.obj)
 .text.uart_rpi_set_format.isra.0
                0x0000000010008c74       0x42 zephyr/drivers/serial/libdrivers__serial.a(uart_rpi_pico.c.obj)
 .text.uart_rpi_configure
                0x0000000010008cb6       0x32 zephyr/drivers/serial/libdrivers__serial.a(uart_rpi_pico.c.obj)
 .text.gpio_init
                0x0000000010008ce8       0x16 modules/hal_rpi_pico/libmodules__hal_rpi_pico.a(gpio.c.obj)
                0x0000000010008ce8                gpio_init
 .text.flash_get_unique_id
                0x0000000010008cfe       0x42 modules/hal_rpi_pico/libmodules__hal_rpi_pico.a(flash.c.obj)
                0x0000000010008cfe                flash_get_unique_id
 .text.z_device_state_init
                0x0000000010008d40        0x2 zephyr/kernel/libkernel.a(device.c.obj)
                0x0000000010008d40                z_device_state_init
 .text.z_device_is_ready
                0x0000000010008d42       0x1a zephyr/kernel/libkernel.a(device.c.obj)
                0x0000000010008d42                z_device_is_ready
 .text.z_log_msg_runtime_create.constprop.0
                0x0000000010008d5c       0x1e zephyr/kernel/libkernel.a(fatal.c.obj)
 .text.arch_system_halt
                0x0000000010008d7a        0x8 zephyr/kernel/libkernel.a(fatal.c.obj)
                0x0000000010008d7a                arch_system_halt
 .text.z_early_memset
                0x0000000010008d82        0x8 zephyr/kernel/libkernel.a(init.c.obj)
                0x0000000010008d82                z_early_memset
 .text.z_early_memcpy
                0x0000000010008d8a        0x8 zephyr/kernel/libkernel.a(init.c.obj)
                0x0000000010008d8a                z_early_memcpy
 .text.k_is_in_isr
                0x0000000010008d92        0xc zephyr/kernel/libkernel.a(thread.c.obj)
                0x0000000010008d92                k_is_in_isr
 .text.z_impl_k_thread_name_set
                0x0000000010008d9e        0x6 zephyr/kernel/libkernel.a(thread.c.obj)
                0x0000000010008d9e                z_impl_k_thread_name_set
 .text.k_thread_name_get
                0x0000000010008da4        0x4 zephyr/kernel/libkernel.a(thread.c.obj)
                0x0000000010008da4                k_thread_name_get
 .text.z_impl_k_thread_start
                0x0000000010008da8        0x8 zephyr/kernel/libkernel.a(thread.c.obj)
                0x0000000010008da8                z_impl_k_thread_start
 .text.sys_dlist_remove
                0x0000000010008db0       0x10 zephyr/kernel/libkernel.a(sched.c.obj)
 .text.unpend_thread_no_timeout
                0x0000000010008dc0       0x16 zephyr/kernel/libkernel.a(sched.c.obj)
 .text.z_log_msg_runtime_create.constprop.0
                0x0000000010008dd6       0x20 zephyr/kernel/libkernel.a(sched.c.obj)
 .text.add_to_waitq_locked
                0x0000000010008df6       0x52 zephyr/kernel/libkernel.a(sched.c.obj)
 .text.z_ready_thread
                0x0000000010008e48       0x18 zephyr/kernel/libkernel.a(sched.c.obj)
                0x0000000010008e48                z_ready_thread
 .text.z_impl_k_thread_suspend
                0x0000000010008e60       0x30 zephyr/kernel/libkernel.a(sched.c.obj)
                0x0000000010008e60                z_impl_k_thread_suspend
 .text.z_sched_wake_thread
                0x0000000010008e90       0x3e zephyr/kernel/libkernel.a(sched.c.obj)
                0x0000000010008e90                z_sched_wake_thread
 .text.z_thread_timeout
                0x0000000010008ece        0xc zephyr/kernel/libkernel.a(sched.c.obj)
                0x0000000010008ece                z_thread_timeout
 .text.z_unpend_first_thread
                0x0000000010008eda       0x32 zephyr/kernel/libkernel.a(sched.c.obj)
                0x0000000010008eda                z_unpend_first_thread
 .text.z_reschedule_unlocked
                0x0000000010008f0c        0xe zephyr/kernel/libkernel.a(sched.c.obj)
 .text.z_impl_k_usleep
                0x0000000010008f1a       0x22 zephyr/kernel/libkernel.a(sched.c.obj)
                0x0000000010008f1a                z_impl_k_usleep
 .text.z_thread_abort
                0x0000000010008f3c       0x3a zephyr/kernel/libkernel.a(sched.c.obj)
                0x0000000010008f3c                z_thread_abort
 .text.z_sched_wake
                0x0000000010008f76       0x3c zephyr/kernel/libkernel.a(sched.c.obj)
                0x0000000010008f76                z_sched_wake
 .text.idle     0x0000000010008fb2        0xe zephyr/kernel/libkernel.a(idle.c.obj)
                0x0000000010008fb2                idle
 .text.z_log_msg_runtime_create.constprop.0
                0x0000000010008fc0       0x20 zephyr/kernel/libkernel.a(mutex.c.obj)
 .text.z_impl_k_mutex_init
                0x0000000010008fe0        0xe zephyr/kernel/libkernel.a(mutex.c.obj)
                0x0000000010008fe0                z_impl_k_mutex_init
 .text.z_impl_k_sem_init
                0x0000000010008fee       0x1a zephyr/kernel/libkernel.a(sem.c.obj)
                0x0000000010008fee                z_impl_k_sem_init
 .text.flag_test_and_clear
                0x0000000010009008       0x18 zephyr/kernel/libkernel.a(work.c.obj)
 .text.notify_queue_locked.isra.0
                0x0000000010009020       0x12 zephyr/kernel/libkernel.a(work.c.obj)
 .text.work_timeout
                0x0000000010009032       0x34 zephyr/kernel/libkernel.a(work.c.obj)
 .text.k_work_init
                0x0000000010009066       0x12 zephyr/kernel/libkernel.a(work.c.obj)
                0x0000000010009066                k_work_init
 .text.z_work_submit_to_queue
                0x0000000010009078       0x1e zephyr/kernel/libkernel.a(work.c.obj)
                0x0000000010009078                z_work_submit_to_queue
 .text.k_work_submit_to_queue
                0x0000000010009096       0x18 zephyr/kernel/libkernel.a(work.c.obj)
                0x0000000010009096                k_work_submit_to_queue
 .text.k_work_init_delayable
                0x00000000100090ae       0x18 zephyr/kernel/libkernel.a(work.c.obj)
                0x00000000100090ae                k_work_init_delayable
 .text.z_abort_timeout
                0x00000000100090c6       0x26 zephyr/kernel/libkernel.a(timeout.c.obj)
                0x00000000100090c6                z_abort_timeout
 .text.sys_clock_tick_get_32
                0x00000000100090ec        0x8 zephyr/kernel/libkernel.a(timeout.c.obj)
                0x00000000100090ec                sys_clock_tick_get_32
 .text.z_impl_k_uptime_ticks
                0x00000000100090f4        0x8 zephyr/kernel/libkernel.a(timeout.c.obj)
                0x00000000100090f4                z_impl_k_uptime_ticks
 .text.z_impl_atomic_add
                0x00000000100090fc       0x1a zephyr/kernel/libkernel.a(atomic_c.c.obj)
                0x00000000100090fc                z_impl_atomic_add
 .text.z_impl_atomic_sub
                0x0000000010009116       0x1a zephyr/kernel/libkernel.a(atomic_c.c.obj)
                0x0000000010009116                z_impl_atomic_sub
 .text.z_impl_atomic_or
                0x0000000010009130       0x1a zephyr/kernel/libkernel.a(atomic_c.c.obj)
                0x0000000010009130                z_impl_atomic_or
 .text.z_impl_atomic_and
                0x000000001000914a       0x1a zephyr/kernel/libkernel.a(atomic_c.c.obj)
                0x000000001000914a                z_impl_atomic_and
 .text.k_heap_init
                0x0000000010009164       0x10 zephyr/kernel/libkernel.a(kheap.c.obj)
                0x0000000010009164                k_heap_init
 .text.memcpy   0x0000000010009174       0x12 /home/reva/zephyr-sdk-0.17.0/arm-zephyr-eabi/bin/../lib/gcc/../../picolibc/arm-zephyr-eabi/lib/thumb/v6-m/nofp/libc.a(memcpy.c.o)
                0x0000000010009174                memcpy
                0x0000000010009174                __aeabi_memcpy
                0x0000000010009174                __aeabi_memcpy4
                0x0000000010009174                __aeabi_memcpy8
 .text.memset   0x0000000010009186       0x10 /home/reva/zephyr-sdk-0.17.0/arm-zephyr-eabi/bin/../lib/gcc/../../picolibc/arm-zephyr-eabi/lib/thumb/v6-m/nofp/libc.a(memset.c.o)
                0x0000000010009186                memset
 .text.atoi     0x0000000010009196        0xc /home/reva/zephyr-sdk-0.17.0/arm-zephyr-eabi/bin/../lib/gcc/../../picolibc/arm-zephyr-eabi/lib/thumb/v6-m/nofp/libc.a(libc_stdlib_atoi.c.o)
                0x0000000010009196                atoi
 .text.__strtok_r
                0x00000000100091a2       0x58 /home/reva/zephyr-sdk-0.17.0/arm-zephyr-eabi/bin/../lib/gcc/../../picolibc/arm-zephyr-eabi/lib/thumb/v6-m/nofp/libc.a(libc_string_strtok_r.c.o)
                0x00000000100091a2                __strtok_r
 *(SORT_BY_ALIGNMENT(.TEXT.*))
 *fill*         0x00000000100091fa        0x2 
 .TEXT.__aeabi_read_tp
                0x00000000100091fc        0xc zephyr/arch/arch/arm/core/cortex_m/libarch__arm__core__cortex_m.a(__aeabi_read_tp.S.obj)
                0x00000000100091fc                __aeabi_read_tp
 .TEXT.__aeabi_read_tp.__stub
                0x0000000010009208       0x10 linker stubs
 *(SORT_BY_ALIGNMENT(.gnu.linkonce.t.*))
 *(SORT_BY_ALIGNMENT(.glue_7t))
 .glue_7t       0x0000000010009218        0x0 linker stubs
 *(SORT_BY_ALIGNMENT(.glue_7))
 .glue_7        0x0000000010009218        0x0 linker stubs
 *(SORT_BY_ALIGNMENT(.vfp11_veneer))
 .vfp11_veneer  0x0000000010009218        0x0 linker stubs
 *(SORT_BY_ALIGNMENT(.v4_bx))
 .v4_bx         0x0000000010009218        0x0 linker stubs
                0x0000000010009218                . = ALIGN (0x4)
                0x0000000010009218                __text_region_end = .

.ARM.exidx      0x0000000010009218        0x8
                0x0000000010009218                __exidx_start = .
 *(SORT_BY_ALIGNMENT(.ARM.exidx*) SORT_BY_ALIGNMENT(gnu.linkonce.armexidx.*))
 .ARM.exidx     0x0000000010009218        0x8 /home/reva/zephyr-sdk-0.17.0/arm-zephyr-eabi/bin/../lib/gcc/arm-zephyr-eabi/12.2.0/thumb/v6-m/nofp/libgcc.a(_udivmoddi4.o)
 .ARM.exidx     0x0000000010009220        0x0 /home/reva/zephyr-sdk-0.17.0/arm-zephyr-eabi/bin/../lib/gcc/arm-zephyr-eabi/12.2.0/thumb/v6-m/nofp/libgcc.a(_divdi3.o)
                                          0x8 (size before relaxing)
                0x0000000010009220                __exidx_end = .
                0x0000000010009220                __rodata_region_start = .

initlevel       0x0000000010009220       0x78
                0x0000000010009220                __init_start = .
                0x0000000010009220                __init_EARLY_start = .
 *(SORT_BY_NAME(SORT_BY_ALIGNMENT(.z_init_EARLY?_*)))
 *(SORT_BY_NAME(SORT_BY_ALIGNMENT(.z_init_EARLY??_*)))
                0x0000000010009220                __init_PRE_KERNEL_1_start = .
 *(SORT_BY_NAME(SORT_BY_ALIGNMENT(.z_init_PRE_KERNEL_1?_*)))
 *(SORT_BY_NAME(SORT_BY_ALIGNMENT(.z_init_PRE_KERNEL_1??_*)))
 .z_init_PRE_KERNEL_130_00026_
                0x0000000010009220        0x8 zephyr/drivers/clock_control/libdrivers__clock_control.a(clock_control_rpi_pico.c.obj)
 .z_init_PRE_KERNEL_130_0_
                0x0000000010009228        0x8 zephyr/kernel/libkernel.a(kheap.c.obj)
 .z_init_PRE_KERNEL_135_00028_
                0x0000000010009230        0x8 zephyr/drivers/reset/libdrivers__reset.a(reset_rpi_pico.c.obj)
 .z_init_PRE_KERNEL_155_00032_
                0x0000000010009238        0x8 zephyr/drivers/serial/libdrivers__serial.a(uart_rpi_pico.c.obj)
 .z_init_PRE_KERNEL_155_00077_
                0x0000000010009240        0x8 zephyr/libzephyr.a(cdc_acm.c.obj)
                0x0000000010009248                __init_PRE_KERNEL_2_start = .
 *(SORT_BY_NAME(SORT_BY_ALIGNMENT(.z_init_PRE_KERNEL_2?_*)))
 .z_init_PRE_KERNEL_20_0_
                0x0000000010009248        0x8 zephyr/drivers/timer/libdrivers__timer.a(cortex_m_systick.c.obj)
 *(SORT_BY_NAME(SORT_BY_ALIGNMENT(.z_init_PRE_KERNEL_2??_*)))
                0x0000000010009250                __init_POST_KERNEL_start = .
 *(SORT_BY_NAME(SORT_BY_ALIGNMENT(.z_init_POST_KERNEL?_*)))
 .z_init_POST_KERNEL0_0_
                0x0000000010009250        0x8 zephyr/libzephyr.a(log_core.c.obj)
 *(SORT_BY_NAME(SORT_BY_ALIGNMENT(.z_init_POST_KERNEL??_*)))
 .z_init_POST_KERNEL40_00037_
                0x0000000010009258        0x8 zephyr/drivers/gpio/libdrivers__gpio.a(gpio_rpi_pico.c.obj)
 .z_init_POST_KERNEL40_0_
                0x0000000010009260        0x8 zephyr/libzephyr.a(usb_work_q.c.obj)
 .z_init_POST_KERNEL40_0_
                0x0000000010009268        0x8 zephyr/lib/libc/common/liblib__libc__common.a(malloc.c.obj)
 .z_init_POST_KERNEL40_0_
                0x0000000010009270        0x8 zephyr/kernel/libkernel.a(system_work_q.c.obj)
 .z_init_POST_KERNEL50_00073_
                0x0000000010009278        0x8 zephyr/drivers/i2c/libdrivers__i2c.a(i2c_dw.c.obj)
 .z_init_POST_KERNEL50_0_
                0x0000000010009280        0x8 zephyr/drivers/usb/device/libdrivers__usb__device.a(usb_dc_rpi_pico.c.obj)
 .z_init_POST_KERNEL90_00074_
                0x0000000010009288        0x8 zephyr/drivers/sensor/bme680/libdrivers__sensor__bme680.a(bme680.c.obj)
 .z_init_POST_KERNEL90_0_
                0x0000000010009290        0x8 zephyr/libzephyr.a(usb_device.c.obj)
                0x0000000010009298                __init_APPLICATION_start = .
 *(SORT_BY_NAME(SORT_BY_ALIGNMENT(.z_init_APPLICATION?_*)))
 *(SORT_BY_NAME(SORT_BY_ALIGNMENT(.z_init_APPLICATION??_*)))
                0x0000000010009298                __init_SMP_start = .
 *(SORT_BY_NAME(SORT_BY_ALIGNMENT(.z_init_SMP?_*)))
 *(SORT_BY_NAME(SORT_BY_ALIGNMENT(.z_init_SMP??_*)))
                0x0000000010009298                __init_end = .

device_area     0x0000000010009298       0xa8
                0x0000000010009298                _device_list_start = .
 *(SORT_BY_NAME(SORT_BY_ALIGNMENT(._device.static.*_?_*)))
 *(SORT_BY_NAME(SORT_BY_ALIGNMENT(._device.static.*_??_*)))
 ._device.static.1_30_
                0x0000000010009298       0x18 zephyr/drivers/clock_control/libdrivers__clock_control.a(clock_control_rpi_pico.c.obj)
                0x0000000010009298                __device_dts_ord_26
 ._device.static.1_35_
                0x00000000100092b0       0x18 zephyr/drivers/reset/libdrivers__reset.a(reset_rpi_pico.c.obj)
                0x00000000100092b0                __device_dts_ord_28
 ._device.static.1_55_
                0x00000000100092c8       0x18 zephyr/libzephyr.a(cdc_acm.c.obj)
                0x00000000100092c8                __device_dts_ord_77
 ._device.static.1_55_
                0x00000000100092e0       0x18 zephyr/drivers/serial/libdrivers__serial.a(uart_rpi_pico.c.obj)
                0x00000000100092e0                __device_dts_ord_32
 ._device.static.3_40_
                0x00000000100092f8       0x18 zephyr/drivers/gpio/libdrivers__gpio.a(gpio_rpi_pico.c.obj)
                0x00000000100092f8                __device_dts_ord_37
 ._device.static.3_50_
                0x0000000010009310       0x18 zephyr/drivers/i2c/libdrivers__i2c.a(i2c_dw.c.obj)
                0x0000000010009310                __device_dts_ord_73
 ._device.static.3_90_
                0x0000000010009328       0x18 zephyr/drivers/sensor/bme680/libdrivers__sensor__bme680.a(bme680.c.obj)
                0x0000000010009328                __device_dts_ord_74
                0x0000000010009340                _device_list_end = .

sw_isr_table    0x0000000010009340       0xd0
                0x0000000010009340                . = ALIGN (0x4)
 *(SORT_BY_ALIGNMENT(.gnu.linkonce.sw_isr_table*))
 .gnu.linkonce.sw_isr_table
                0x0000000010009340       0xd0 zephyr/arch/common/libisr_tables.a(isr_tables.c.obj)
                0x0000000010009340                _sw_isr_table

initlevel_error
                0x0000000010009220        0x0
 *(SORT_BY_NAME(SORT_BY_ALIGNMENT(.z_init_[_A-Z0-9]*)))
                0x0000000000000001                ASSERT ((SIZEOF (initlevel_error) == 0x0), Undefined initialization levels used.)

app_shmem_regions
                0x0000000010009410        0x0
                0x0000000010009410                __app_shmem_regions_start = .
 *(SORT_BY_NAME(SORT_BY_ALIGNMENT(.app_regions.*)))
                0x0000000010009410                __app_shmem_regions_end = .

k_p4wq_initparam_area
                0x0000000010009410        0x0
                0x0000000010009410                _k_p4wq_initparam_list_start = .
 *(SORT_BY_NAME(SORT_BY_ALIGNMENT(._k_p4wq_initparam.static.*)))
                0x0000000010009410                _k_p4wq_initparam_list_end = .

_static_thread_data_area
                0x0000000010009410        0x0
                0x0000000010009410                __static_thread_data_list_start = .
 *(SORT_BY_NAME(SORT_BY_ALIGNMENT(.__static_thread_data.static.*)))
                0x0000000010009410                __static_thread_data_list_end = .

device_deps     0x0000000010009410        0x0
                0x0000000010009410                __device_deps_start = .
 *(SORT_BY_NAME(SORT_BY_ALIGNMENT(.__device_deps_pass2*)))
                0x0000000010009410                __device_deps_end = .

ztest           0x0000000010009410        0x0
                0x0000000010009410                _ztest_expected_result_entry_list_start = .
 *(SORT_BY_NAME(SORT_BY_ALIGNMENT(._ztest_expected_result_entry.static.*)))
                0x0000000010009410                _ztest_expected_result_entry_list_end = .
                0x0000000010009410                _ztest_suite_node_list_start = .
 *(SORT_BY_NAME(SORT_BY_ALIGNMENT(._ztest_suite_node.static.*)))
                0x0000000010009410                _ztest_suite_node_list_end = .
                0x0000000010009410                _ztest_unit_test_list_start = .
 *(SORT_BY_NAME(SORT_BY_ALIGNMENT(._ztest_unit_test.static.*)))
                0x0000000010009410                _ztest_unit_test_list_end = .
                0x0000000010009410                _ztest_test_rule_list_start = .
 *(SORT_BY_NAME(SORT_BY_ALIGNMENT(._ztest_test_rule.static.*)))
                0x0000000010009410                _ztest_test_rule_list_end = .

bt_l2cap_fixed_chan_area
                0x0000000010009410        0x0
                0x0000000010009410                _bt_l2cap_fixed_chan_list_start = .
 *(SORT_BY_NAME(SORT_BY_ALIGNMENT(._bt_l2cap_fixed_chan.static.*)))
                0x0000000010009410                _bt_l2cap_fixed_chan_list_end = .

bt_gatt_service_static_area
                0x0000000010009410        0x0
                0x0000000010009410                _bt_gatt_service_static_list_start = .
 *(SORT_BY_NAME(SORT_BY_ALIGNMENT(._bt_gatt_service_static.static.*)))
                0x0000000010009410                _bt_gatt_service_static_list_end = .

log_strings_area
                0x0000000010009410        0x0
                0x0000000010009410                _log_strings_list_start = .
 *(SORT_BY_NAME(SORT_BY_ALIGNMENT(._log_strings.static.*)))
                0x0000000010009410                _log_strings_list_end = .

log_const_area  0x0000000010009410       0x80
                0x0000000010009410                _log_const_list_start = .
 *(SORT_BY_NAME(SORT_BY_ALIGNMENT(._log_const.static.*)))
 ._log_const.static.log_const_bme680_
                0x0000000010009410        0x8 zephyr/drivers/sensor/bme680/libdrivers__sensor__bme680.a(bme680.c.obj)
                0x0000000010009410                log_const_bme680
 ._log_const.static.log_const_cbprintf_package_
                0x0000000010009418        0x8 zephyr/libzephyr.a(cbprintf_packaged.c.obj)
                0x0000000010009418                log_const_cbprintf_package
 ._log_const.static.log_const_i2c_
                0x0000000010009420        0x8 zephyr/drivers/i2c/libdrivers__i2c.a(i2c_common.c.obj)
                0x0000000010009420                log_const_i2c
 ._log_const.static.log_const_i2c_dw_
                0x0000000010009428        0x8 zephyr/drivers/i2c/libdrivers__i2c.a(i2c_dw.c.obj)
                0x0000000010009428                log_const_i2c_dw
 ._log_const.static.log_const_log_
                0x0000000010009430        0x8 zephyr/libzephyr.a(log_core.c.obj)
                0x0000000010009430                log_const_log
 ._log_const.static.log_const_log_mgmt_
                0x0000000010009438        0x8 zephyr/libzephyr.a(log_mgmt.c.obj)
                0x0000000010009438                log_const_log_mgmt
 ._log_const.static.log_const_main_
                0x0000000010009440        0x8 app/libapp.a(main.c.obj)
                0x0000000010009440                log_const_main
 ._log_const.static.log_const_os_
                0x0000000010009448        0x8 zephyr/kernel/libkernel.a(init.c.obj)
                0x0000000010009448                log_const_os
 ._log_const.static.log_const_pm_device_
                0x0000000010009450        0x8 zephyr/libzephyr.a(device.c.obj)
                0x0000000010009450                log_const_pm_device
 ._log_const.static.log_const_soc_
                0x0000000010009458        0x8 zephyr/soc/soc/arm/rpi_pico/rp2/libsoc__arm__rpi_pico__rp2.a(soc.c.obj)
                0x0000000010009458                log_const_soc
 ._log_const.static.log_const_udc_rpi_
                0x0000000010009460        0x8 zephyr/drivers/usb/device/libdrivers__usb__device.a(usb_dc_rpi_pico.c.obj)
                0x0000000010009460                log_const_udc_rpi
 ._log_const.static.log_const_usb_bos_
                0x0000000010009468        0x8 zephyr/libzephyr.a(bos.c.obj)
                0x0000000010009468                log_const_usb_bos
 ._log_const.static.log_const_usb_descriptor_
                0x0000000010009470        0x8 zephyr/libzephyr.a(usb_descriptor.c.obj)
                0x0000000010009470                log_const_usb_descriptor
 ._log_const.static.log_const_usb_device_
                0x0000000010009478        0x8 zephyr/libzephyr.a(usb_device.c.obj)
                0x0000000010009478                log_const_usb_device
 ._log_const.static.log_const_usb_os_desc_
                0x0000000010009480        0x8 zephyr/libzephyr.a(os_desc.c.obj)
                0x0000000010009480                log_const_usb_os_desc
 ._log_const.static.log_const_usb_transfer_
                0x0000000010009488        0x8 zephyr/libzephyr.a(usb_transfer.c.obj)
                0x0000000010009488                log_const_usb_transfer
                0x0000000010009490                _log_const_list_end = .

log_backend_area
                0x0000000010009490        0x0
                0x0000000010009490                _log_backend_list_start = .
 *(SORT_BY_NAME(SORT_BY_ALIGNMENT(._log_backend.static.*)))
                0x0000000010009490                _log_backend_list_end = .

log_link_area   0x0000000010009490        0x0
                0x0000000010009490                _log_link_list_start = .
 *(SORT_BY_NAME(SORT_BY_ALIGNMENT(._log_link.static.*)))
                0x0000000010009490                _log_link_list_end = .

tracing_backend_area
                0x0000000010009490        0x0
                0x0000000010009490                _tracing_backend_list_start = .
 *(SORT_BY_NAME(SORT_BY_ALIGNMENT(._tracing_backend.static.*)))
                0x0000000010009490                _tracing_backend_list_end = .

zephyr_dbg_info
 *(SORT_BY_ALIGNMENT(.dbg_thread_info))

symbol_to_keep  0x0000000010009490        0x0
                0x0000000010009490                __symbol_to_keep_start = .
 *(SORT_BY_NAME(SORT_BY_ALIGNMENT(.symbol_to_keep*)))
                0x0000000010009490                __symbol_to_keep_end = .

shell_area      0x0000000010009490        0x0
                0x0000000010009490                _shell_list_start = .
 *(SORT_BY_NAME(SORT_BY_ALIGNMENT(._shell.static.*)))
                0x0000000010009490                _shell_list_end = .

shell_root_cmds_area
                0x0000000010009490        0x0
                0x0000000010009490                _shell_root_cmds_list_start = .
 *(SORT_BY_NAME(SORT_BY_ALIGNMENT(._shell_root_cmds.static.*)))
                0x0000000010009490                _shell_root_cmds_list_end = .

shell_subcmds_area
                0x0000000010009490        0x0
                0x0000000010009490                _shell_subcmds_list_start = .
 *(SORT_BY_NAME(SORT_BY_ALIGNMENT(._shell_subcmds.static.*)))
                0x0000000010009490                _shell_subcmds_list_end = .

shell_dynamic_subcmds_area
                0x0000000010009490        0x0
                0x0000000010009490                _shell_dynamic_subcmds_list_start = .
 *(SORT_BY_NAME(SORT_BY_ALIGNMENT(._shell_dynamic_subcmds.static.*)))
                0x0000000010009490                _shell_dynamic_subcmds_list_end = .

cfb_font_area   0x0000000010009490        0x0
                0x0000000010009490                _cfb_font_list_start = .
 *(SORT_BY_NAME(SORT_BY_ALIGNMENT(._cfb_font.static.*)))
                0x0000000010009490                _cfb_font_list_end = .

tdata           0x0000000010009490        0x0
 *(SORT_BY_ALIGNMENT(.tdata) SORT_BY_ALIGNMENT(.tdata.*) SORT_BY_ALIGNMENT(.gnu.linkonce.td.*))

tbss            0x0000000010009490        0xc
 *(SORT_BY_ALIGNMENT(.tbss) SORT_BY_ALIGNMENT(.tbss.*) SORT_BY_ALIGNMENT(.gnu.linkonce.tb.*) SORT_BY_ALIGNMENT(.tcommon))
 .tbss.z_tls_current
                0x0000000010009490        0x4 zephyr/libzephyr.a(thread_entry.c.obj)
                0x0000000010009490                z_tls_current
 .tbss.errno    0x0000000010009494        0x4 /home/reva/zephyr-sdk-0.17.0/arm-zephyr-eabi/bin/../lib/gcc/../../picolibc/arm-zephyr-eabi/lib/thumb/v6-m/nofp/libc.a(libc_errno_errno.c.o)
                0x0000000010009494                errno
 .tbss._strtok_last
                0x0000000010009498        0x4 /home/reva/zephyr-sdk-0.17.0/arm-zephyr-eabi/bin/../lib/gcc/../../picolibc/arm-zephyr-eabi/lib/thumb/v6-m/nofp/libc.a(libc_string_strtok.c.o)
                0x0000000010009490                PROVIDE (__tdata_start = LOADADDR (tdata))
                0x0000000000000000                PROVIDE (__tdata_size = SIZEOF (tdata))
                [!provide]                        PROVIDE (__tdata_end = (__tdata_start + __tdata_size))
                0x0000000000000001                PROVIDE (__tdata_align = ALIGNOF (tdata))
                [!provide]                        PROVIDE (__tbss_start = ADDR (tbss))
                0x000000000000000c                PROVIDE (__tbss_size = SIZEOF (tbss))
                [!provide]                        PROVIDE (__tbss_end = (__tbss_start + __tbss_size))
                0x0000000000000004                PROVIDE (__tbss_align = ALIGNOF (tbss))
                [!provide]                        PROVIDE (__tls_start = __tdata_start)
                [!provide]                        PROVIDE (__tls_end = __tbss_end)
                [!provide]                        PROVIDE (__tls_size = (__tbss_end - __tdata_start))

rodata          0x0000000010009490     0x1fdc
 *(SORT_BY_ALIGNMENT(.rodata))
 .rodata        0x0000000010009490        0x7 zephyr/libzephyr.a(cdc_acm.c.obj)
 .rodata        0x0000000010009497       0x22 zephyr/drivers/clock_control/libdrivers__clock_control.a(clock_control_rpi_pico.c.obj)
 *(SORT_BY_ALIGNMENT(.rodata.*))
 *fill*         0x00000000100094b9        0x3 
 .rodata.cdc_acm_driver_api
                0x00000000100094bc       0x4c zephyr/libzephyr.a(cdc_acm.c.obj)
 .rodata.clock_control_rpi_pico_config
                0x0000000010009508       0xf0 zephyr/drivers/clock_control/libdrivers__clock_control.a(clock_control_rpi_pico.c.obj)
 .rodata.__pinctrl_dev_config__device_dts_ord_26
                0x00000000100095f8        0x8 zephyr/drivers/clock_control/libdrivers__clock_control.a(clock_control_rpi_pico.c.obj)
 .rodata.__pinctrl_states__device_dts_ord_26
                0x0000000010009600        0x8 zephyr/drivers/clock_control/libdrivers__clock_control.a(clock_control_rpi_pico.c.obj)
 .rodata.__pinctrl_state_pins_0__device_dts_ord_26
                0x0000000010009608        0x0 zephyr/drivers/clock_control/libdrivers__clock_control.a(clock_control_rpi_pico.c.obj)
 .rodata.clock_control_rpi_pico_api
                0x0000000010009608       0x1c zephyr/drivers/clock_control/libdrivers__clock_control.a(clock_control_rpi_pico.c.obj)
 .rodata.gpio_rpi_0_config
                0x0000000010009624        0x8 zephyr/drivers/gpio/libdrivers__gpio.a(gpio_rpi_pico.c.obj)
 .rodata.gpio_rpi_driver_api
                0x000000001000962c       0x24 zephyr/drivers/gpio/libdrivers__gpio.a(gpio_rpi_pico.c.obj)
 .rodata.i2c_config_dw_0
                0x0000000010009650       0x18 zephyr/drivers/i2c/libdrivers__i2c.a(i2c_dw.c.obj)
 .rodata.__pinctrl_dev_config__device_dts_ord_73
                0x0000000010009668        0x8 zephyr/drivers/i2c/libdrivers__i2c.a(i2c_dw.c.obj)
 .rodata.__pinctrl_states__device_dts_ord_73
                0x0000000010009670        0x8 zephyr/drivers/i2c/libdrivers__i2c.a(i2c_dw.c.obj)
 .rodata.__pinctrl_state_pins_0__device_dts_ord_73
                0x0000000010009678        0x8 zephyr/drivers/i2c/libdrivers__i2c.a(i2c_dw.c.obj)
 .rodata.funcs  0x0000000010009680       0x18 zephyr/drivers/i2c/libdrivers__i2c.a(i2c_dw.c.obj)
 .rodata.reset_rpi_config_0
                0x0000000010009698        0xc zephyr/drivers/reset/libdrivers__reset.a(reset_rpi_pico.c.obj)
 .rodata.reset_rpi_driver_api
                0x00000000100096a4       0x10 zephyr/drivers/reset/libdrivers__reset.a(reset_rpi_pico.c.obj)
 .rodata.look_up2.1
                0x00000000100096b4       0x40 zephyr/drivers/sensor/bme680/libdrivers__sensor__bme680.a(bme680.c.obj)
 .rodata.look_up1.2
                0x00000000100096f4       0x40 zephyr/drivers/sensor/bme680/libdrivers__sensor__bme680.a(bme680.c.obj)
 .rodata.bme680_config_0
                0x0000000010009734        0xc zephyr/drivers/sensor/bme680/libdrivers__sensor__bme680.a(bme680.c.obj)
 .rodata.bme680_api_funcs
                0x0000000010009740       0x1c zephyr/drivers/sensor/bme680/libdrivers__sensor__bme680.a(bme680.c.obj)
 .rodata.bme680_bus_io_i2c
                0x000000001000975c        0xc zephyr/drivers/sensor/bme680/libdrivers__sensor__bme680.a(bme680_i2c.c.obj)
                0x000000001000975c                bme680_bus_io_i2c
 .rodata.uart0_rpi_config
                0x0000000010009768       0x1c zephyr/drivers/serial/libdrivers__serial.a(uart_rpi_pico.c.obj)
 .rodata.__pinctrl_dev_config__device_dts_ord_32
                0x0000000010009784        0x8 zephyr/drivers/serial/libdrivers__serial.a(uart_rpi_pico.c.obj)
 .rodata.__pinctrl_states__device_dts_ord_32
                0x000000001000978c        0x8 zephyr/drivers/serial/libdrivers__serial.a(uart_rpi_pico.c.obj)
 .rodata.__pinctrl_state_pins_0__device_dts_ord_32
                0x0000000010009794        0x8 zephyr/drivers/serial/libdrivers__serial.a(uart_rpi_pico.c.obj)
 .rodata.uart_rpi_driver_api
                0x000000001000979c       0x4c zephyr/drivers/serial/libdrivers__serial.a(uart_rpi_pico.c.obj)
 .rodata.CSWTCH.10
                0x00000000100097e8       0x14 zephyr/kernel/libkernel.a(fatal.c.obj)
 .rodata.levels.0
                0x00000000100097fc       0x18 zephyr/kernel/libkernel.a(init.c.obj)
 .rodata.main.str1.1
                0x0000000010009814      0x1c9 app/libapp.a(main.c.obj)
 .rodata.str1.1
                0x00000000100099dd        0x5 app/libapp.a(main.c.obj)
 .rodata.str1.1
                0x00000000100099e2       0x11 zephyr/libzephyr.a(cbprintf_packaged.c.obj)
 .rodata.str1.1
                0x00000000100099f3        0x4 zephyr/libzephyr.a(log_core.c.obj)
 .rodata.str1.1
                0x00000000100099f7        0x9 zephyr/libzephyr.a(log_mgmt.c.obj)
 .rodata.str1.1
                0x0000000010009a00       0x1f zephyr/libzephyr.a(device.c.obj)
 .rodata.usb_handle_request.constprop.0.str1.1
                0x0000000010009a1f       0x76 zephyr/libzephyr.a(usb_device.c.obj)
 .rodata.vendor_handler.str1.1
                0x0000000010009a95       0x23 zephyr/libzephyr.a(usb_device.c.obj)
 .rodata.get_ep_bm_from_addr.str1.1
                0x0000000010009ab8       0x1b zephyr/libzephyr.a(usb_device.c.obj)
 .rodata.disable_endpoint.str1.1
                0x0000000010009ad3       0x43 zephyr/libzephyr.a(usb_device.c.obj)
 .rodata.usb_halt_endpoint_req.isra.0.str1.1
                0x0000000010009b16       0x28 zephyr/libzephyr.a(usb_device.c.obj)
 .rodata.reset_endpoint.isra.0.str1.1
                0x0000000010009b3e       0x22 zephyr/libzephyr.a(usb_device.c.obj)
 .rodata.set_endpoint.str1.1
                0x0000000010009b60       0xad zephyr/libzephyr.a(usb_device.c.obj)
 .rodata.usb_handle_standard_request.str1.1
                0x0000000010009c0d      0x1a7 zephyr/libzephyr.a(usb_device.c.obj)
 .rodata.usb_write.str1.1
                0x0000000010009db4       0x27 zephyr/libzephyr.a(usb_device.c.obj)
 .rodata.usb_data_to_host.str1.1
                0x0000000010009ddb       0x23 zephyr/libzephyr.a(usb_device.c.obj)
 .rodata.usb_handle_control_transfer.str1.1
                0x0000000010009dfe       0xc7 zephyr/libzephyr.a(usb_device.c.obj)
 .rodata.usb_enable.str1.1
                0x0000000010009ec5       0xa7 zephyr/libzephyr.a(usb_device.c.obj)
 .rodata.usb_device_init.str1.1
                0x0000000010009f6c       0x25 zephyr/libzephyr.a(usb_device.c.obj)
 .rodata.__func__.0
                0x0000000010009f91       0x16 zephyr/libzephyr.a(usb_device.c.obj)
 .rodata.__func__.1
                0x0000000010009fa7       0x11 zephyr/libzephyr.a(usb_device.c.obj)
 .rodata.__func__.2
                0x0000000010009fb8       0x10 zephyr/libzephyr.a(usb_device.c.obj)
 .rodata.__func__.3
                0x0000000010009fc8       0x13 zephyr/libzephyr.a(usb_device.c.obj)
 .rodata.__func__.4
                0x0000000010009fdb       0x1c zephyr/libzephyr.a(usb_device.c.obj)
 .rodata.__func__.5
                0x0000000010009ff7        0xb zephyr/libzephyr.a(usb_device.c.obj)
 .rodata.__func__.6
                0x000000001000a002       0x1c zephyr/libzephyr.a(usb_device.c.obj)
 .rodata.__func__.7
                0x000000001000a01e       0x14 zephyr/libzephyr.a(usb_device.c.obj)
 .rodata.__func__.8
                0x000000001000a032       0x12 zephyr/libzephyr.a(usb_device.c.obj)
 .rodata.__func__.9
                0x000000001000a044       0x12 zephyr/libzephyr.a(usb_device.c.obj)
 .rodata.__func__.10
                0x000000001000a056       0x1d zephyr/libzephyr.a(usb_device.c.obj)
 .rodata.__func__.11
                0x000000001000a073        0xf zephyr/libzephyr.a(usb_device.c.obj)
 .rodata.__func__.12
                0x000000001000a082        0xd zephyr/libzephyr.a(usb_device.c.obj)
 .rodata.__func__.13
                0x000000001000a08f       0x16 zephyr/libzephyr.a(usb_device.c.obj)
 .rodata.__func__.14
                0x000000001000a0a5       0x13 zephyr/libzephyr.a(usb_device.c.obj)
 .rodata.__func__.15
                0x000000001000a0b8        0xf zephyr/libzephyr.a(usb_device.c.obj)
 .rodata.__func__.16
                0x000000001000a0c7       0x1a zephyr/libzephyr.a(usb_device.c.obj)
 .rodata.__func__.17
                0x000000001000a0e1        0xe zephyr/libzephyr.a(usb_device.c.obj)
 .rodata.__func__.18
                0x000000001000a0ef        0xf zephyr/libzephyr.a(usb_device.c.obj)
 .rodata.__func__.19
                0x000000001000a0fe        0xf zephyr/libzephyr.a(usb_device.c.obj)
 .rodata.str1.1
                0x000000001000a10d        0xb zephyr/libzephyr.a(usb_device.c.obj)
 .rodata.usb_update_sn_string_descriptor.str1.1
                0x000000001000a118       0x26 zephyr/libzephyr.a(usb_descriptor.c.obj)
 .rodata.usb_get_device_descriptor.str1.1
                0x000000001000a13e      0x2c3 zephyr/libzephyr.a(usb_descriptor.c.obj)
 .rodata.usb_get_dev_data_by_cfg.str1.1
                0x000000001000a401       0x25 zephyr/libzephyr.a(usb_descriptor.c.obj)
 .rodata.usb_get_dev_data_by_iface.str1.1
                0x000000001000a426       0x2e zephyr/libzephyr.a(usb_descriptor.c.obj)
 .rodata.usb_get_dev_data_by_ep.str1.1
                0x000000001000a454       0x24 zephyr/libzephyr.a(usb_descriptor.c.obj)
 .rodata.__func__.0
                0x000000001000a478       0x17 zephyr/libzephyr.a(usb_descriptor.c.obj)