Archive member included to satisfy reference by file (symbol)

/nix/store/4vfqcxpwpgf9ynv23li3wsqi8yigi25i-gcc-arm-embedded-12.3.rel1/bin/../lib/gcc/arm-none-eabi/12.3.1/thumb/v6-m/nofp/libgcc.a(_dvmd_tls.o)
                              CMakeFiles/sensor_node.dir/home/runner/workspace/pico-sdk/src/rp2_common/pico_divider/divider_hardware.S.o (__aeabi_idiv0)
/nix/store/4vfqcxpwpgf9ynv23li3wsqi8yigi25i-gcc-arm-embedded-12.3.rel1/bin/../lib/gcc/arm-none-eabi/12.3.1/../../../../arm-none-eabi/lib/thumb/v6-m/nofp/libg.a(libc_a-lcltime_r.o)
                              CMakeFiles/sensor_node.dir/home/runner/workspace/pico-sdk/src/common/pico_util/datetime.c.o (localtime_r)
/nix/store/4vfqcxpwpgf9ynv23li3wsqi8yigi25i-gcc-arm-embedded-12.3.rel1/bin/../lib/gcc/arm-none-eabi/12.3.1/../../../../arm-none-eabi/lib/thumb/v6-m/nofp/libg.a(libc_a-mktime.o)
                              CMakeFiles/sensor_node.dir/home/runner/workspace/pico-sdk/src/common/pico_util/datetime.c.o (mktime)
/nix/store/4vfqcxpwpgf9ynv23li3wsqi8yigi25i-gcc-arm-embedded-12.3.rel1/bin/../lib/gcc/arm-none-eabi/12.3.1/../../../../arm-none-eabi/lib/thumb/v6-m/nofp/libg.a(libc_a-month_lengths.o)
                              /nix/store/4vfqcxpwpgf9ynv23li3wsqi8yigi25i-gcc-arm-embedded-12.3.rel1/bin/../lib/gcc/arm-none-eabi/12.3.1/../../../../arm-none-eabi/lib/thumb/v6-m/nofp/libg.a(libc_a-lcltime_r.o) (__month_lengths)
/nix/store/4vfqcxpwpgf9ynv23li3wsqi8yigi25i-gcc-arm-embedded-12.3.rel1/bin/../lib/gcc/arm-none-eabi/12.3.1/../../../../arm-none-eabi/lib/thumb/v6-m/nofp/libg.a(libc_a-tzcalc_limits.o)
                              /nix/store/4vfqcxpwpgf9ynv23li3wsqi8yigi25i-gcc-arm-embedded-12.3.rel1/bin/../lib/gcc/arm-none-eabi/12.3.1/../../../../arm-none-eabi/lib/thumb/v6-m/nofp/libg.a(libc_a-lcltime_r.o) (__tzcalc_limits)
/nix/store/4vfqcxpwpgf9ynv23li3wsqi8yigi25i-gcc-arm-embedded-12.3.rel1/bin/../lib/gcc/arm-none-eabi/12.3.1/../../../../arm-none-eabi/lib/thumb/v6-m/nofp/libg.a(libc_a-tzlock.o)
                              /nix/store/4vfqcxpwpgf9ynv23li3wsqi8yigi25i-gcc-arm-embedded-12.3.rel1/bin/../lib/gcc/arm-none-eabi/12.3.1/../../../../arm-none-eabi/lib/thumb/v6-m/nofp/libg.a(libc_a-lcltime_r.o) (__tz_lock)
/nix/store/4vfqcxpwpgf9ynv23li3wsqi8yigi25i-gcc-arm-embedded-12.3.rel1/bin/../lib/gcc/arm-none-eabi/12.3.1/../../../../arm-none-eabi/lib/thumb/v6-m/nofp/libg.a(libc_a-malloc.o)
                              CMakeFiles/sensor_node.dir/home/runner/workspace/pico-sdk/src/rp2_common/pico_malloc/malloc.c.o (malloc)
/nix/store/4vfqcxpwpgf9ynv23li3wsqi8yigi25i-gcc-arm-embedded-12.3.rel1/bin/../lib/gcc/arm-none-eabi/12.3.1/../../../../arm-none-eabi/lib/thumb/v6-m/nofp/libg.a(libc_a-mallocr.o)
                              /nix/store/4vfqcxpwpgf9ynv23li3wsqi8yigi25i-gcc-arm-embedded-12.3.rel1/bin/../lib/gcc/arm-none-eabi/12.3.1/../../../../arm-none-eabi/lib/thumb/v6-m/nofp/libg.a(libc_a-malloc.o) (_malloc_r)
/nix/store/4vfqcxpwpgf9ynv23li3wsqi8yigi25i-gcc-arm-embedded-12.3.rel1/bin/../lib/gcc/arm-none-eabi/12.3.1/../../../../arm-none-eabi/lib/thumb/v6-m/nofp/libg.a(libc_a-memcmp.o)
                              CMakeFiles/sensor_node.dir/home/runner/workspace/pico-sdk/src/rp2_common/pico_atomic/atomic.c.o (memcmp)
/nix/store/4vfqcxpwpgf9ynv23li3wsqi8yigi25i-gcc-arm-embedded-12.3.rel1/bin/../lib/gcc/arm-none-eabi/12.3.1/../../../../arm-none-eabi/lib/thumb/v6-m/nofp/libg.a(libc_a-tzset.o)
                              /nix/store/4vfqcxpwpgf9ynv23li3wsqi8yigi25i-gcc-arm-embedded-12.3.rel1/bin/../lib/gcc/arm-none-eabi/12.3.1/../../../../arm-none-eabi/lib/thumb/v6-m/nofp/libg.a(libc_a-lcltime_r.o) (_tzset_unlocked)
/nix/store/4vfqcxpwpgf9ynv23li3wsqi8yigi25i-gcc-arm-embedded-12.3.rel1/bin/../lib/gcc/arm-none-eabi/12.3.1/../../../../arm-none-eabi/lib/thumb/v6-m/nofp/libg.a(libc_a-init.o)
                              /nix/store/4vfqcxpwpgf9ynv23li3wsqi8yigi25i-gcc-arm-embedded-12.3.rel1/bin/../lib/gcc/arm-none-eabi/12.3.1/../../../../arm-none-eabi/lib/thumb/v6-m/nofp/crt0.o (__libc_init_array)
/nix/store/4vfqcxpwpgf9ynv23li3wsqi8yigi25i-gcc-arm-embedded-12.3.rel1/bin/../lib/gcc/arm-none-eabi/12.3.1/../../../../arm-none-eabi/lib/thumb/v6-m/nofp/libg.a(libc_a-tzset_r.o)
                              /nix/store/4vfqcxpwpgf9ynv23li3wsqi8yigi25i-gcc-arm-embedded-12.3.rel1/bin/../lib/gcc/arm-none-eabi/12.3.1/../../../../arm-none-eabi/lib/thumb/v6-m/nofp/libg.a(libc_a-tzset.o) (_tzset_unlocked_r)
/nix/store/4vfqcxpwpgf9ynv23li3wsqi8yigi25i-gcc-arm-embedded-12.3.rel1/bin/../lib/gcc/arm-none-eabi/12.3.1/../../../../arm-none-eabi/lib/thumb/v6-m/nofp/libg.a(libc_a-tzvars.o)
                              /nix/store/4vfqcxpwpgf9ynv23li3wsqi8yigi25i-gcc-arm-embedded-12.3.rel1/bin/../lib/gcc/arm-none-eabi/12.3.1/../../../../arm-none-eabi/lib/thumb/v6-m/nofp/libg.a(libc_a-tzset_r.o) (_timezone)
/nix/store/4vfqcxpwpgf9ynv23li3wsqi8yigi25i-gcc-arm-embedded-12.3.rel1/bin/../lib/gcc/arm-none-eabi/12.3.1/../../../../arm-none-eabi/lib/thumb/v6-m/nofp/libg.a(libc_a-lock.o)
[...]
Memory Configuration

Name             Origin             Length             Attributes
FLASH            0x10000000         0x00200000         xr
RAM              0x20000000         0x00040000         xrw
SCRATCH_X        0x20040000         0x00001000         xrw
SCRATCH_Y        0x20041000         0x00001000         xrw
*default*        0x00000000         0xffffffff

Linker script and memory map

LOAD /nix/store/4vfqcxpwpgf9ynv23li3wsqi8yigi25i-gcc-arm-embedded-12.3.rel1/bin/../lib/gcc/arm-none-eabi/12.3.1/thumb/v6-m/nofp/crti.o
LOAD /nix/store/4vfqcxpwpgf9ynv23li3wsqi8yigi25i-gcc-arm-embedded-12.3.rel1/bin/../lib/gcc/arm-none-eabi/12.3.1/thumb/v6-m/nofp/crtbegin.o
LOAD /nix/store/4vfqcxpwpgf9ynv23li3wsqi8yigi25i-gcc-arm-embedded-12.3.rel1/bin/../lib/gcc/arm-none-eabi/12.3.1/../../../../arm-none-eabi/lib/thumb/v6-m/nofp/crt0.o

.flash_begin    0x10000000        0x0
                0x10000000                        __flash_binary_start = .

.boot2          0x10000000      0x100
                0x10000000                        __boot2_start__ = .
 *(.boot2)
 .boot2         0x10000000      0x100 pico-sdk/src/rp2040/boot_stage2/CMakeFiles/bs2_default_library.dir/bs2_default_padded_checksummed.S.o
                0x10000100                        __boot2_end__ = .
                0x00000001                        ASSERT (((__boot2_end__ - __boot2_start__) == 0x100), ERROR: Pico second stage bootloader must be 256 bytes in size)

.text           0x10000100     0x5100
                0x10000100                        __logical_binary_start = .
 *(.vectors)
 .vectors       0x10000100       0xd4 CMakeFiles/sensor_node.dir/home/runner/workspace/pico-sdk/src/rp2_common/pico_crt0/crt0.S.o
                0x10000100                __vectors
                0x10000100                __VECTOR_TABLE
                0x100001c0                isr_invalid
                0x100001c0                __default_isrs_start
                0x100001c2                isr_nmi
                0x100001c4                isr_hardfault
                0x100001c6                isr_svcall
                0x100001c8                isr_pendsv
                0x100001ca                isr_systick
                0x100001cc                isr_irq30
                0x100001cc                __unhandled_user_irq
                0x100001cc                isr_irq13
                0x100001cc                isr_irq27
                0x100001cc                isr_irq31
                0x100001cc                isr_irq5
                0x100001cc                isr_irq11
                0x100001cc                isr_irq23
                0x100001cc                isr_irq18
                0x100001cc                isr_irq28
                0x100001cc                isr_irq19
                0x100001cc                isr_irq0
                0x100001cc                isr_irq6
                0x100001cc                isr_irq22
                0x100001cc                isr_irq17
                0x100001cc                isr_irq14
                0x100001cc                isr_irq2
                0x100001cc                isr_irq10
                0x100001cc                isr_irq8
                0x100001cc                isr_irq24
                0x100001cc                isr_irq1
                0x100001cc                isr_irq7
                0x100001cc                isr_irq21
                0x100001cc                isr_irq20
                0x100001cc                isr_irq15
                0x100001cc                isr_irq25
                0x100001cc                isr_irq4
                0x100001cc                isr_irq16
                0x100001cc                isr_irq29
                0x100001cc                isr_irq26
                0x100001cc                __default_isrs_end
                0x100001cc                isr_irq3
                0x100001cc                isr_irq12
                0x100001cc                isr_irq9
                0x100001d2                unhandled_user_irq_num_in_r0
 *(.binary_info_header)
 .binary_info_header
                0x100001d4       0x14 CMakeFiles/sensor_node.dir/home/runner/workspace/pico-sdk/src/rp2_common/pico_crt0/crt0.S.o
                0x100001e8                        __binary_info_header_end = .
 *(.embedded_block)
                0x100001e8                        __embedded_block_end = .
 *(.reset)
 .reset         0x100001e8       0x9c CMakeFiles/sensor_node.dir/home/runner/workspace/pico-sdk/src/rp2_common/pico_crt0/crt0.S.o
                0x100001e8                _entry_point
 *(.init)
 .init          0x10000284        0x4 /nix/store/4vfqcxpwpgf9ynv23li3wsqi8yigi25i-gcc-arm-embedded-12.3.rel1/bin/../lib/gcc/arm-none-eabi/12.3.1/thumb/v6-m/nofp/crti.o
                0x10000284                _init
 *(EXCLUDE_FILE(*libm.a: *libc.a:*lib_a-mem*.o *libgcc.a:) .text*)
 .text.register_tm_clones
                0x10000288       0x28 /nix/store/4vfqcxpwpgf9ynv23li3wsqi8yigi25i-gcc-arm-embedded-12.3.rel1/bin/../lib/gcc/arm-none-eabi/12.3.1/thumb/v6-m/nofp/crtbegin.o
 .text.frame_dummy
                0x100002b0       0x24 /nix/store/4vfqcxpwpgf9ynv23li3wsqi8yigi25i-gcc-arm-embedded-12.3.rel1/bin/../lib/gcc/arm-none-eabi/12.3.1/thumb/v6-m/nofp/crtbegin.o
 .text.setup_hardware
                0x100002d4       0x54 CMakeFiles/sensor_node.dir/main.c.o
                0x100002d4                setup_hardware
 .text.read_and_process_sensors
                0x10000328      0x300 CMakeFiles/sensor_node.dir/main.c.o
                0x10000328                read_and_process_sensors
 .text.startup.main
                0x10000628      0x268 CMakeFiles/sensor_node.dir/main.c.o
                0x10000628                main
 .text.tsl2591_set_gain
                0x10000890       0xa4 CMakeFiles/sensor_node.dir/tsl2591.c.o
                0x10000890                tsl2591_set_gain
 .text.tsl2591_set_integration_time
                0x10000934       0x8c CMakeFiles/sensor_node.dir/tsl2591.c.o
                0x10000934                tsl2591_set_integration_time
 .text.tsl2591_init
                0x100009c0       0xb0 CMakeFiles/sensor_node.dir/tsl2591.c.o
                0x100009c0                tsl2591_init
 .text.tsl2591_get_full_luminosity
                0x10000a70      0x124 CMakeFiles/sensor_node.dir/tsl2591.c.o
                0x10000a70                tsl2591_get_full_luminosity
 .text.tsl2591_calculate_lux
                0x10000b94       0xc8 CMakeFiles/sensor_node.dir/tsl2591.c.o
                0x10000b94                tsl2591_calculate_lux
 .text.mcp9700_init
                0x10000c5c       0x54 CMakeFiles/sensor_node.dir/mcp9700.c.o
                0x10000c5c                mcp9700_init
 .text.mcp9700_read_temperature
                0x10000cb0       0x64 CMakeFiles/sensor_node.dir/mcp9700.c.o
                0x10000cb0                mcp9700_read_temperature
 .text.stemma_soil_init
                0x10000d14       0x5c CMakeFiles/sensor_node.dir/stemma_soil.c.o
                0x10000d14                stemma_soil_init
 .text.stemma_soil_read_moisture
                0x10000d70       0x74 CMakeFiles/sensor_node.dir/stemma_soil.c.o
                0x10000d70                stemma_soil_read_moisture
 .text.stemma_soil_read_temperature
                0x10000de4       0x5c CMakeFiles/sensor_node.dir/stemma_soil.c.o
                0x10000de4                stemma_soil_read_temperature
 .text.uart_protocol_init
                0x10000e40       0x40 CMakeFiles/sensor_node.dir/uart_protocol.c.o
                0x10000e40                uart_protocol_init
 .text.uart_protocol_send_light_data
                0x10000e80      0x10c CMakeFiles/sensor_node.dir/uart_protocol.c.o
                0x10000e80                uart_protocol_send_light_data
 .text.uart_protocol_send_alert
                0x10000f8c       0xf0 CMakeFiles/sensor_node.dir/uart_protocol.c.o
                0x10000f8c                uart_protocol_send_alert
 .text.uart_protocol_data_available
                0x1000107c       0x14 CMakeFiles/sensor_node.dir/uart_protocol.c.o
                0x1000107c                uart_protocol_data_available
 .text.uart_protocol_receive_packet
                0x10001090      0x244 CMakeFiles/sensor_node.dir/uart_protocol.c.o
                0x10001090                uart_protocol_receive_packet
 .text.gpio_set_function
                0x100012d4       0x34 CMakeFiles/sensor_node.dir/home/runner/workspace/pico-sdk/src/rp2_common/hardware_gpio/gpio.c.o
                0x100012d4                gpio_set_function
 .text.gpio_set_pulls
                0x10001308       0x28 CMakeFiles/sensor_node.dir/home/runner/workspace/pico-sdk/src/rp2_common/hardware_gpio/gpio.c.o
                0x10001308                gpio_set_pulls
 .text.gpio_set_input_enabled
                0x10001330       0x28 CMakeFiles/sensor_node.dir/home/runner/workspace/pico-sdk/src/rp2_common/hardware_gpio/gpio.c.o
                0x10001330                gpio_set_input_enabled
 .text.gpio_init
                0x10001358       0x40 CMakeFiles/sensor_node.dir/home/runner/workspace/pico-sdk/src/rp2_common/hardware_gpio/gpio.c.o
                0x10001358                gpio_init
 .text.panic    0x10001398       0x30 CMakeFiles/sensor_node.dir/home/runner/workspace/pico-sdk/src/rp2_common/pico_platform_panic/panic.c.o
                0x10001398                panic
 .text.hw_claim_or_assert
                0x100013c8       0x44 CMakeFiles/sensor_node.dir/home/runner/workspace/pico-sdk/src/common/hardware_claim/claim.c.o
                0x100013c8                hw_claim_or_assert
 .text.next_striped_spin_lock_num
                0x1000140c       0x18 CMakeFiles/sensor_node.dir/home/runner/workspace/pico-sdk/src/rp2_common/hardware_sync/sync.c.o
                0x1000140c                next_striped_spin_lock_num
 .text.spin_locks_reset
                0x10001424       0x1c CMakeFiles/sensor_node.dir/home/runner/workspace/pico-sdk/src/rp2_common/hardware_sync_spin_lock/sync_spin_lock.c.o
                0x10001424                spin_locks_reset
 .text.runtime_init_per_core_irq_priorities
                0x10001440       0x24 CMakeFiles/sensor_node.dir/home/runner/workspace/pico-sdk/src/rp2_common/hardware_irq/irq.c.o
                0x10001440                runtime_init_per_core_irq_priorities
 .text.irq_set_enabled
                0x10001464       0x24 CMakeFiles/sensor_node.dir/home/runner/workspace/pico-sdk/src/rp2_common/hardware_irq/irq.c.o
                0x10001464                irq_set_enabled
 .text.irq_set_exclusive_handler
                0x10001488       0x54 CMakeFiles/sensor_node.dir/home/runner/workspace/pico-sdk/src/rp2_common/hardware_irq/irq.c.o
                0x10001488                irq_set_exclusive_handler
 .text.lock_init
                0x100014dc       0x10 CMakeFiles/sensor_node.dir/home/runner/workspace/pico-sdk/src/common/pico_sync/lock_core.c.o
                0x100014dc                lock_init
 .text.runtime_init_mutex
                0x100014ec       0x60 CMakeFiles/sensor_node.dir/home/runner/workspace/pico-sdk/src/common/pico_sync/mutex.c.o
                0x100014ec                runtime_init_mutex
 .text.sleep_until_callback
                0x1000154c       0x30 CMakeFiles/sensor_node.dir/home/runner/workspace/pico-sdk/src/common/pico_time/time.c.o
 .text.alarm_pool_irq_handler
                0x1000157c      0x2fc CMakeFiles/sensor_node.dir/home/runner/workspace/pico-sdk/src/common/pico_time/time.c.o
 .text.runtime_init_default_alarm_pool
                0x10001878       0xdc CMakeFiles/sensor_node.dir/home/runner/workspace/pico-sdk/src/common/pico_time/time.c.o
                0x10001878                runtime_init_default_alarm_pool
 .text.alarm_pool_add_alarm_at_force_in_context
                0x10001954       0xb0 CMakeFiles/sensor_node.dir/home/runner/workspace/pico-sdk/src/common/pico_time/time.c.o
                0x10001954                alarm_pool_add_alarm_at_force_in_context
 .text.alarm_pool_cancel_alarm
                0x10001a04       0x74 CMakeFiles/sensor_node.dir/home/runner/workspace/pico-sdk/src/common/pico_time/time.c.o
                0x10001a04                alarm_pool_cancel_alarm
 .text.sleep_until
                0x10001a78       0xd8 CMakeFiles/sensor_node.dir/home/runner/workspace/pico-sdk/src/common/pico_time/time.c.o
                0x10001a78                sleep_until
 .text.sleep_ms
                0x10001b50       0x38 CMakeFiles/sensor_node.dir/home/runner/workspace/pico-sdk/src/common/pico_time/time.c.o
                0x10001b50                sleep_ms
 .text.best_effort_wfe_or_timeout
                0x10001b88       0xf8 CMakeFiles/sensor_node.dir/home/runner/workspace/pico-sdk/src/common/pico_time/time.c.o
                0x10001b88                best_effort_wfe_or_timeout
 .text.timer_hardware_alarm_claim
                0x10001c80       0x14 CMakeFiles/sensor_node.dir/home/runner/workspace/pico-sdk/src/rp2_common/hardware_timer/timer.c.o
                0x10001c80                timer_hardware_alarm_claim
 .text.timer_time_us_64
                0x10001c94       0x10 CMakeFiles/sensor_node.dir/home/runner/workspace/pico-sdk/src/rp2_common/hardware_timer/timer.c.o
                0x10001c94                timer_time_us_64
 .text.time_us_64
                0x10001ca4       0x14 CMakeFiles/sensor_node.dir/home/runner/workspace/pico-sdk/src/rp2_common/hardware_timer/timer.c.o
                0x10001ca4                time_us_64
 .text.busy_wait_us
                0x10001cb8       0x68 CMakeFiles/sensor_node.dir/home/runner/workspace/pico-sdk/src/rp2_common/hardware_timer/timer.c.o
                0x10001cb8                busy_wait_us
 .text.busy_wait_until
                0x10001d20       0x20 CMakeFiles/sensor_node.dir/home/runner/workspace/pico-sdk/src/rp2_common/hardware_timer/timer.c.o
                0x10001d20                busy_wait_until
 .text.uart_init
                0x10001d40      0x11c CMakeFiles/sensor_node.dir/home/runner/workspace/pico-sdk/src/rp2_common/hardware_uart/uart.c.o
                0x10001d40                uart_init
 .text.uart_set_fifo_enabled
                0x10001e5c       0x5c CMakeFiles/sensor_node.dir/home/runner/workspace/pico-sdk/src/rp2_common/hardware_uart/uart.c.o
                0x10001e5c                uart_set_fifo_enabled
 .text.uart_is_readable_within_us
                0x10001eb8       0x24 CMakeFiles/sensor_node.dir/home/runner/workspace/pico-sdk/src/rp2_common/hardware_uart/uart.c.o
                0x10001eb8                uart_is_readable_within_us
 .text.clock_configure_int_divider
                0x10001edc       0xf0 CMakeFiles/sensor_node.dir/home/runner/workspace/pico-sdk/src/rp2_common/hardware_clocks/clocks.c.o
                0x10001edc                clock_configure_int_divider
 .text.clock_configure_undivided
                0x10001fcc       0xe4 CMakeFiles/sensor_node.dir/home/runner/workspace/pico-sdk/src/rp2_common/hardware_clocks/clocks.c.o
                0x10001fcc                clock_configure_undivided
 .text.clock_get_hz
                0x100020b0        0xc CMakeFiles/sensor_node.dir/home/runner/workspace/pico-sdk/src/rp2_common/hardware_clocks/clocks.c.o
                0x100020b0                clock_get_hz
 .text.pll_init
                0x100020bc       0xa0 CMakeFiles/sensor_node.dir/home/runner/workspace/pico-sdk/src/rp2_common/hardware_pll/pll.c.o
                0x100020bc                pll_init
 .text.tick_start
                0x1000215c       0x10 CMakeFiles/sensor_node.dir/home/runner/workspace/pico-sdk/src/rp2_common/hardware_ticks/ticks.c.o
                0x1000215c                tick_start
 .text.rom_func_lookup
                0x1000216c       0x10 CMakeFiles/sensor_node.dir/home/runner/workspace/pico-sdk/src/rp2_common/pico_bootrom/bootrom.c.o
                0x1000216c                rom_func_lookup
 .text.rom_data_lookup
                0x1000217c       0x10 CMakeFiles/sensor_node.dir/home/runner/workspace/pico-sdk/src/rp2_common/pico_bootrom/bootrom.c.o
                0x1000217c                rom_data_lookup
 .text.rom_funcs_lookup
                0x1000218c       0x44 CMakeFiles/sensor_node.dir/home/runner/workspace/pico-sdk/src/rp2_common/pico_bootrom/bootrom.c.o
                0x1000218c                rom_funcs_lookup
 .text.xosc_init
                0x100021d0       0x28 CMakeFiles/sensor_node.dir/home/runner/workspace/pico-sdk/src/rp2_common/hardware_xosc/xosc.c.o
                0x100021d0                xosc_init
 .text.first_per_core_initializer
                0x100021f8        0x4 CMakeFiles/sensor_node.dir/home/runner/workspace/pico-sdk/src/rp2_common/pico_runtime/runtime.c.o
 .text.hard_assertion_failure
                0x100021fc        0xc CMakeFiles/sensor_node.dir/home/runner/workspace/pico-sdk/src/rp2_common/pico_runtime/runtime.c.o
                0x100021fc                hard_assertion_failure
 .text.runtime_run_initializers
                0x10002208       0x28 CMakeFiles/sensor_node.dir/home/runner/workspace/pico-sdk/src/rp2_common/pico_runtime/runtime.c.o
                0x10002208                runtime_run_initializers
 .text.runtime_init_early_resets
                0x10002230       0x2c CMakeFiles/sensor_node.dir/home/runner/workspace/pico-sdk/src/rp2_common/pico_runtime_init/runtime_init.c.o
                0x10002230                runtime_init_early_resets
 .text.runtime_init_usb_power_down
                0x1000225c       0x1c CMakeFiles/sensor_node.dir/home/runner/workspace/pico-sdk/src/rp2_common/pico_runtime_init/runtime_init.c.o
                0x1000225c                runtime_init_usb_power_down
 .text.runtime_init_post_clock_resets
                0x10002278       0x20 CMakeFiles/sensor_node.dir/home/runner/workspace/pico-sdk/src/rp2_common/pico_runtime_init/runtime_init.c.o
                0x10002278                runtime_init_post_clock_resets
 .text.runtime_init_rp2040_gpio_ie_disable
                0x10002298       0x14 CMakeFiles/sensor_node.dir/home/runner/workspace/pico-sdk/src/rp2_common/pico_runtime_init/runtime_init.c.o
                0x10002298                runtime_init_rp2040_gpio_ie_disable
 .text.runtime_init_spin_locks_reset
                0x100022ac        0x8 CMakeFiles/sensor_node.dir/home/runner/workspace/pico-sdk/src/rp2_common/pico_runtime_init/runtime_init.c.o
                0x100022ac                runtime_init_spin_locks_reset
 .text.runtime_init_install_ram_vector_table
                0x100022b4       0x1c CMakeFiles/sensor_node.dir/home/runner/workspace/pico-sdk/src/rp2_common/pico_runtime_init/runtime_init.c.o
                0x100022b4                runtime_init_install_ram_vector_table
 .text.runtime_init_clocks
                0x100022d0       0xd8 CMakeFiles/sensor_node.dir/home/runner/workspace/pico-sdk/src/rp2_common/pico_runtime_init/runtime_init_clocks.c.o
                0x100022d0                runtime_init_clocks
 .text          0x100023a8       0x10 CMakeFiles/sensor_node.dir/home/runner/workspace/pico-sdk/src/rp2_common/pico_bit_ops/bit_ops_aeabi.S.o
 .text.__wrap___aeabi_idiv
                0x100023b8       0x50 CMakeFiles/sensor_node.dir/home/runner/workspace/pico-sdk/src/rp2_common/pico_divider/divider_hardware.S.o
                0x100023b8                __wrap___aeabi_idivmod
                0x100023b8                divmod_s32s32
                0x100023b8                div_s32s32
                0x100023b8                __wrap___aeabi_idiv
                0x100023c0                divmod_s32s32_unsafe
                0x100023ec                divmod_s32s32_savestate
 .text.__wrap___aeabi_uidiv
                0x10002408       0x4c CMakeFiles/sensor_node.dir/home/runner/workspace/pico-sdk/src/rp2_common/pico_divider/divider_hardware.S.o
                0x10002408                __wrap___aeabi_uidiv
                0x10002408                __wrap___aeabi_uidivmod
                0x10002408                div_u32u32
                0x10002408                divmod_u32u32
                0x10002410                divmod_u32u32_unsafe
                0x10002438                divmod_u32u32_savestate
 .text.__wrap___aeabi_ldiv
                0x10002454      0x424 CMakeFiles/sensor_node.dir/home/runner/workspace/pico-sdk/src/rp2_common/pico_divider/divider_hardware.S.o
                0x10002454                div_s64s64
                0x10002454                divmod_s64s64
                0x10002454                __wrap___aeabi_ldivmod
                0x10002484                div_u64u64
                0x10002484                divmod_u64u64
                0x10002484                __wrap___aeabi_uldivmod
                0x10002494                divmod_u64u64_savestate
                0x100024b4                divmod_s64s64_unsafe
                0x1000253c                divmod_u64u64_unsafe
 .text.__wrap___aeabi_darithmetic
                0x10002878       0x80 CMakeFiles/sensor_node.dir/home/runner/workspace/pico-sdk/src/rp2_common/pico_double/double_aeabi_rp2040.S.o
                0x10002878                __wrap___aeabi_drsub
                0x1000287e                __wrap___aeabi_dsub
                0x10002890                __wrap___aeabi_dadd
                0x100028a2                __wrap___aeabi_ddiv
                0x100028de                __wrap___aeabi_dmul
 .text.__wrap___aeabi_cdcmple
                0x100028f8       0x6c CMakeFiles/sensor_node.dir/home/runner/workspace/pico-sdk/src/rp2_common/pico_double/double_aeabi_rp2040.S.o
                0x100028f8                __wrap___aeabi_cdrcmple
                0x10002908                __wrap___aeabi_cdcmple
                0x10002908                __wrap___aeabi_cdcmpeq
 .text.__wrap___aeabi_dcmplt
                0x10002964        0xc CMakeFiles/sensor_node.dir/home/runner/workspace/pico-sdk/src/rp2_common/pico_double/double_aeabi_rp2040.S.o
                0x10002964                __wrap___aeabi_dcmplt
 .text.__wrap___aeabi_dcmpge
                0x10002970       0x10 CMakeFiles/sensor_node.dir/home/runner/workspace/pico-sdk/src/rp2_common/pico_double/double_aeabi_rp2040.S.o
                0x10002970                __wrap___aeabi_dcmpge
 .text.__wrap___aeabi_dcmpgt
                0x10002980        0xa CMakeFiles/sensor_node.dir/home/runner/workspace/pico-sdk/src/rp2_common/pico_double/double_aeabi_rp2040.S.o
                0x10002980                __wrap___aeabi_dcmpgt
 .text.__wrap___aeabi_dcmpun
                0x1000298a       0x18 CMakeFiles/sensor_node.dir/home/runner/workspace/pico-sdk/src/rp2_common/pico_double/double_aeabi_rp2040.S.o
                0x1000298a                __wrap___aeabi_dcmpun
 *fill*         0x100029a2        0x2 
 .text.__wrap___aeabi_i2d
                0x100029a4       0x38 CMakeFiles/sensor_node.dir/home/runner/workspace/pico-sdk/src/rp2_common/pico_double/double_aeabi_rp2040.S.o
                0x100029a4                __wrap___aeabi_ui2d
                0x100029a4                uint2double
                0x100029ac                __wrap___aeabi_i2d
                0x100029ac                int2double
 .text.__wrap___aeabi_d2iz
                0x100029dc       0x48 CMakeFiles/sensor_node.dir/home/runner/workspace/pico-sdk/src/rp2_common/pico_double/double_aeabi_rp2040.S.o
                0x100029dc                __wrap___aeabi_d2iz
                0x100029dc                double2int_z
 .text.__wrap___aeabi_d2uiz
                0x10002a24       0x18 CMakeFiles/sensor_node.dir/home/runner/workspace/pico-sdk/src/rp2_common/pico_double/double_aeabi_rp2040.S.o
                0x10002a24                double2uint_z
                0x10002a24                double2uint
                0x10002a24                __wrap___aeabi_d2uiz
 .text.__wrap___aeabi_d2f
                0x10002a3c       0x18 CMakeFiles/sensor_node.dir/home/runner/workspace/pico-sdk/src/rp2_common/pico_double/double_aeabi_rp2040.S.o
                0x10002a3c                __wrap___aeabi_d2f
 .text.__aeabi_double_init
                0x10002a54       0xa4 CMakeFiles/sensor_node.dir/home/runner/workspace/pico-sdk/src/rp2_common/pico_double/double_init_rom_rp2040.c.o
                0x10002a54                __aeabi_double_init
 .text.double_table_shim_on_use_helper
                0x10002af8       0x2c CMakeFiles/sensor_node.dir/home/runner/workspace/pico-sdk/src/rp2_common/pico_double/double_v1_rom_shim_rp2040.S.o
                0x10002af8                double_table_shim_on_use_helper
 .text.__wrap___aeabi_dsub
                0x10002b24       0x10 CMakeFiles/sensor_node.dir/home/runner/workspace/pico-sdk/src/rp2_common/pico_double/double_v1_rom_shim_rp2040.S.o
                0x10002b24                drsub_shim
                0x10002b2a                dsub_shim
 .text.dadd_shim
                0x10002b34      0x15c CMakeFiles/sensor_node.dir/home/runner/workspace/pico-sdk/src/rp2_common/pico_double/double_v1_rom_shim_rp2040.S.o
                0x10002b34                dadd_shim
 .text.dmul_shim
                0x10002c90      0x15c CMakeFiles/sensor_node.dir/home/runner/workspace/pico-sdk/src/rp2_common/pico_double/double_v1_rom_shim_rp2040.S.o
                0x10002c90                dmul_shim
 .text.ddiv_shim
                0x10002dec      0x1b0 CMakeFiles/sensor_node.dir/home/runner/workspace/pico-sdk/src/rp2_common/pico_double/double_v1_rom_shim_rp2040.S.o
                0x10002dec                ddiv_shim
 .text.double2uint_shim
                0x10002f9c        0xe CMakeFiles/sensor_node.dir/home/runner/workspace/pico-sdk/src/rp2_common/pico_double/double_v1_rom_shim_rp2040.S.o
                0x10002f9c                double2uint_shim
                0x10002f9e                double2ufix_shim
 *fill*         0x10002faa        0x2 
 .text.double2uint64_shim
                0x10002fac       0x70 CMakeFiles/sensor_node.dir/home/runner/workspace/pico-sdk/src/rp2_common/pico_double/double_v1_rom_shim_rp2040.S.o
                0x10002fac                double2uint64_shim
                0x10002fae                double2ufix64_shim
                0x10002fce                d2fix_a
 .text.double2float_shim
                0x1000301c       0x5c CMakeFiles/sensor_node.dir/home/runner/workspace/pico-sdk/src/rp2_common/pico_double/double_v1_rom_shim_rp2040.S.o
                0x1000301c                double2float_shim
 .text.dunpacks
                0x10003078       0x3c CMakeFiles/sensor_node.dir/home/runner/workspace/pico-sdk/src/rp2_common/pico_double/double_v1_rom_shim_rp2040.S.o
                0x10003078                dunpacks
 .text.__aeabi_lmul
                0x100030b4       0x32 CMakeFiles/sensor_node.dir/home/runner/workspace/pico-sdk/src/rp2_common/pico_int64_ops/pico_int64_ops_aeabi.S.o
                0x100030b4                __wrap___aeabi_lmul
 *fill*         0x100030e6        0x2 
 .text.__wrap___aeabi_farithmetic
                0x100030e8       0x48 CMakeFiles/sensor_node.dir/home/runner/workspace/pico-sdk/src/rp2_common/pico_float/float_aeabi_rp2040.S.o
                0x100030e8                __wrap___aeabi_frsub
                0x100030ee                __wrap___aeabi_fsub
                0x100030f4                __wrap___aeabi_fadd
                0x100030fa                __wrap___aeabi_fdiv
                0x10003122                __wrap___aeabi_fmul
 .text.__wrap___aeabi_cfcmple
                0x10003130       0x50 CMakeFiles/sensor_node.dir/home/runner/workspace/pico-sdk/src/rp2_common/pico_float/float_aeabi_rp2040.S.o
                0x10003130                __wrap___aeabi_cfrcmple
                0x1000313c                __wrap___aeabi_cfcmpeq
                0x1000313c                __wrap___aeabi_cfcmple
 .text.__wrap___aeabi_fcmplt
                0x10003180        0xc CMakeFiles/sensor_node.dir/home/runner/workspace/pico-sdk/src/rp2_common/pico_float/float_aeabi_rp2040.S.o
                0x10003180                __wrap___aeabi_fcmplt
 .text.__wrap___aeabi_fcmple
                0x1000318c       0x10 CMakeFiles/sensor_node.dir/home/runner/workspace/pico-sdk/src/rp2_common/pico_float/float_aeabi_rp2040.S.o
                0x1000318c                __wrap___aeabi_fcmple
 .text.__wrap___aeabi_fcmpge
                0x1000319c       0x10 CMakeFiles/sensor_node.dir/home/runner/workspace/pico-sdk/src/rp2_common/pico_float/float_aeabi_rp2040.S.o
                0x1000319c                __wrap___aeabi_fcmpge
 .text.__wrap___aeabi_fcmpgt
                0x100031ac        0xa CMakeFiles/sensor_node.dir/home/runner/workspace/pico-sdk/src/rp2_common/pico_float/float_aeabi_rp2040.S.o
                0x100031ac                __wrap___aeabi_fcmpgt
 .text.__wrap___aeabi_ui2f
                0x100031b6        0xa CMakeFiles/sensor_node.dir/home/runner/workspace/pico-sdk/src/rp2_common/pico_float/float_aeabi_rp2040.S.o
                0x100031b6                uint2float
                0x100031b6                __wrap___aeabi_ui2f
 .text.__wrap___aeabi_i2f
                0x100031c0       0x44 CMakeFiles/sensor_node.dir/home/runner/workspace/pico-sdk/src/rp2_common/pico_float/float_aeabi_rp2040.S.o
                0x100031c0                int2float
                0x100031c0                __wrap___aeabi_i2f
 .text.__wrap___aeabi_f2d
                0x10003204       0x14 CMakeFiles/sensor_node.dir/home/runner/workspace/pico-sdk/src/rp2_common/pico_float/float_aeabi_rp2040.S.o
                0x10003204                __wrap___aeabi_f2d
 .text.__aeabi_float_init
                0x10003218       0x64 CMakeFiles/sensor_node.dir/home/runner/workspace/pico-sdk/src/rp2_common/pico_float/float_init_rom_rp2040.c.o
                0x10003218                __aeabi_float_init
 .text.float_table_shim_on_use_helper
                0x1000327c       0x2c CMakeFiles/sensor_node.dir/home/runner/workspace/pico-sdk/src/rp2_common/pico_float/float_v1_rom_shim_rp2040.S.o
                0x1000327c                float_table_shim_on_use_helper
 .text.float2double_shim
                0x100032a8       0x30 CMakeFiles/sensor_node.dir/home/runner/workspace/pico-sdk/src/rp2_common/pico_float/float_v1_rom_shim_rp2040.S.o
                0x100032a8                float2double_shim
 .text          0x100032d8       0x10 CMakeFiles/sensor_node.dir/home/runner/workspace/pico-sdk/src/rp2_common/pico_mem_ops/mem_ops_aeabi.S.o
                0x100032d8                __aeabi_mem_init
 .text.memcpy   0x100032e8        0xc CMakeFiles/sensor_node.dir/home/runner/workspace/pico-sdk/src/rp2_common/pico_mem_ops/mem_ops_aeabi.S.o
                0x100032e8                __wrap___aeabi_memcpy
                0x100032e8                __wrap_memcpy
 .text._out_null
                0x100032f4        0x4 CMakeFiles/sensor_node.dir/home/runner/workspace/pico-sdk/src/rp2_common/pico_printf/printf.c.o
 .text._out_rev
                0x100032f8       0x90 CMakeFiles/sensor_node.dir/home/runner/workspace/pico-sdk/src/rp2_common/pico_printf/printf.c.o
 .text._ntoa_format
                0x10003388      0x208 CMakeFiles/sensor_node.dir/home/runner/workspace/pico-sdk/src/rp2_common/pico_printf/printf.c.o
 .text._out_char
                0x10003590       0x10 CMakeFiles/sensor_node.dir/home/runner/workspace/pico-sdk/src/rp2_common/pico_printf/printf.c.o
 .text._out_fct
                0x100035a0       0x10 CMakeFiles/sensor_node.dir/home/runner/workspace/pico-sdk/src/rp2_common/pico_printf/printf.c.o
 .text._etoa    0x100035b0      0x464 CMakeFiles/sensor_node.dir/home/runner/workspace/pico-sdk/src/rp2_common/pico_printf/printf.c.o
 .text._ftoa    0x10003a14      0x3c4 CMakeFiles/sensor_node.dir/home/runner/workspace/pico-sdk/src/rp2_common/pico_printf/printf.c.o
 .text._vsnprintf
                0x10003dd8      0xc18 CMakeFiles/sensor_node.dir/home/runner/workspace/pico-sdk/src/rp2_common/pico_printf/printf.c.o
 .text.vfctprintf
                0x100049f0       0x20 CMakeFiles/sensor_node.dir/home/runner/workspace/pico-sdk/src/rp2_common/pico_printf/printf.c.o
                0x100049f0                vfctprintf
 .text.weak_raw_vprintf
                0x10004a10       0x30 CMakeFiles/sensor_node.dir/home/runner/workspace/pico-sdk/src/rp2_common/pico_printf/printf.c.o
                0x10004a10                weak_raw_vprintf
 .text._exit    0x10004a40        0x4 CMakeFiles/sensor_node.dir/home/runner/workspace/pico-sdk/src/rp2_common/pico_clib_interface/newlib_interface.c.o
                0x10004a40                _exit
 .text.exit     0x10004a44        0x8 CMakeFiles/sensor_node.dir/home/runner/workspace/pico-sdk/src/rp2_common/pico_clib_interface/newlib_interface.c.o
                0x10004a44                exit
 .text.runtime_init
                0x10004a4c       0x2c CMakeFiles/sensor_node.dir/home/runner/workspace/pico-sdk/src/rp2_common/pico_clib_interface/newlib_interface.c.o
                0x10004a4c                runtime_init
 .text.stdio_out_chars_no_crlf
                0x10004a78       0x10 CMakeFiles/sensor_node.dir/home/runner/workspace/pico-sdk/src/rp2_common/pico_stdio/stdio.c.o
 .text.stdio_out_chars_crlf
                0x10004a88       0x94 CMakeFiles/sensor_node.dir/home/runner/workspace/pico-sdk/src/rp2_common/pico_stdio/stdio.c.o
 .text.stdio_buffered_printer
                0x10004b1c       0x64 CMakeFiles/sensor_node.dir/home/runner/workspace/pico-sdk/src/rp2_common/pico_stdio/stdio.c.o
 .text.stdio_put_string
                0x10004b80      0x100 CMakeFiles/sensor_node.dir/home/runner/workspace/pico-sdk/src/rp2_common/pico_stdio/stdio.c.o
                0x10004b80                stdio_put_string
 .text.stdio_init_all
                0x10004c80        0x4 CMakeFiles/sensor_node.dir/home/runner/workspace/pico-sdk/src/rp2_common/pico_stdio/stdio.c.o
                0x10004c80                stdio_init_all
 .text.__wrap_putchar
                0x10004c84       0x98 CMakeFiles/sensor_node.dir/home/runner/workspace/pico-sdk/src/rp2_common/pico_stdio/stdio.c.o
                0x10004c84                stdio_putchar
                0x10004c84                __wrap_putchar
 .text.__wrap_puts
                0x10004d1c       0x3c CMakeFiles/sensor_node.dir/home/runner/workspace/pico-sdk/src/rp2_common/pico_stdio/stdio.c.o
                0x10004d1c                __wrap_puts
                0x10004d1c                stdio_puts
 .text.__wrap_vprintf
                0x10004d58       0xd4 CMakeFiles/sensor_node.dir/home/runner/workspace/pico-sdk/src/rp2_common/pico_stdio/stdio.c.o
                0x10004d58                __wrap_vprintf
                0x10004d58                stdio_vprintf
 .text.__wrap_printf
                0x10004e2c       0x18 CMakeFiles/sensor_node.dir/home/runner/workspace/pico-sdk/src/rp2_common/pico_stdio/stdio.c.o
                0x10004e2c                stdio_printf
                0x10004e2c                __wrap_printf
 .text.i2c_read_blocking_internal.constprop.0
                0x10004e44       0x98 CMakeFiles/sensor_node.dir/home/runner/workspace/pico-sdk/src/rp2_common/hardware_i2c/i2c.c.o
 .text.i2c_write_blocking_internal.constprop.0
                0x10004edc       0xd0 CMakeFiles/sensor_node.dir/home/runner/workspace/pico-sdk/src/rp2_common/hardware_i2c/i2c.c.o
 .text.i2c_set_baudrate
                0x10004fac       0xc0 CMakeFiles/sensor_node.dir/home/runner/workspace/pico-sdk/src/rp2_common/hardware_i2c/i2c.c.o
                0x10004fac                i2c_set_baudrate
 .text.i2c_init
                0x1000506c       0x54 CMakeFiles/sensor_node.dir/home/runner/workspace/pico-sdk/src/rp2_common/hardware_i2c/i2c.c.o
                0x1000506c                i2c_init
 .text.i2c_write_blocking
                0x100050c0       0x14 CMakeFiles/sensor_node.dir/home/runner/workspace/pico-sdk/src/rp2_common/hardware_i2c/i2c.c.o
                0x100050c0                i2c_write_blocking
 .text.i2c_read_blocking
                0x100050d4       0x14 CMakeFiles/sensor_node.dir/home/runner/workspace/pico-sdk/src/rp2_common/hardware_i2c/i2c.c.o
                0x100050d4                i2c_read_blocking
 .text.adc_init
                0x100050e8       0x38 CMakeFiles/sensor_node.dir/home/runner/workspace/pico-sdk/src/rp2_common/hardware_adc/adc.c.o
                0x100050e8                adc_init
 .text.strlen   0x10005120       0x5c /nix/store/4vfqcxpwpgf9ynv23li3wsqi8yigi25i-gcc-arm-embedded-12.3.rel1/bin/../lib/gcc/arm-none-eabi/12.3.1/../../../../arm-none-eabi/lib/thumb/v6-m/nofp/libg.a(libc_a-strlen-stub.o)
                0x10005120                strlen
 *(.fini)
 .fini          0x1000517c        0x4 /nix/store/4vfqcxpwpgf9ynv23li3wsqi8yigi25i-gcc-arm-embedded-12.3.rel1/bin/../lib/gcc/arm-none-eabi/12.3.1/thumb/v6-m/nofp/crti.o
                0x1000517c                _fini
 .fini.__stub   0x10005180       0x40 linker stubs
 *crtbegin.o(.ctors)
 *crtbegin?.o(.ctors)
 *(EXCLUDE_FILE(*crtend.o *crtend?.o) .ctors)
 *(SORT_BY_NAME(.ctors.*))
 *(.ctors)
 *crtbegin.o(.dtors)
 *crtbegin?.o(.dtors)
 *(EXCLUDE_FILE(*crtend.o *crtend?.o) .dtors)
 *(SORT_BY_NAME(.dtors.*))
 *(.dtors)
                0x100051c0                        . = ALIGN (0x4)
                0x100051c0                        PROVIDE (__preinit_array_start = .)
 *(SORT_BY_NAME(.preinit_array.*))
 .preinit_array.00100
                0x100051c0        0x4 CMakeFiles/sensor_node.dir/home/runner/workspace/pico-sdk/src/rp2_common/pico_runtime_init/runtime_init.c.o
                0x100051c0                __pre_init_runtime_init_early_resets
 .preinit_array.00101
                0x100051c4        0x4 CMakeFiles/sensor_node.dir/home/runner/workspace/pico-sdk/src/rp2_common/pico_runtime_init/runtime_init.c.o
                0x100051c4                __pre_init_runtime_init_usb_power_down
 .preinit_array.00275
                0x100051c8        0x4 CMakeFiles/sensor_node.dir/home/runner/workspace/pico-sdk/src/rp2_common/pico_bit_ops/bit_ops_aeabi.S.o
 .preinit_array.00300
                0x100051cc        0x4 CMakeFiles/sensor_node.dir/home/runner/workspace/pico-sdk/src/rp2_common/pico_mem_ops/mem_ops_aeabi.S.o
 .preinit_array.00350
                0x100051d0        0x4 CMakeFiles/sensor_node.dir/home/runner/workspace/pico-sdk/src/rp2_common/pico_double/double_aeabi_rp2040.S.o
 .preinit_array.00350
                0x100051d4        0x4 CMakeFiles/sensor_node.dir/home/runner/workspace/pico-sdk/src/rp2_common/pico_float/float_aeabi_rp2040.S.o
 .preinit_array.00500
                0x100051d8        0x4 CMakeFiles/sensor_node.dir/home/runner/workspace/pico-sdk/src/rp2_common/pico_runtime_init/runtime_init.c.o
                0x100051d8                __pre_init_runtime_init_clocks
 .preinit_array.00600
                0x100051dc        0x4 CMakeFiles/sensor_node.dir/home/runner/workspace/pico-sdk/src/rp2_common/pico_runtime_init/runtime_init.c.o
                0x100051dc                __pre_init_runtime_init_post_clock_resets
 .preinit_array.00700
                0x100051e0        0x4 CMakeFiles/sensor_node.dir/home/runner/workspace/pico-sdk/src/rp2_common/pico_runtime_init/runtime_init.c.o
                0x100051e0                __pre_init_runtime_init_rp2040_gpio_ie_disable
 .preinit_array.01000
                0x100051e4        0x4 CMakeFiles/sensor_node.dir/home/runner/workspace/pico-sdk/src/rp2_common/pico_runtime_init/runtime_init.c.o
                0x100051e4                __pre_init_runtime_init_spin_locks_reset
 .preinit_array.01100
                0x100051e8        0x4 CMakeFiles/sensor_node.dir/home/runner/workspace/pico-sdk/src/common/pico_sync/mutex.c.o
                0x100051e8                __pre_init_runtime_init_mutex
 .preinit_array.10080
                0x100051ec        0x4 CMakeFiles/sensor_node.dir/home/runner/workspace/pico-sdk/src/rp2_common/pico_runtime_init/runtime_init.c.o
                0x100051ec                __pre_init_runtime_init_install_ram_vector_table
 .preinit_array.11000
                0x100051f0        0x4 CMakeFiles/sensor_node.dir/home/runner/workspace/pico-sdk/src/common/pico_time/time.c.o
                0x100051f0                __pre_init_runtime_init_default_alarm_pool
 .preinit_array.YYYYY
                0x100051f4        0x4 CMakeFiles/sensor_node.dir/home/runner/workspace/pico-sdk/src/rp2_common/pico_runtime/runtime.c.o
                0x100051f4                __pre_init_first_per_core_initializer
 .preinit_array.ZZZZZ.01200
                0x100051f8        0x4 CMakeFiles/sensor_node.dir/home/runner/workspace/pico-sdk/src/rp2_common/hardware_irq/irq.c.o
                0x100051f8                __pre_init_runtime_init_per_core_irq_priorities
 *(.preinit_array)
                0x100051fc                        PROVIDE (__preinit_array_end = .)
                0x100051fc                        . = ALIGN (0x4)
                0x100051fc                        PROVIDE (__init_array_start = .)
 *(SORT_BY_NAME(.init_array.*))
 *(.init_array)
 .init_array    0x100051fc        0x4 /nix/store/4vfqcxpwpgf9ynv23li3wsqi8yigi25i-gcc-arm-embedded-12.3.rel1/bin/../lib/gcc/arm-none-eabi/12.3.1/thumb/v6-m/nofp/crtbegin.o
                0x10005200                        PROVIDE (__init_array_end = .)
                0x10005200                        . = ALIGN (0x4)
                [!provide]                        PROVIDE (__fini_array_start = .)
 *(SORT_BY_NAME(.fini_array.*))
 *(.fini_array)
                [!provide]                        PROVIDE (__fini_array_end = .)
 *(.eh_frame*)
 .eh_frame      0x10005200        0x0 /nix/store/4vfqcxpwpgf9ynv23li3wsqi8yigi25i-gcc-arm-embedded-12.3.rel1/bin/../lib/gcc/arm-none-eabi/12.3.1/thumb/v6-m/nofp/crtbegin.o
                0x10005200                        . = ALIGN (0x4)

.glue_7         0x10005200        0x0
 .glue_7        0x10005200        0x0 linker stubs

.glue_7t        0x10005200        0x0
 .glue_7t       0x10005200        0x0 linker stubs

.vfp11_veneer   0x10005200        0x0
 .vfp11_veneer  0x10005200        0x0 linker stubs

.v4_bx          0x10005200        0x0
 .v4_bx         0x10005200        0x0 linker stubs

.iplt           0x10005200        0x0
 .iplt          0x10005200        0x0 /nix/store/4vfqcxpwpgf9ynv23li3wsqi8yigi25i-gcc-arm-embedded-12.3.rel1/bin/../lib/gcc/arm-none-eabi/12.3.1/thumb/v6-m/nofp/crtbegin.o

.rodata         0x10005200      0x914
 *(EXCLUDE_FILE(*libm.a: *libc.a:*lib_a-mem*.o *libgcc.a:) .rodata*)
 .rodata.read_and_process_sensors.str1.4
                0x10005200      0x1b3 CMakeFiles/sensor_node.dir/main.c.o
 *fill*         0x100053b3        0x1 
 .rodata.main.str1.4
                0x100053b4      0x272 CMakeFiles/sensor_node.dir/main.c.o
 *fill*         0x10005626        0x2 
 .rodata.tsl2591_set_gain.str1.4
                0x10005628       0x19 CMakeFiles/sensor_node.dir/tsl2591.c.o
 *fill*         0x10005641        0x3 
 .rodata.tsl2591_set_integration_time.str1.4
                0x10005644       0x28 CMakeFiles/sensor_node.dir/tsl2591.c.o
 .rodata.tsl2591_init.str1.4
                0x1000566c       0x92 CMakeFiles/sensor_node.dir/tsl2591.c.o
 *fill*         0x100056fe        0x2 
 .rodata.str1.4
                0x10005700       0x16 CMakeFiles/sensor_node.dir/tsl2591.c.o
 *fill*         0x10005716        0x2 
 .rodata        0x10005718       0x10 CMakeFiles/sensor_node.dir/tsl2591.c.o
 .rodata.mcp9700_init.str1.4
                0x10005728       0x6e CMakeFiles/sensor_node.dir/mcp9700.c.o
 *fill*         0x10005796        0x2 
 .rodata.stemma_soil_init.str1.4
                0x10005798       0x5b CMakeFiles/sensor_node.dir/stemma_soil.c.o
 *fill*         0x100057f3        0x1 
 .rodata.uart_protocol_init.str1.4
                0x100057f4       0x3d CMakeFiles/sensor_node.dir/uart_protocol.c.o
 *fill*         0x10005831        0x3 
 .rodata.panic.str1.4
                0x10005834       0x10 CMakeFiles/sensor_node.dir/home/runner/workspace/pico-sdk/src/rp2_common/pico_platform_panic/panic.c.o
                                 0x12 (size before relaxing)
 .rodata.timer_hardware_alarm_claim.str1.4
                0x10005844       0x22 CMakeFiles/sensor_node.dir/home/runner/workspace/pico-sdk/src/rp2_common/hardware_timer/timer.c.o
 *fill*         0x10005866        0x2 
 .rodata.hard_assertion_failure.str1.4
                0x10005868        0xc CMakeFiles/sensor_node.dir/home/runner/workspace/pico-sdk/src/rp2_common/pico_runtime/runtime.c.o
 .rodata.str1.4
                0x10005874       0x40 CMakeFiles/sensor_node.dir/home/runner/workspace/pico-sdk/src/rp2_common/pico_standard_binary_info/standard_binary_info.c.o
 .rodata.__bi_84
                0x100058b4        0xc CMakeFiles/sensor_node.dir/home/runner/workspace/pico-sdk/src/rp2_common/pico_standard_binary_info/standard_binary_info.c.o
 .rodata.__bi_78
                0x100058c0        0xc CMakeFiles/sensor_node.dir/home/runner/workspace/pico-sdk/src/rp2_common/pico_standard_binary_info/standard_binary_info.c.o
 .rodata.__bi_54
                0x100058cc        0xc CMakeFiles/sensor_node.dir/home/runner/workspace/pico-sdk/src/rp2_common/pico_standard_binary_info/standard_binary_info.c.o
 .rodata.__bi_48
                0x100058d8        0xc CMakeFiles/sensor_node.dir/home/runner/workspace/pico-sdk/src/rp2_common/pico_standard_binary_info/standard_binary_info.c.o
 .rodata.__bi_42
                0x100058e4        0xc CMakeFiles/sensor_node.dir/home/runner/workspace/pico-sdk/src/rp2_common/pico_standard_binary_info/standard_binary_info.c.o
 .rodata.__bi_34
                0x100058f0        0xc CMakeFiles/sensor_node.dir/home/runner/workspace/pico-sdk/src/rp2_common/pico_standard_binary_info/standard_binary_info.c.o
 .rodata.__bi_26
                0x100058fc        0xc CMakeFiles/sensor_node.dir/home/runner/workspace/pico-sdk/src/rp2_common/pico_standard_binary_info/standard_binary_info.c.o
 .rodata._ftoa.str1.4
                0x10005908       0x15 CMakeFiles/sensor_node.dir/home/runner/workspace/pico-sdk/src/rp2_common/pico_printf/printf.c.o
 *fill*         0x1000591d        0x3 
 .rodata._vsnprintf
                0x10005920      0x19c CMakeFiles/sensor_node.dir/home/runner/workspace/pico-sdk/src/rp2_common/pico_printf/printf.c.o
 *fill*         0x10005abc        0x4 
 .rodata.pow10.0
                0x10005ac0       0x50 CMakeFiles/sensor_node.dir/home/runner/workspace/pico-sdk/src/rp2_common/pico_printf/printf.c.o
 .rodata.crlf_str.0
                0x10005b10        0x2 CMakeFiles/sensor_node.dir/home/runner/workspace/pico-sdk/src/rp2_common/pico_stdio/stdio.c.o
                0x10005b14                        . = ALIGN (0x4)
 *fill*         0x10005b12        0x2 
 *(SORT_BY_ALIGNMENT(SORT_BY_NAME(.flashdata*)))
                0x10005b14                        . = ALIGN (0x4)

.ARM.extab
 *(.ARM.extab* .gnu.linkonce.armextab.*)
                0x10005b14                        __exidx_start = .

.ARM.exidx
 *(.ARM.exidx* .gnu.linkonce.armexidx.*)
                0x10005b14                        __exidx_end = .
                0x10005b14                        . = ALIGN (0x4)
                0x10005b14                        __binary_info_start = .

.binary_info    0x10005b14       0x1c
 *(.binary_info.keep.*)
 .binary_info.keep.__bi_ptr84
                0x10005b14        0x4 CMakeFiles/sensor_node.dir/home/runner/workspace/pico-sdk/src/rp2_common/pico_standard_binary_info/standard_binary_info.c.o
 .binary_info.keep.__bi_ptr78
                0x10005b18        0x4 CMakeFiles/sensor_node.dir/home/runner/workspace/pico-sdk/src/rp2_common/pico_standard_binary_info/standard_binary_info.c.o
 .binary_info.keep.__bi_ptr54
                0x10005b1c        0x4 CMakeFiles/sensor_node.dir/home/runner/workspace/pico-sdk/src/rp2_common/pico_standard_binary_info/standard_binary_info.c.o
 .binary_info.keep.__bi_ptr48
                0x10005b20        0x4 CMakeFiles/sensor_node.dir/home/runner/workspace/pico-sdk/src/rp2_common/pico_standard_binary_info/standard_binary_info.c.o
 .binary_info.keep.__bi_ptr42
                0x10005b24        0x4 CMakeFiles/sensor_node.dir/home/runner/workspace/pico-sdk/src/rp2_common/pico_standard_binary_info/standard_binary_info.c.o
 .binary_info.keep.__bi_ptr34
                0x10005b28        0x4 CMakeFiles/sensor_node.dir/home/runner/workspace/pico-sdk/src/rp2_common/pico_standard_binary_info/standard_binary_info.c.o
 .binary_info.keep.__bi_ptr26
                0x10005b2c        0x4 CMakeFiles/sensor_node.dir/home/runner/workspace/pico-sdk/src/rp2_common/pico_standard_binary_info/standard_binary_info.c.o
 *(.binary_info.*)
                0x10005b30                        __binary_info_end = .

.rel.dyn        0x10005b30        0x0
 .rel.iplt      0x10005b30        0x0 /nix/store/4vfqcxpwpgf9ynv23li3wsqi8yigi25i-gcc-arm-embedded-12.3.rel1/bin/../lib/gcc/arm-none-eabi/12.3.1/thumb/v6-m/nofp/crtbegin.o
                0x10005b30                        . = ALIGN (0x4)

.ram_vector_table
                0x20000000       0xc0
 *(.ram_vector_table)
 .ram_vector_table
                0x20000000       0xc0 CMakeFiles/sensor_node.dir/home/runner/workspace/pico-sdk/src/rp2_common/pico_runtime_init/runtime_init.c.o
                0x20000000                ram_vector_table

.uninitialized_data
                0x200000c0        0x0
                0x200000c0                        . = ALIGN (0x4)
 *(.uninitialized_data*)

.data           0x200000c0      0x130 load address 0x10005b30
                0x200000c0                        __data_start__ = .
 *(vtable)
 *(.time_critical*)
 .time_critical.mutex_try_enter_block_until
                0x200000c0       0x9c CMakeFiles/sensor_node.dir/home/runner/workspace/pico-sdk/src/common/pico_sync/mutex.c.o
                0x200000c0                mutex_try_enter_block_until
 .time_critical.mutex_exit
                0x2000015c       0x28 CMakeFiles/sensor_node.dir/home/runner/workspace/pico-sdk/src/common/pico_sync/mutex.c.o
                0x2000015c                mutex_exit
 *(.text*)
 .text          0x20000184        0x4 /nix/store/4vfqcxpwpgf9ynv23li3wsqi8yigi25i-gcc-arm-embedded-12.3.rel1/bin/../lib/gcc/arm-none-eabi/12.3.1/thumb/v6-m/nofp/libgcc.a(_dvmd_tls.o)
                0x20000184                __aeabi_ldiv0
                0x20000184                __aeabi_idiv0
 .text.__stub   0x20000188       0x10 linker stubs
                0x20000198                        . = ALIGN (0x4)
 *(.rodata*)
                0x20000198                        . = ALIGN (0x4)
 *(.data*)
 .data.striped_spin_lock_num
                0x20000198        0x1 CMakeFiles/sensor_node.dir/home/runner/workspace/pico-sdk/src/rp2_common/hardware_sync/sync.c.o
 *fill*         0x20000199        0x3 
 .data.default_alarm_pool
                0x2000019c       0x18 CMakeFiles/sensor_node.dir/home/runner/workspace/pico-sdk/src/common/pico_time/time.c.o
 *fill*         0x200001b4        0xc 
 .data.aeabi_bits_funcs
                0x200001c0       0x10 CMakeFiles/sensor_node.dir/home/runner/workspace/pico-sdk/src/rp2_common/pico_bit_ops/bit_ops_aeabi.S.o
                0x200001c0                aeabi_bits_funcs
                0x200001d0                aeabi_bits_funcs_end
 .data.aeabi_mem_funcs
                0x200001d0       0x10 CMakeFiles/sensor_node.dir/home/runner/workspace/pico-sdk/src/rp2_common/pico_mem_ops/mem_ops_aeabi.S.o
                0x200001d0                aeabi_mem_funcs
                0x200001e0                aeabi_mem_funcs_end
 .data.i2c0_inst
                0x200001e0        0x8 CMakeFiles/sensor_node.dir/home/runner/workspace/pico-sdk/src/rp2_common/hardware_i2c/i2c.c.o
                0x200001e0                i2c0_inst
                0x200001e8                        . = ALIGN (0x4)
 *(.after_data.*)
                0x200001e8                        . = ALIGN (0x4)
                0x200001e8                        PROVIDE (__mutex_array_start = .)
 *(SORT_BY_NAME(.mutex_array.*))
 *(.mutex_array)
 .mutex_array   0x200001e8        0x8 CMakeFiles/sensor_node.dir/home/runner/workspace/pico-sdk/src/rp2_common/pico_stdio/stdio.c.o
                0x200001f0                        PROVIDE (__mutex_array_end = .)
                0x200001f0                        . = ALIGN (0x4)
 *(.jcr)
                0x200001f0                        . = ALIGN (0x4)

.tm_clone_table
                0x200001f0        0x0 load address 0x10005c60
 .tm_clone_table
                0x200001f0        0x0 /nix/store/4vfqcxpwpgf9ynv23li3wsqi8yigi25i-gcc-arm-embedded-12.3.rel1/bin/../lib/gcc/arm-none-eabi/12.3.1/thumb/v6-m/nofp/crtbegin.o
 .tm_clone_table
                0x200001f0        0x0 /nix/store/4vfqcxpwpgf9ynv23li3wsqi8yigi25i-gcc-arm-embedded-12.3.rel1/bin/../lib/gcc/arm-none-eabi/12.3.1/thumb/v6-m/nofp/crtend.o

.igot.plt       0x200001f0        0x0 load address 0x10005c60
 .igot.plt      0x200001f0        0x0 /nix/store/4vfqcxpwpgf9ynv23li3wsqi8yigi25i-gcc-arm-embedded-12.3.rel1/bin/../lib/gcc/arm-none-eabi/12.3.1/thumb/v6-m/nofp/crtbegin.o

.tdata          0x200001f0        0x0 load address 0x10005c60
                0x200001f0                        . = ALIGN (0x4)
 *(.tdata .tdata.* .gnu.linkonce.td.*)
                0x200001f0                        __tdata_end = .
                0x200001f0                        PROVIDE (__data_end__ = .)
                0x10005b30                        __etext = LOADADDR (.data)

.tbss           0x200001f0        0x0 load address 0x10005c60
                0x200001f0                        . = ALIGN (0x4)
                0x200001f0                        __bss_start__ = .
                0x200001f0                        __tls_base = .
 *(.tbss .tbss.* .gnu.linkonce.tb.*)
 *(.tcommon)
                0x200001f0                        __tls_end = .

.bss            0x200001f0      0x424 load address 0x10005c60
                0x200001f0                        . = ALIGN (0x4)
                0x200001f0                        __tbss_end = .
 *(SORT_BY_ALIGNMENT(SORT_BY_NAME(.bss*)))
 .bss.default_alarm_pool_entries
                0x200001f0      0x180 CMakeFiles/sensor_node.dir/home/runner/workspace/pico-sdk/src/common/pico_time/time.c.o
 .bss.next_console_update
                0x20000370        0x8 CMakeFiles/sensor_node.dir/main.c.o
 .bss.next_led_toggle
                0x20000378        0x8 CMakeFiles/sensor_node.dir/main.c.o
 .bss.next_sensor_read
                0x20000380        0x8 CMakeFiles/sensor_node.dir/main.c.o
 .bss.sd_table  0x20000388      0x100 CMakeFiles/sensor_node.dir/home/runner/workspace/pico-sdk/src/rp2_common/pico_double/double_init_rom_rp2040.c.o
                0x20000388                sd_table
 .bss.sf_table  0x20000488      0x100 CMakeFiles/sensor_node.dir/home/runner/workspace/pico-sdk/src/rp2_common/pico_float/float_init_rom_rp2040.c.o
                0x20000488                sf_table
 .bss.adc_channel
                0x20000588        0x4 CMakeFiles/sensor_node.dir/mcp9700.c.o
 .bss.claimed   0x2000058c        0x1 CMakeFiles/sensor_node.dir/home/runner/workspace/pico-sdk/src/rp2_common/hardware_timer/timer.c.o
 *fill*         0x2000058d        0x3 
 .bss.configured_freq
                0x20000590       0x28 CMakeFiles/sensor_node.dir/home/runner/workspace/pico-sdk/src/rp2_common/hardware_clocks/clocks.c.o
 .bss.drivers   0x200005b8        0x4 CMakeFiles/sensor_node.dir/home/runner/workspace/pico-sdk/src/rp2_common/pico_stdio/stdio.c.o
 .bss.filter    0x200005bc        0x4 CMakeFiles/sensor_node.dir/home/runner/workspace/pico-sdk/src/rp2_common/pico_stdio/stdio.c.o
 .bss.i2c_instance
                0x200005c0        0x4 CMakeFiles/sensor_node.dir/tsl2591.c.o
 .bss.i2c_instance
                0x200005c4        0x4 CMakeFiles/sensor_node.dir/stemma_soil.c.o
 .bss.lazy_vsnprintf
                0x200005c8        0x4 CMakeFiles/sensor_node.dir/home/runner/workspace/pico-sdk/src/rp2_common/pico_printf/printf.c.o
 .bss.object.0  0x200005cc       0x18 /nix/store/4vfqcxpwpgf9ynv23li3wsqi8yigi25i-gcc-arm-embedded-12.3.rel1/bin/../lib/gcc/arm-none-eabi/12.3.1/thumb/v6-m/nofp/crtbegin.o
 .bss.pools     0x200005e4       0x10 CMakeFiles/sensor_node.dir/home/runner/workspace/pico-sdk/src/common/pico_time/time.c.o
 .bss.prev_lux.2
                0x200005f4        0x4 CMakeFiles/sensor_node.dir/main.c.o
 .bss.prev_temp.1
                0x200005f8        0x4 CMakeFiles/sensor_node.dir/main.c.o
 .bss.sf_clz_func
                0x200005fc        0x4 CMakeFiles/sensor_node.dir/home/runner/workspace/pico-sdk/src/rp2_common/pico_double/double_init_rom_rp2040.c.o
                0x200005fc                sf_clz_func
 .bss.sleep_notifier
                0x20000600        0x4 CMakeFiles/sensor_node.dir/home/runner/workspace/pico-sdk/src/common/pico_time/time.c.o
 .bss.uart_char_to_line_feed
                0x20000604        0x4 CMakeFiles/sensor_node.dir/home/runner/workspace/pico-sdk/src/rp2_common/hardware_uart/uart.c.o
                0x20000604                uart_char_to_line_feed
 .bss.uart_instance
                0x20000608        0x4 CMakeFiles/sensor_node.dir/uart_protocol.c.o
 .bss.prev_moisture.0
                0x2000060c        0x2 CMakeFiles/sensor_node.dir/main.c.o
 .bss.current_gain
                0x2000060e        0x1 CMakeFiles/sensor_node.dir/tsl2591.c.o
 .bss.current_integration_time
                0x2000060f        0x1 CMakeFiles/sensor_node.dir/tsl2591.c.o
 .bss.led_state
                0x20000610        0x1 CMakeFiles/sensor_node.dir/main.c.o
 *(COMMON)
                0x20000614                        . = ALIGN (0x4)
 *fill*         0x20000611        0x3 
                0x20000614                        __bss_end__ = .

.heap           0x20000614      0x800 load address 0x10005c60
                0x20000614                        __end__ = .
                0x20000614                        end = __end__
 *(.heap*)
 .heap          0x20000614      0x800 CMakeFiles/sensor_node.dir/home/runner/workspace/pico-sdk/src/rp2_common/pico_crt0/crt0.S.o
                0x20040000                        __HeapLimit = (ORIGIN (RAM) + LENGTH (RAM))

.scratch_x      0x20040000        0x0 load address 0x10005c60
                0x20040000                        __scratch_x_start__ = .
 *(.scratch_x.*)
                0x20040000                        . = ALIGN (0x4)
                0x20040000                        __scratch_x_end__ = .
                0x10005c60                        __scratch_x_source__ = LOADADDR (.scratch_x)

.scratch_y      0x20041000        0x0 load address 0x10005c60
                0x20041000                        __scratch_y_start__ = .
 *(.scratch_y.*)
                0x20041000                        . = ALIGN (0x4)
                0x20041000                        __scratch_y_end__ = .
                0x10005c60                        __scratch_y_source__ = LOADADDR (.scratch_y)

.stack1_dummy
 *(.stack1*)

.stack_dummy    0x20041000      0x800
 *(.stack*)
 .stack         0x20041000      0x800 CMakeFiles/sensor_node.dir/home/runner/workspace/pico-sdk/src/rp2_common/pico_crt0/crt0.S.o

.flash_end      0x10005c60        0x0
 *(.embedded_end_block*)
                0x10005c60                        PROVIDE (__flash_binary_end = .)
                0x20040000                        __StackLimit = (ORIGIN (RAM) + LENGTH (RAM))
                0x20041000                        __StackOneTop = (ORIGIN (SCRATCH_X) + LENGTH (SCRATCH_X))
                0x20042000                        __StackTop = (ORIGIN (SCRATCH_Y) + LENGTH (SCRATCH_Y))
                0x20041000                        __StackOneBottom = (__StackOneTop - SIZEOF (.stack1_dummy))
                0x20041800                        __StackBottom = (__StackTop - SIZEOF (.stack_dummy))
                0x20042000                        PROVIDE (__stack = __StackTop)
                [!provide]                        PROVIDE (__heap_start = __end__)
                [!provide]                        PROVIDE (__heap_end = __HeapLimit)
                [!provide]                        PROVIDE (__tls_align = MAX (ALIGNOF (.tdata), ALIGNOF (.tbss)))
                [!provide]                        PROVIDE (__tls_size_align = (((__tls_size + __tls_align) - 0x1) & ~ ((__tls_align - 0x1))))
                [!provide]                        PROVIDE (__arm32_tls_tcb_offset = MAX (0x8, __tls_align))
                [!provide]                        PROVIDE (_end = __end__)
                [!provide]                        PROVIDE (__llvm_libc_heap_limit = __HeapLimit)
                0x00000001                        ASSERT ((__StackLimit >= __HeapLimit), region RAM overflowed)
                0x00000001                        ASSERT (((__binary_info_header_end - __logical_binary_start) <= 0x100), Binary info must be in first 256 bytes of the binary)
LOAD CMakeFiles/sensor_node.dir/main.c.o
LOAD CMakeFiles/sensor_node.dir/tsl2591.c.o
LOAD CMakeFiles/sensor_node.dir/mcp9700.c.o
LOAD CMakeFiles/sensor_node.dir/stemma_soil.c.o
LOAD CMakeFiles/sensor_node.dir/uart_protocol.c.o
LOAD CMakeFiles/sensor_node.dir/home/runner/workspace/pico-sdk/src/rp2_common/pico_stdlib/stdlib.c.o
LOAD CMakeFiles/sensor_node.dir/home/runner/workspace/pico-sdk/src/rp2_common/hardware_gpio/gpio.c.o
LOAD CMakeFiles/sensor_node.dir/home/runner/workspace/pico-sdk/src/rp2040/pico_platform/platform.c.o
LOAD CMakeFiles/sensor_node.dir/home/runner/workspace/pico-sdk/src/rp2_common/pico_platform_panic/panic.c.o
LOAD CMakeFiles/sensor_node.dir/home/runner/workspace/pico-sdk/src/common/hardware_claim/claim.c.o
LOAD CMakeFiles/sensor_node.dir/home/runner/workspace/pico-sdk/src/rp2_common/hardware_sync/sync.c.o
LOAD CMakeFiles/sensor_node.dir/home/runner/workspace/pico-sdk/src/rp2_common/hardware_sync_spin_lock/sync_spin_lock.c.o
LOAD CMakeFiles/sensor_node.dir/home/runner/workspace/pico-sdk/src/rp2_common/hardware_irq/irq.c.o
LOAD CMakeFiles/sensor_node.dir/home/runner/workspace/pico-sdk/src/rp2_common/hardware_irq/irq_handler_chain.S.o
LOAD CMakeFiles/sensor_node.dir/home/runner/workspace/pico-sdk/src/common/pico_sync/sem.c.o
LOAD CMakeFiles/sensor_node.dir/home/runner/workspace/pico-sdk/src/common/pico_sync/lock_core.c.o
LOAD CMakeFiles/sensor_node.dir/home/runner/workspace/pico-sdk/src/common/pico_sync/mutex.c.o
LOAD CMakeFiles/sensor_node.dir/home/runner/workspace/pico-sdk/src/common/pico_sync/critical_section.c.o
LOAD CMakeFiles/sensor_node.dir/home/runner/workspace/pico-sdk/src/common/pico_time/time.c.o
LOAD CMakeFiles/sensor_node.dir/home/runner/workspace/pico-sdk/src/common/pico_time/timeout_helper.c.o
LOAD CMakeFiles/sensor_node.dir/home/runner/workspace/pico-sdk/src/rp2_common/hardware_timer/timer.c.o
LOAD CMakeFiles/sensor_node.dir/home/runner/workspace/pico-sdk/src/common/pico_util/datetime.c.o
LOAD CMakeFiles/sensor_node.dir/home/runner/workspace/pico-sdk/src/common/pico_util/pheap.c.o
LOAD CMakeFiles/sensor_node.dir/home/runner/workspace/pico-sdk/src/common/pico_util/queue.c.o
LOAD CMakeFiles/sensor_node.dir/home/runner/workspace/pico-sdk/src/rp2_common/hardware_uart/uart.c.o
LOAD CMakeFiles/sensor_node.dir/home/runner/workspace/pico-sdk/src/rp2_common/hardware_clocks/clocks.c.o
LOAD CMakeFiles/sensor_node.dir/home/runner/workspace/pico-sdk/src/rp2_common/hardware_pll/pll.c.o
LOAD CMakeFiles/sensor_node.dir/home/runner/workspace/pico-sdk/src/rp2_common/hardware_vreg/vreg.c.o
LOAD CMakeFiles/sensor_node.dir/home/runner/workspace/pico-sdk/src/rp2_common/hardware_watchdog/watchdog.c.o
LOAD CMakeFiles/sensor_node.dir/home/runner/workspace/pico-sdk/src/rp2_common/hardware_ticks/ticks.c.o
LOAD CMakeFiles/sensor_node.dir/home/runner/workspace/pico-sdk/src/rp2_common/pico_bootrom/bootrom.c.o
LOAD CMakeFiles/sensor_node.dir/home/runner/workspace/pico-sdk/src/rp2_common/pico_bootrom/bootrom_lock.c.o
LOAD CMakeFiles/sensor_node.dir/home/runner/workspace/pico-sdk/src/rp2_common/hardware_boot_lock/boot_lock.c.o
LOAD CMakeFiles/sensor_node.dir/home/runner/workspace/pico-sdk/src/rp2_common/pico_flash/flash.c.o
LOAD CMakeFiles/sensor_node.dir/home/runner/workspace/pico-sdk/src/rp2_common/hardware_xosc/xosc.c.o
LOAD CMakeFiles/sensor_node.dir/home/runner/workspace/pico-sdk/src/rp2_common/hardware_divider/divider.S.o
LOAD CMakeFiles/sensor_node.dir/home/runner/workspace/pico-sdk/src/rp2_common/pico_runtime/runtime.c.o
LOAD CMakeFiles/sensor_node.dir/home/runner/workspace/pico-sdk/src/rp2_common/pico_runtime_init/runtime_init.c.o
LOAD CMakeFiles/sensor_node.dir/home/runner/workspace/pico-sdk/src/rp2_common/pico_runtime_init/runtime_init_clocks.c.o
LOAD CMakeFiles/sensor_node.dir/home/runner/workspace/pico-sdk/src/rp2_common/pico_runtime_init/runtime_init_stack_guard.c.o
LOAD CMakeFiles/sensor_node.dir/home/runner/workspace/pico-sdk/src/rp2_common/pico_bit_ops/bit_ops_aeabi.S.o
LOAD CMakeFiles/sensor_node.dir/home/runner/workspace/pico-sdk/src/rp2_common/pico_divider/divider_hardware.S.o
LOAD CMakeFiles/sensor_node.dir/home/runner/workspace/pico-sdk/src/rp2_common/pico_double/double_aeabi_rp2040.S.o
LOAD CMakeFiles/sensor_node.dir/home/runner/workspace/pico-sdk/src/rp2_common/pico_double/double_init_rom_rp2040.c.o
LOAD CMakeFiles/sensor_node.dir/home/runner/workspace/pico-sdk/src/rp2_common/pico_double/double_math.c.o
LOAD CMakeFiles/sensor_node.dir/home/runner/workspace/pico-sdk/src/rp2_common/pico_double/double_v1_rom_shim_rp2040.S.o
LOAD CMakeFiles/sensor_node.dir/home/runner/workspace/pico-sdk/src/rp2_common/pico_int64_ops/pico_int64_ops_aeabi.S.o
LOAD CMakeFiles/sensor_node.dir/home/runner/workspace/pico-sdk/src/rp2_common/pico_float/float_aeabi_rp2040.S.o
LOAD CMakeFiles/sensor_node.dir/home/runner/workspace/pico-sdk/src/rp2_common/pico_float/float_init_rom_rp2040.c.o
LOAD CMakeFiles/sensor_node.dir/home/runner/workspace/pico-sdk/src/rp2_common/pico_float/float_math.c.o
LOAD CMakeFiles/sensor_node.dir/home/runner/workspace/pico-sdk/src/rp2_common/pico_float/float_v1_rom_shim_rp2040.S.o
LOAD CMakeFiles/sensor_node.dir/home/runner/workspace/pico-sdk/src/rp2_common/pico_malloc/malloc.c.o
LOAD CMakeFiles/sensor_node.dir/home/runner/workspace/pico-sdk/src/rp2_common/pico_mem_ops/mem_ops_aeabi.S.o
LOAD CMakeFiles/sensor_node.dir/home/runner/workspace/pico-sdk/src/rp2_common/pico_atomic/atomic.c.o
LOAD CMakeFiles/sensor_node.dir/home/runner/workspace/pico-sdk/src/rp2_common/pico_cxx_options/new_delete.cpp.o
LOAD CMakeFiles/sensor_node.dir/home/runner/workspace/pico-sdk/src/rp2_common/pico_standard_binary_info/standard_binary_info.c.o
LOAD CMakeFiles/sensor_node.dir/home/runner/workspace/pico-sdk/src/rp2_common/pico_printf/printf.c.o
LOAD CMakeFiles/sensor_node.dir/home/runner/workspace/pico-sdk/src/rp2_common/pico_crt0/crt0.S.o
LOAD CMakeFiles/sensor_node.dir/home/runner/workspace/pico-sdk/src/rp2_common/pico_clib_interface/newlib_interface.c.o
LOAD CMakeFiles/sensor_node.dir/home/runner/workspace/pico-sdk/src/rp2_common/pico_stdio/stdio.c.o
LOAD CMakeFiles/sensor_node.dir/home/runner/workspace/pico-sdk/src/rp2_common/hardware_i2c/i2c.c.o
LOAD CMakeFiles/sensor_node.dir/home/runner/workspace/pico-sdk/src/rp2_common/hardware_adc/adc.c.o
LOAD pico-sdk/src/rp2040/boot_stage2/CMakeFiles/bs2_default_library.dir/bs2_default_padded_checksummed.S.o
LOAD /nix/store/4vfqcxpwpgf9ynv23li3wsqi8yigi25i-gcc-arm-embedded-12.3.rel1/bin/../lib/gcc/arm-none-eabi/12.3.1/../../../../arm-none-eabi/lib/thumb/v6-m/nofp/libstdc++.a
LOAD /nix/store/4vfqcxpwpgf9ynv23li3wsqi8yigi25i-gcc-arm-embedded-12.3.rel1/bin/../lib/gcc/arm-none-eabi/12.3.1/../../../../arm-none-eabi/lib/thumb/v6-m/nofp/libm.a
START GROUP
LOAD /nix/store/4vfqcxpwpgf9ynv23li3wsqi8yigi25i-gcc-arm-embedded-12.3.rel1/bin/../lib/gcc/arm-none-eabi/12.3.1/thumb/v6-m/nofp/libgcc.a
LOAD /nix/store/4vfqcxpwpgf9ynv23li3wsqi8yigi25i-gcc-arm-embedded-12.3.rel1/bin/../lib/gcc/arm-none-eabi/12.3.1/../../../../arm-none-eabi/lib/thumb/v6-m/nofp/libg.a
LOAD /nix/store/4vfqcxpwpgf9ynv23li3wsqi8yigi25i-gcc-arm-embedded-12.3.rel1/bin/../lib/gcc/arm-none-eabi/12.3.1/../../../../arm-none-eabi/lib/thumb/v6-m/nofp/libc.a
END GROUP
START GROUP
LOAD /nix/store/4vfqcxpwpgf9ynv23li3wsqi8yigi25i-gcc-arm-embedded-12.3.rel1/bin/../lib/gcc/arm-none-eabi/12.3.1/thumb/v6-m/nofp/libgcc.a
LOAD /nix/store/4vfqcxpwpgf9ynv23li3wsqi8yigi25i-gcc-arm-embedded-12.3.rel1/bin/../lib/gcc/arm-none-eabi/12.3.1/../../../../arm-none-eabi/lib/thumb/v6-m/nofp/libc.a
LOAD /nix/store/4vfqcxpwpgf9ynv23li3wsqi8yigi25i-gcc-arm-embedded-12.3.rel1/bin/../lib/gcc/arm-none-eabi/12.3.1/../../../../arm-none-eabi/lib/thumb/v6-m/nofp/libnosys.a
END GROUP
LOAD /nix/store/4vfqcxpwpgf9ynv23li3wsqi8yigi25i-gcc-arm-embedded-12.3.rel1/bin/../lib/gcc/arm-none-eabi/12.3.1/thumb/v6-m/nofp/crtend.o
LOAD /nix/store/4vfqcxpwpgf9ynv23li3wsqi8yigi25i-gcc-arm-embedded-12.3.rel1/bin/../lib/gcc/arm-none-eabi/12.3.1/thumb/v6-m/nofp/crtn.o
OUTPUT(sensor_node.elf elf32-littlearm)
LOAD linker stubs

.ARM.attributes
                0x00000000       0x28
 .ARM.attributes
                0x00000000       0x1e /nix/store/4vfqcxpwpgf9ynv23li3wsqi8yigi25i-gcc-arm-embedded-12.3.rel1/bin/../lib/gcc/arm-none-eabi/12.3.1/thumb/v6-m/nofp/crti.o
 .ARM.attributes
                0x0000001e       0x2c /nix/store/4vfqcxpwpgf9ynv23li3wsqi8yigi25i-gcc-arm-embedded-12.3.rel1/bin/../lib/gcc/arm-none-eabi/12.3.1/thumb/v6-m/nofp/crtbegin.o
 .ARM.attributes
                0x0000004a       0x2c CMakeFiles/sensor_node.dir/main.c.o
 .ARM.attributes
                0x00000076       0x2c CMakeFiles/sensor_node.dir/tsl2591.c.o
 .ARM.attributes
                0x000000a2       0x2c CMakeFiles/sensor_node.dir/mcp9700.c.o
 .ARM.attributes
                0x000000ce       0x2c CMakeFiles/sensor_node.dir/stemma_soil.c.o
 .ARM.attributes
                0x000000fa       0x2c CMakeFiles/sensor_node.dir/uart_protocol.c.o
 .ARM.attributes
                0x00000126       0x2c CMakeFiles/sensor_node.dir/home/runner/workspace/pico-sdk/src/rp2_common/hardware_gpio/gpio.c.o
 .ARM.attributes
                0x00000152       0x2c CMakeFiles/sensor_node.dir/home/runner/workspace/pico-sdk/src/rp2_common/pico_platform_panic/panic.c.o
 .ARM.attributes
                0x0000017e       0x2c CMakeFiles/sensor_node.dir/home/runner/workspace/pico-sdk/src/common/hardware_claim/claim.c.o
 .ARM.attributes
                0x000001aa       0x2c CMakeFiles/sensor_node.dir/home/runner/workspace/pico-sdk/src/rp2_common/hardware_sync/sync.c.o
 .ARM.attributes
                0x000001d6       0x2c CMakeFiles/sensor_node.dir/home/runner/workspace/pico-sdk/src/rp2_common/hardware_sync_spin_lock/sync_spin_lock.c.o
 .ARM.attributes
                0x00000202       0x2c CMakeFiles/sensor_node.dir/home/runner/workspace/pico-sdk/src/rp2_common/hardware_irq/irq.c.o
 .ARM.attributes
                0x0000022e       0x2c CMakeFiles/sensor_node.dir/home/runner/workspace/pico-sdk/src/common/pico_sync/lock_core.c.o
 .ARM.attributes
                0x0000025a       0x2c CMakeFiles/sensor_node.dir/home/runner/workspace/pico-sdk/src/common/pico_sync/mutex.c.o
 .ARM.attributes
                0x00000286       0x2c CMakeFiles/sensor_node.dir/home/runner/workspace/pico-sdk/src/common/pico_time/time.c.o
 .ARM.attributes
                0x000002b2       0x2c CMakeFiles/sensor_node.dir/home/runner/workspace/pico-sdk/src/rp2_common/hardware_timer/timer.c.o
 .ARM.attributes
                0x000002de       0x2c CMakeFiles/sensor_node.dir/home/runner/workspace/pico-sdk/src/rp2_common/hardware_uart/uart.c.o
 .ARM.attributes
                0x0000030a       0x2c CMakeFiles/sensor_node.dir/home/runner/workspace/pico-sdk/src/rp2_common/hardware_clocks/clocks.c.o
 .ARM.attributes
                0x00000336       0x2c CMakeFiles/sensor_node.dir/home/runner/workspace/pico-sdk/src/rp2_common/hardware_pll/pll.c.o
 .ARM.attributes
                0x00000362       0x2c CMakeFiles/sensor_node.dir/home/runner/workspace/pico-sdk/src/rp2_common/hardware_ticks/ticks.c.o
 .ARM.attributes
                0x0000038e       0x2c CMakeFiles/sensor_node.dir/home/runner/workspace/pico-sdk/src/rp2_common/pico_bootrom/bootrom.c.o
 .ARM.attributes
                0x000003ba       0x2c CMakeFiles/sensor_node.dir/home/runner/workspace/pico-sdk/src/rp2_common/hardware_xosc/xosc.c.o
 .ARM.attributes
                0x000003e6       0x2c CMakeFiles/sensor_node.dir/home/runner/workspace/pico-sdk/src/rp2_common/pico_runtime/runtime.c.o
 .ARM.attributes
                0x00000412       0x2c CMakeFiles/sensor_node.dir/home/runner/workspace/pico-sdk/src/rp2_common/pico_runtime_init/runtime_init.c.o
 .ARM.attributes
                0x0000043e       0x2c CMakeFiles/sensor_node.dir/home/runner/workspace/pico-sdk/src/rp2_common/pico_runtime_init/runtime_init_clocks.c.o
 .ARM.attributes
                0x0000046a       0x22 CMakeFiles/sensor_node.dir/home/runner/workspace/pico-sdk/src/rp2_common/pico_bit_ops/bit_ops_aeabi.S.o
 .ARM.attributes
                0x0000048c       0x22 CMakeFiles/sensor_node.dir/home/runner/workspace/pico-sdk/src/rp2_common/pico_divider/divider_hardware.S.o
 .ARM.attributes
                0x000004ae       0x22 CMakeFiles/sensor_node.dir/home/runner/workspace/pico-sdk/src/rp2_common/pico_double/double_aeabi_rp2040.S.o
 .ARM.attributes
                0x000004d0       0x2c CMakeFiles/sensor_node.dir/home/runner/workspace/pico-sdk/src/rp2_common/pico_double/double_init_rom_rp2040.c.o
 .ARM.attributes
                0x000004fc       0x22 CMakeFiles/sensor_node.dir/home/runner/workspace/pico-sdk/src/rp2_common/pico_double/double_v1_rom_shim_rp2040.S.o
 .ARM.attributes
                0x0000051e       0x22 CMakeFiles/sensor_node.dir/home/runner/workspace/pico-sdk/src/rp2_common/pico_int64_ops/pico_int64_ops_aeabi.S.o
 .ARM.attributes
                0x00000540       0x22 CMakeFiles/sensor_node.dir/home/runner/workspace/pico-sdk/src/rp2_common/pico_float/float_aeabi_rp2040.S.o
 .ARM.attributes
                0x00000562       0x2c CMakeFiles/sensor_node.dir/home/runner/workspace/pico-sdk/src/rp2_common/pico_float/float_init_rom_rp2040.c.o
 .ARM.attributes
                0x0000058e       0x22 CMakeFiles/sensor_node.dir/home/runner/workspace/pico-sdk/src/rp2_common/pico_float/float_v1_rom_shim_rp2040.S.o
 .ARM.attributes
                0x000005b0       0x22 CMakeFiles/sensor_node.dir/home/runner/workspace/pico-sdk/src/rp2_common/pico_mem_ops/mem_ops_aeabi.S.o
 .ARM.attributes
                0x000005d2       0x2c CMakeFiles/sensor_node.dir/home/runner/workspace/pico-sdk/src/rp2_common/pico_standard_binary_info/standard_binary_info.c.o
 .ARM.attributes
                0x000005fe       0x2c CMakeFiles/sensor_node.dir/home/runner/workspace/pico-sdk/src/rp2_common/pico_printf/printf.c.o
 .ARM.attributes
                0x0000062a       0x22 CMakeFiles/sensor_node.dir/home/runner/workspace/pico-sdk/src/rp2_common/pico_crt0/crt0.S.o
 .ARM.attributes
                0x0000064c       0x2c CMakeFiles/sensor_node.dir/home/runner/workspace/pico-sdk/src/rp2_common/pico_clib_interface/newlib_interface.c.o
 .ARM.attributes
                0x00000678       0x2c CMakeFiles/sensor_node.dir/home/runner/workspace/pico-sdk/src/rp2_common/pico_stdio/stdio.c.o
 .ARM.attributes
                0x000006a4       0x2c CMakeFiles/sensor_node.dir/home/runner/workspace/pico-sdk/src/rp2_common/hardware_i2c/i2c.c.o
 .ARM.attributes
                0x000006d0       0x2c CMakeFiles/sensor_node.dir/home/runner/workspace/pico-sdk/src/rp2_common/hardware_adc/adc.c.o
 .ARM.attributes
                0x000006fc       0x22 pico-sdk/src/rp2040/boot_stage2/CMakeFiles/bs2_default_library.dir/bs2_default_padded_checksummed.S.o
 .ARM.attributes
                0x0000071e       0x1e /nix/store/4vfqcxpwpgf9ynv23li3wsqi8yigi25i-gcc-arm-embedded-12.3.rel1/bin/../lib/gcc/arm-none-eabi/12.3.1/thumb/v6-m/nofp/libgcc.a(_dvmd_tls.o)
 .ARM.attributes
                0x0000073c       0x2c /nix/store/4vfqcxpwpgf9ynv23li3wsqi8yigi25i-gcc-arm-embedded-12.3.rel1/bin/../lib/gcc/arm-none-eabi/12.3.1/../../../../arm-none-eabi/lib/thumb/v6-m/nofp/libg.a(libc_a-strlen-stub.o)
 .ARM.attributes
                0x00000768       0x2c /nix/store/4vfqcxpwpgf9ynv23li3wsqi8yigi25i-gcc-arm-embedded-12.3.rel1/bin/../lib/gcc/arm-none-eabi/12.3.1/thumb/v6-m/nofp/crtend.o

.comment        0x00000000       0x45
 .comment       0x00000000       0x45 CMakeFiles/sensor_node.dir/main.c.o
                                 0x46 (size before relaxing)
 .comment       0x00000045       0x46 CMakeFiles/sensor_node.dir/tsl2591.c.o
 .comment       0x00000045       0x46 CMakeFiles/sensor_node.dir/mcp9700.c.o
 .comment       0x00000045       0x46 CMakeFiles/sensor_node.dir/stemma_soil.c.o
 .comment       0x00000045       0x46 CMakeFiles/sensor_node.dir/uart_protocol.c.o
 .comment       0x00000045       0x46 CMakeFiles/sensor_node.dir/home/runner/workspace/pico-sdk/src/rp2_common/hardware_gpio/gpio.c.o
 .comment       0x00000045       0x46 CMakeFiles/sensor_node.dir/home/runner/workspace/pico-sdk/src/rp2_common/pico_platform_panic/panic.c.o
 .comment       0x00000045       0x46 CMakeFiles/sensor_node.dir/home/runner/workspace/pico-sdk/src/common/hardware_claim/claim.c.o
 .comment       0x00000045       0x46 CMakeFiles/sensor_node.dir/home/runner/workspace/pico-sdk/src/rp2_common/hardware_sync/sync.c.o
 .comment       0x00000045       0x46 CMakeFiles/sensor_node.dir/home/runner/workspace/pico-sdk/src/rp2_common/hardware_sync_spin_lock/sync_spin_lock.c.o
 .comment       0x00000045       0x46 CMakeFiles/sensor_node.dir/home/runner/workspace/pico-sdk/src/rp2_common/hardware_irq/irq.c.o
 .comment       0x00000045       0x46 CMakeFiles/sensor_node.dir/home/runner/workspace/pico-sdk/src/common/pico_sync/lock_core.c.o
 .comment       0x00000045       0x46 CMakeFiles/sensor_node.dir/home/runner/workspace/pico-sdk/src/common/pico_sync/mutex.c.o
 .comment       0x00000045       0x46 CMakeFiles/sensor_node.dir/home/runner/workspace/pico-sdk/src/common/pico_time/time.c.o
 .comment       0x00000045       0x46 CMakeFiles/sensor_node.dir/home/runner/workspace/pico-sdk/src/rp2_common/hardware_timer/timer.c.o
 .comment       0x00000045       0x46 CMakeFiles/sensor_node.dir/home/runner/workspace/pico-sdk/src/rp2_common/hardware_uart/uart.c.o
 .comment       0x00000045       0x46 CMakeFiles/sensor_node.dir/home/runner/workspace/pico-sdk/src/rp2_common/hardware_clocks/clocks.c.o
 .comment       0x00000045       0x46 CMakeFiles/sensor_node.dir/home/runner/workspace/pico-sdk/src/rp2_common/hardware_pll/pll.c.o
 .comment       0x00000045       0x46 CMakeFiles/sensor_node.dir/home/runner/workspace/pico-sdk/src/rp2_common/hardware_ticks/ticks.c.o
 .comment       0x00000045       0x46 CMakeFiles/sensor_node.dir/home/runner/workspace/pico-sdk/src/rp2_common/pico_bootrom/bootrom.c.o
 .comment       0x00000045       0x46 CMakeFiles/sensor_node.dir/home/runner/workspace/pico-sdk/src/rp2_common/hardware_xosc/xosc.c.o
 .comment       0x00000045       0x46 CMakeFiles/sensor_node.dir/home/runner/workspace/pico-sdk/src/rp2_common/pico_runtime/runtime.c.o
 .comment       0x00000045       0x46 CMakeFiles/sensor_node.dir/home/runner/workspace/pico-sdk/src/rp2_common/pico_runtime_init/runtime_init.c.o
 .comment       0x00000045       0x46 CMakeFiles/sensor_node.dir/home/runner/workspace/pico-sdk/src/rp2_common/pico_runtime_init/runtime_init_clocks.c.o
 .comment       0x00000045       0x46 CMakeFiles/sensor_node.dir/home/runner/workspace/pico-sdk/src/rp2_common/pico_double/double_init_rom_rp2040.c.o
 .comment       0x00000045       0x46 CMakeFiles/sensor_node.dir/home/runner/workspace/pico-sdk/src/rp2_common/pico_float/float_init_rom_rp2040.c.o
 .comment       0x00000045       0x46 CMakeFiles/sensor_node.dir/home/runner/workspace/pico-sdk/src/rp2_common/pico_standard_binary_info/standard_binary_info.c.o
 .comment       0x00000045       0x46 CMakeFiles/sensor_node.dir/home/runner/workspace/pico-sdk/src/rp2_common/pico_printf/printf.c.o
 .comment       0x00000045       0x46 CMakeFiles/sensor_node.dir/home/runner/workspace/pico-sdk/src/rp2_common/pico_clib_interface/newlib_interface.c.o
 .comment       0x00000045       0x46 CMakeFiles/sensor_node.dir/home/runner/workspace/pico-sdk/src/rp2_common/pico_stdio/stdio.c.o
 .comment       0x00000045       0x46 CMakeFiles/sensor_node.dir/home/runner/workspace/pico-sdk/src/rp2_common/hardware_i2c/i2c.c.o
 .comment       0x00000045       0x46 CMakeFiles/sensor_node.dir/home/runner/workspace/pico-sdk/src/rp2_common/hardware_adc/adc.c.o

.debug_info     0x00000000    0x22e12
 .debug_info    0x00000000     0x1d03 CMakeFiles/sensor_node.dir/main.c.o
 .debug_info    0x00001d03     0x19d6 CMakeFiles/sensor_node.dir/tsl2591.c.o
 .debug_info    0x000036d9      0x78c CMakeFiles/sensor_node.dir/mcp9700.c.o
 .debug_info    0x00003e65      0x958 CMakeFiles/sensor_node.dir/stemma_soil.c.o
 .debug_info    0x000047bd     0x1dde CMakeFiles/sensor_node.dir/uart_protocol.c.o
 .debug_info    0x0000659b     0x2425 CMakeFiles/sensor_node.dir/home/runner/workspace/pico-sdk/src/rp2_common/hardware_gpio/gpio.c.o
 .debug_info    0x000089c0      0x1bf CMakeFiles/sensor_node.dir/home/runner/workspace/pico-sdk/src/rp2_common/pico_platform_panic/panic.c.o
 .debug_info    0x00008b7f      0x997 CMakeFiles/sensor_node.dir/home/runner/workspace/pico-sdk/src/common/hardware_claim/claim.c.o
 .debug_info    0x00009516      0x439 CMakeFiles/sensor_node.dir/home/runner/workspace/pico-sdk/src/rp2_common/hardware_sync/sync.c.o
 .debug_info    0x0000994f      0x245 CMakeFiles/sensor_node.dir/home/runner/workspace/pico-sdk/src/rp2_common/hardware_sync_spin_lock/sync_spin_lock.c.o
 .debug_info    0x00009b94     0x21ef CMakeFiles/sensor_node.dir/home/runner/workspace/pico-sdk/src/rp2_common/hardware_irq/irq.c.o
 .debug_info    0x0000bd83      0x15f CMakeFiles/sensor_node.dir/home/runner/workspace/pico-sdk/src/common/pico_sync/lock_core.c.o
 .debug_info    0x0000bee2     0x2809 CMakeFiles/sensor_node.dir/home/runner/workspace/pico-sdk/src/common/pico_sync/mutex.c.o
 .debug_info    0x0000e6eb     0x4856 CMakeFiles/sensor_node.dir/home/runner/workspace/pico-sdk/src/common/pico_time/time.c.o
 .debug_info    0x00012f41     0x2ad5 CMakeFiles/sensor_node.dir/home/runner/workspace/pico-sdk/src/rp2_common/hardware_timer/timer.c.o
 .debug_info    0x00015a16     0x195f CMakeFiles/sensor_node.dir/home/runner/workspace/pico-sdk/src/rp2_common/hardware_uart/uart.c.o
 .debug_info    0x00017375     0x2929 CMakeFiles/sensor_node.dir/home/runner/workspace/pico-sdk/src/rp2_common/hardware_clocks/clocks.c.o
 .debug_info    0x00019c9e      0x4e5 CMakeFiles/sensor_node.dir/home/runner/workspace/pico-sdk/src/rp2_common/hardware_pll/pll.c.o
 .debug_info    0x0001a183      0x248 CMakeFiles/sensor_node.dir/home/runner/workspace/pico-sdk/src/rp2_common/hardware_ticks/ticks.c.o
 .debug_info    0x0001a3cb      0x66c CMakeFiles/sensor_node.dir/home/runner/workspace/pico-sdk/src/rp2_common/pico_bootrom/bootrom.c.o
 .debug_info    0x0001aa37      0x1d0 CMakeFiles/sensor_node.dir/home/runner/workspace/pico-sdk/src/rp2_common/hardware_xosc/xosc.c.o
 .debug_info    0x0001ac07      0x21a CMakeFiles/sensor_node.dir/home/runner/workspace/pico-sdk/src/rp2_common/pico_runtime/runtime.c.o
 .debug_info    0x0001ae21      0x795 CMakeFiles/sensor_node.dir/home/runner/workspace/pico-sdk/src/rp2_common/pico_runtime_init/runtime_init.c.o
 .debug_info    0x0001b5b6      0x780 CMakeFiles/sensor_node.dir/home/runner/workspace/pico-sdk/src/rp2_common/pico_runtime_init/runtime_init_clocks.c.o
 .debug_info    0x0001bd36       0x23 CMakeFiles/sensor_node.dir/home/runner/workspace/pico-sdk/src/rp2_common/pico_bit_ops/bit_ops_aeabi.S.o
 .debug_info    0x0001bd59       0x23 CMakeFiles/sensor_node.dir/home/runner/workspace/pico-sdk/src/rp2_common/pico_divider/divider_hardware.S.o
 .debug_info    0x0001bd7c       0x23 CMakeFiles/sensor_node.dir/home/runner/workspace/pico-sdk/src/rp2_common/pico_double/double_aeabi_rp2040.S.o
 .debug_info    0x0001bd9f      0x28a CMakeFiles/sensor_node.dir/home/runner/workspace/pico-sdk/src/rp2_common/pico_double/double_init_rom_rp2040.c.o
 .debug_info    0x0001c029       0x23 CMakeFiles/sensor_node.dir/home/runner/workspace/pico-sdk/src/rp2_common/pico_double/double_v1_rom_shim_rp2040.S.o
 .debug_info    0x0001c04c       0x24 CMakeFiles/sensor_node.dir/home/runner/workspace/pico-sdk/src/rp2_common/pico_int64_ops/pico_int64_ops_aeabi.S.o
 .debug_info    0x0001c070       0x23 CMakeFiles/sensor_node.dir/home/runner/workspace/pico-sdk/src/rp2_common/pico_float/float_aeabi_rp2040.S.o
 .debug_info    0x0001c093      0x28a CMakeFiles/sensor_node.dir/home/runner/workspace/pico-sdk/src/rp2_common/pico_float/float_init_rom_rp2040.c.o
 .debug_info    0x0001c31d       0x23 CMakeFiles/sensor_node.dir/home/runner/workspace/pico-sdk/src/rp2_common/pico_float/float_v1_rom_shim_rp2040.S.o
 .debug_info    0x0001c340       0x23 CMakeFiles/sensor_node.dir/home/runner/workspace/pico-sdk/src/rp2_common/pico_mem_ops/mem_ops_aeabi.S.o
 .debug_info    0x0001c363      0x2b8 CMakeFiles/sensor_node.dir/home/runner/workspace/pico-sdk/src/rp2_common/pico_standard_binary_info/standard_binary_info.c.o
 .debug_info    0x0001c61b     0x20c9 CMakeFiles/sensor_node.dir/home/runner/workspace/pico-sdk/src/rp2_common/pico_printf/printf.c.o
 .debug_info    0x0001e6e4       0x23 CMakeFiles/sensor_node.dir/home/runner/workspace/pico-sdk/src/rp2_common/pico_crt0/crt0.S.o
 .debug_info    0x0001e707      0xb36 CMakeFiles/sensor_node.dir/home/runner/workspace/pico-sdk/src/rp2_common/pico_clib_interface/newlib_interface.c.o
 .debug_info    0x0001f23d     0x1b85 CMakeFiles/sensor_node.dir/home/runner/workspace/pico-sdk/src/rp2_common/pico_stdio/stdio.c.o
 .debug_info    0x00020dc2     0x1c54 CMakeFiles/sensor_node.dir/home/runner/workspace/pico-sdk/src/rp2_common/hardware_i2c/i2c.c.o
 .debug_info    0x00022a16      0x3fc CMakeFiles/sensor_node.dir/home/runner/workspace/pico-sdk/src/rp2_common/hardware_adc/adc.c.o

.debug_abbrev   0x00000000     0x616b
 .debug_abbrev  0x00000000      0x455 CMakeFiles/sensor_node.dir/main.c.o
 .debug_abbrev  0x00000455      0x358 CMakeFiles/sensor_node.dir/tsl2591.c.o
 .debug_abbrev  0x000007ad      0x275 CMakeFiles/sensor_node.dir/mcp9700.c.o
 .debug_abbrev  0x00000a22      0x25b CMakeFiles/sensor_node.dir/stemma_soil.c.o
 .debug_abbrev  0x00000c7d      0x402 CMakeFiles/sensor_node.dir/uart_protocol.c.o
 .debug_abbrev  0x0000107f      0x4f6 CMakeFiles/sensor_node.dir/home/runner/workspace/pico-sdk/src/rp2_common/hardware_gpio/gpio.c.o
 .debug_abbrev  0x00001575      0x12b CMakeFiles/sensor_node.dir/home/runner/workspace/pico-sdk/src/rp2_common/pico_platform_panic/panic.c.o
 .debug_abbrev  0x000016a0      0x326 CMakeFiles/sensor_node.dir/home/runner/workspace/pico-sdk/src/common/hardware_claim/claim.c.o
 .debug_abbrev  0x000019c6      0x20d CMakeFiles/sensor_node.dir/home/runner/workspace/pico-sdk/src/rp2_common/hardware_sync/sync.c.o
 .debug_abbrev  0x00001bd3      0x1bb CMakeFiles/sensor_node.dir/home/runner/workspace/pico-sdk/src/rp2_common/hardware_sync_spin_lock/sync_spin_lock.c.o
 .debug_abbrev  0x00001d8e      0x600 CMakeFiles/sensor_node.dir/home/runner/workspace/pico-sdk/src/rp2_common/hardware_irq/irq.c.o
 .debug_abbrev  0x0000238e       0xee CMakeFiles/sensor_node.dir/home/runner/workspace/pico-sdk/src/common/pico_sync/lock_core.c.o
 .debug_abbrev  0x0000247c      0x489 CMakeFiles/sensor_node.dir/home/runner/workspace/pico-sdk/src/common/pico_sync/mutex.c.o
 .debug_abbrev  0x00002905      0x689 CMakeFiles/sensor_node.dir/home/runner/workspace/pico-sdk/src/common/pico_time/time.c.o
 .debug_abbrev  0x00002f8e      0x4f2 CMakeFiles/sensor_node.dir/home/runner/workspace/pico-sdk/src/rp2_common/hardware_timer/timer.c.o
 .debug_abbrev  0x00003480      0x365 CMakeFiles/sensor_node.dir/home/runner/workspace/pico-sdk/src/rp2_common/hardware_uart/uart.c.o
 .debug_abbrev  0x000037e5      0x4d0 CMakeFiles/sensor_node.dir/home/runner/workspace/pico-sdk/src/rp2_common/hardware_clocks/clocks.c.o
 .debug_abbrev  0x00003cb5      0x1d2 CMakeFiles/sensor_node.dir/home/runner/workspace/pico-sdk/src/rp2_common/hardware_pll/pll.c.o
 .debug_abbrev  0x00003e87      0x145 CMakeFiles/sensor_node.dir/home/runner/workspace/pico-sdk/src/rp2_common/hardware_ticks/ticks.c.o
 .debug_abbrev  0x00003fcc      0x1bc CMakeFiles/sensor_node.dir/home/runner/workspace/pico-sdk/src/rp2_common/pico_bootrom/bootrom.c.o
 .debug_abbrev  0x00004188      0x11d CMakeFiles/sensor_node.dir/home/runner/workspace/pico-sdk/src/rp2_common/hardware_xosc/xosc.c.o
 .debug_abbrev  0x000042a5      0x182 CMakeFiles/sensor_node.dir/home/runner/workspace/pico-sdk/src/rp2_common/pico_runtime/runtime.c.o
 .debug_abbrev  0x00004427      0x222 CMakeFiles/sensor_node.dir/home/runner/workspace/pico-sdk/src/rp2_common/pico_runtime_init/runtime_init.c.o
 .debug_abbrev  0x00004649      0x294 CMakeFiles/sensor_node.dir/home/runner/workspace/pico-sdk/src/rp2_common/pico_runtime_init/runtime_init_clocks.c.o
 .debug_abbrev  0x000048dd       0x12 CMakeFiles/sensor_node.dir/home/runner/workspace/pico-sdk/src/rp2_common/pico_bit_ops/bit_ops_aeabi.S.o
 .debug_abbrev  0x000048ef       0x12 CMakeFiles/sensor_node.dir/home/runner/workspace/pico-sdk/src/rp2_common/pico_divider/divider_hardware.S.o
 .debug_abbrev  0x00004901       0x12 CMakeFiles/sensor_node.dir/home/runner/workspace/pico-sdk/src/rp2_common/pico_double/double_aeabi_rp2040.S.o
 .debug_abbrev  0x00004913      0x17a CMakeFiles/sensor_node.dir/home/runner/workspace/pico-sdk/src/rp2_common/pico_double/double_init_rom_rp2040.c.o
 .debug_abbrev  0x00004a8d       0x12 CMakeFiles/sensor_node.dir/home/runner/workspace/pico-sdk/src/rp2_common/pico_double/double_v1_rom_shim_rp2040.S.o
 .debug_abbrev  0x00004a9f       0x14 CMakeFiles/sensor_node.dir/home/runner/workspace/pico-sdk/src/rp2_common/pico_int64_ops/pico_int64_ops_aeabi.S.o
 .debug_abbrev  0x00004ab3       0x12 CMakeFiles/sensor_node.dir/home/runner/workspace/pico-sdk/src/rp2_common/pico_float/float_aeabi_rp2040.S.o
 .debug_abbrev  0x00004ac5      0x173 CMakeFiles/sensor_node.dir/home/runner/workspace/pico-sdk/src/rp2_common/pico_float/float_init_rom_rp2040.c.o
 .debug_abbrev  0x00004c38       0x12 CMakeFiles/sensor_node.dir/home/runner/workspace/pico-sdk/src/rp2_common/pico_float/float_v1_rom_shim_rp2040.S.o
 .debug_abbrev  0x00004c4a       0x12 CMakeFiles/sensor_node.dir/home/runner/workspace/pico-sdk/src/rp2_common/pico_mem_ops/mem_ops_aeabi.S.o
 .debug_abbrev  0x00004c5c       0xb8 CMakeFiles/sensor_node.dir/home/runner/workspace/pico-sdk/src/rp2_common/pico_standard_binary_info/standard_binary_info.c.o
 .debug_abbrev  0x00004d14      0x52b CMakeFiles/sensor_node.dir/home/runner/workspace/pico-sdk/src/rp2_common/pico_printf/printf.c.o
 .debug_abbrev  0x0000523f       0x12 CMakeFiles/sensor_node.dir/home/runner/workspace/pico-sdk/src/rp2_common/pico_crt0/crt0.S.o
 .debug_abbrev  0x00005251      0x352 CMakeFiles/sensor_node.dir/home/runner/workspace/pico-sdk/src/rp2_common/pico_clib_interface/newlib_interface.c.o
 .debug_abbrev  0x000055a3      0x5fd CMakeFiles/sensor_node.dir/home/runner/workspace/pico-sdk/src/rp2_common/pico_stdio/stdio.c.o
 .debug_abbrev  0x00005ba0      0x489 CMakeFiles/sensor_node.dir/home/runner/workspace/pico-sdk/src/rp2_common/hardware_i2c/i2c.c.o
 .debug_abbrev  0x00006029      0x142 CMakeFiles/sensor_node.dir/home/runner/workspace/pico-sdk/src/rp2_common/hardware_adc/adc.c.o

.debug_loclists
                0x00000000    0x122a7
 .debug_loclists
                0x00000000      0x7a4 CMakeFiles/sensor_node.dir/main.c.o
 .debug_loclists
                0x000007a4      0x7f0 CMakeFiles/sensor_node.dir/tsl2591.c.o
 .debug_loclists
                0x00000f94      0x171 CMakeFiles/sensor_node.dir/mcp9700.c.o
 .debug_loclists
                0x00001105      0x1bf CMakeFiles/sensor_node.dir/stemma_soil.c.o
 .debug_loclists
                0x000012c4     0x119d CMakeFiles/sensor_node.dir/uart_protocol.c.o
 .debug_loclists
                0x00002461     0x1845 CMakeFiles/sensor_node.dir/home/runner/workspace/pico-sdk/src/rp2_common/hardware_gpio/gpio.c.o
 .debug_loclists
                0x00003ca6      0x30a CMakeFiles/sensor_node.dir/home/runner/workspace/pico-sdk/src/common/hardware_claim/claim.c.o
 .debug_loclists
                0x00003fb0       0xd2 CMakeFiles/sensor_node.dir/home/runner/workspace/pico-sdk/src/rp2_common/hardware_sync/sync.c.o
 .debug_loclists
                0x00004082       0x77 CMakeFiles/sensor_node.dir/home/runner/workspace/pico-sdk/src/rp2_common/hardware_sync_spin_lock/sync_spin_lock.c.o
 .debug_loclists
                0x000040f9     0x10bc CMakeFiles/sensor_node.dir/home/runner/workspace/pico-sdk/src/rp2_common/hardware_irq/irq.c.o
 .debug_loclists
                0x000051b5       0x3b CMakeFiles/sensor_node.dir/home/runner/workspace/pico-sdk/src/common/pico_sync/lock_core.c.o
 .debug_loclists
                0x000051f0      0xa98 CMakeFiles/sensor_node.dir/home/runner/workspace/pico-sdk/src/common/pico_sync/mutex.c.o
 .debug_loclists
                0x00005c88     0x22c4 CMakeFiles/sensor_node.dir/home/runner/workspace/pico-sdk/src/common/pico_time/time.c.o
 .debug_loclists
                0x00007f4c     0x18b4 CMakeFiles/sensor_node.dir/home/runner/workspace/pico-sdk/src/rp2_common/hardware_timer/timer.c.o
 .debug_loclists
                0x00009800      0xbeb CMakeFiles/sensor_node.dir/home/runner/workspace/pico-sdk/src/rp2_common/hardware_uart/uart.c.o
 .debug_loclists
                0x0000a3eb     0x254a CMakeFiles/sensor_node.dir/home/runner/workspace/pico-sdk/src/rp2_common/hardware_clocks/clocks.c.o
 .debug_loclists
                0x0000c935      0x1a8 CMakeFiles/sensor_node.dir/home/runner/workspace/pico-sdk/src/rp2_common/hardware_pll/pll.c.o
 .debug_loclists
                0x0000cadd       0x41 CMakeFiles/sensor_node.dir/home/runner/workspace/pico-sdk/src/rp2_common/hardware_ticks/ticks.c.o
 .debug_loclists
                0x0000cb1e      0x36f CMakeFiles/sensor_node.dir/home/runner/workspace/pico-sdk/src/rp2_common/pico_bootrom/bootrom.c.o
 .debug_loclists
                0x0000ce8d       0x48 CMakeFiles/sensor_node.dir/home/runner/workspace/pico-sdk/src/rp2_common/hardware_xosc/xosc.c.o
 .debug_loclists
                0x0000ced5       0x7e CMakeFiles/sensor_node.dir/home/runner/workspace/pico-sdk/src/rp2_common/pico_runtime/runtime.c.o
 .debug_loclists
                0x0000cf53       0xba CMakeFiles/sensor_node.dir/home/runner/workspace/pico-sdk/src/rp2_common/pico_runtime_init/runtime_init.c.o
 .debug_loclists
                0x0000d00d       0x74 CMakeFiles/sensor_node.dir/home/runner/workspace/pico-sdk/src/rp2_common/pico_runtime_init/runtime_init_clocks.c.o
 .debug_loclists
                0x0000d081       0x3d CMakeFiles/sensor_node.dir/home/runner/workspace/pico-sdk/src/rp2_common/pico_double/double_init_rom_rp2040.c.o
 .debug_loclists
                0x0000d0be       0x59 CMakeFiles/sensor_node.dir/home/runner/workspace/pico-sdk/src/rp2_common/pico_float/float_init_rom_rp2040.c.o